Archive member included to satisfy reference by file (symbol)

C:/SEGGER/arm_segger_embedded_studio_v414_win_x64_nordic/lib/libc_v7em_fpv4_sp_d16_hard_t_le_eabi.a(libc2.o)
                              Output/lpcomp_pca10056 Release/Obj/nrf_log_str_formatter.o (isprint)
C:/SEGGER/arm_segger_embedded_studio_v414_win_x64_nordic/lib/libc_v7em_fpv4_sp_d16_hard_t_le_eabi.a(libc2_asm.o)
                              Output/lpcomp_pca10056 Release/Obj/nrf_log_frontend.o (memcpy)
C:/SEGGER/arm_segger_embedded_studio_v414_win_x64_nordic/lib/libc_v7em_fpv4_sp_d16_hard_t_le_eabi.a(libc.o)
                              C:/SEGGER/arm_segger_embedded_studio_v414_win_x64_nordic/lib/libc_v7em_fpv4_sp_d16_hard_t_le_eabi.a(libc2.o) (__heap_lock)
C:/SEGGER/arm_segger_embedded_studio_v414_win_x64_nordic/lib/libc_v7em_fpv4_sp_d16_hard_t_le_eabi.a(libc_asm.o)
                              C:/SEGGER/arm_segger_embedded_studio_v414_win_x64_nordic/lib/libc_v7em_fpv4_sp_d16_hard_t_le_eabi.a(libc2.o) (__aeabi_uldivmod)
C:/SEGGER/arm_segger_embedded_studio_v414_win_x64_nordic/lib/libdebugio_v7em_fpv4_sp_d16_hard_t_le_eabi.a(libdebugio.o)
                              Output/lpcomp_pca10056 Release/Obj/thumb_crt0.o (debug_fopen)
C:/SEGGER/arm_segger_embedded_studio_v414_win_x64_nordic/lib/libdebugio_mempoll_v7em_fpv4_sp_d16_hard_t_le_eabi.a(mempoll_debug_operations.o)
                              C:/SEGGER/arm_segger_embedded_studio_v414_win_x64_nordic/lib/libdebugio_v7em_fpv4_sp_d16_hard_t_le_eabi.a(libdebugio.o) (__do_debug_operation)
C:/SEGGER/arm_segger_embedded_studio_v414_win_x64_nordic/lib/libdebugio_mempoll_v7em_fpv4_sp_d16_hard_t_le_eabi.a(do_nv_debug_operation.o)
                              C:/SEGGER/arm_segger_embedded_studio_v414_win_x64_nordic/lib/libdebugio_v7em_fpv4_sp_d16_hard_t_le_eabi.a(libdebugio.o) (__do_nvdebug_operation)
C:/SEGGER/arm_segger_embedded_studio_v414_win_x64_nordic/lib/libm_v7em_fpv4_sp_d16_hard_t_le_eabi.a(libm_asm.o)
                              C:/SEGGER/arm_segger_embedded_studio_v414_win_x64_nordic/lib/libc_v7em_fpv4_sp_d16_hard_t_le_eabi.a(libc2.o) (__aeabi_i2d)
C:/SEGGER/arm_segger_embedded_studio_v414_win_x64_nordic/lib/libm_v7em_fpv4_sp_d16_hard_t_le_eabi.a(libm2.o)
                              C:/SEGGER/arm_segger_embedded_studio_v414_win_x64_nordic/lib/libvfprintf_v7em_fpv4_sp_d16_hard_t_le_eabi.o (frexp)
C:/SEGGER/arm_segger_embedded_studio_v414_win_x64_nordic/lib/libm_v7em_fpv4_sp_d16_hard_t_le_eabi.a(libm2_asm.o)
                              C:/SEGGER/arm_segger_embedded_studio_v414_win_x64_nordic/lib/libm_v7em_fpv4_sp_d16_hard_t_le_eabi.a(libm2.o) (fabs)

Discarded input sections

 .text          0x0000000000000000        0x0 Output/lpcomp_pca10056 Release/Obj/thumb_crt0.o
 .data          0x0000000000000000        0x0 Output/lpcomp_pca10056 Release/Obj/thumb_crt0.o
 .bss           0x0000000000000000        0x0 Output/lpcomp_pca10056 Release/Obj/thumb_crt0.o
 .text.__aeabi_read_tp
                0x0000000000000000        0x8 Output/lpcomp_pca10056 Release/Obj/thumb_crt0.o
 .text.abort    0x0000000000000000        0x2 Output/lpcomp_pca10056 Release/Obj/thumb_crt0.o
 .text.__assert
                0x0000000000000000        0x2 Output/lpcomp_pca10056 Release/Obj/thumb_crt0.o
 .text.__aeabi_assert
                0x0000000000000000        0x2 Output/lpcomp_pca10056 Release/Obj/thumb_crt0.o
 .text.__sync_synchronize
                0x0000000000000000        0x2 Output/lpcomp_pca10056 Release/Obj/thumb_crt0.o
 .text.__getchar
                0x0000000000000000        0x4 Output/lpcomp_pca10056 Release/Obj/thumb_crt0.o
 .text.__putchar
                0x0000000000000000        0x4 Output/lpcomp_pca10056 Release/Obj/thumb_crt0.o
 .text.__open   0x0000000000000000        0x4 Output/lpcomp_pca10056 Release/Obj/thumb_crt0.o
 .text.__close  0x0000000000000000        0x4 Output/lpcomp_pca10056 Release/Obj/thumb_crt0.o
 .text.__write  0x0000000000000000        0xa Output/lpcomp_pca10056 Release/Obj/thumb_crt0.o
 .text.__read   0x0000000000000000        0xa Output/lpcomp_pca10056 Release/Obj/thumb_crt0.o
 .text.__seek   0x0000000000000000       0x1a Output/lpcomp_pca10056 Release/Obj/thumb_crt0.o
 .bss.__user_locale_name_buffer
                0x0000000000000000        0x4 Output/lpcomp_pca10056 Release/Obj/thumb_crt0.o
 .stack         0x0000000000000000        0x0 Output/lpcomp_pca10056 Release/Obj/thumb_crt0.o
 .stack_process
                0x0000000000000000        0x0 Output/lpcomp_pca10056 Release/Obj/thumb_crt0.o
 .heap          0x0000000000000000        0x0 Output/lpcomp_pca10056 Release/Obj/thumb_crt0.o
 .group         0x0000000000000000        0xc Output/lpcomp_pca10056 Release/Obj/nrf_log_backend_rtt.o
 .group         0x0000000000000000        0xc Output/lpcomp_pca10056 Release/Obj/nrf_log_backend_rtt.o
 .group         0x0000000000000000        0xc Output/lpcomp_pca10056 Release/Obj/nrf_log_backend_rtt.o
[...]
Memory Configuration

Name             Origin             Length             Attributes
UNPLACED_SECTIONS 0x0000000100000000 0x0000000000000000 xw
RAM              0x0000000020000000 0x0000000000040000 xw
FLASH            0x0000000000000000 0x0000000000100000 xw
*default*        0x0000000000000000 0xffffffffffffffff

Linker script and memory map

                0x0000000000000000                __vfprintf = __vfprintf_long
                0x0000000000000000                __vfscanf = __vfscanf_int
                0x0000000020000000                __RAM_segment_start__ = 0x20000000
                0x0000000020040000                __RAM_segment_end__ = 0x20040000
                0x0000000000040000                __RAM_segment_size__ = 0x40000
                0x0000000000000000                __FLASH_segment_start__ = 0x0
                0x0000000000100000                __FLASH_segment_end__ = 0x100000
                0x0000000000100000                __FLASH_segment_size__ = 0x100000
                0x0000000000002000                __HEAPSIZE__ = 0x2000
                0x0000000000000000                __STACKSIZE_PROCESS__ = 0x0
                0x0000000000002000                __STACKSIZE__ = 0x2000
                0x0000000020000000                __vectors_ram_load_start__ = 0x20000000

.vectors_ram    0x0000000020000000        0x0
                0x0000000020000000                __vectors_ram_start__ = .
                0x0000000020000000                __app_ram_start__ = __vectors_ram_start__
 *(.vectors_ram .vectors_ram.*)
                0x0000000020000000                __vectors_ram_end__ = (__vectors_ram_start__ + SIZEOF (.vectors_ram))
                0x0000000000000000                __vectors_ram_size__ = SIZEOF (.vectors_ram)
                0x0000000020000000                __vectors_ram_load_end__ = __vectors_ram_end__
                0x0000000000000001                . = ASSERT (((__vectors_ram_start__ == __vectors_ram_end__) || ((__vectors_ram_end__ >= __RAM_segment_start__) && (__vectors_ram_end__ <= __RAM_segment_end__))), error: .vectors_ram is too large to fit in RAM memory segment)
                0x0000000020000000                __nrf_sections_run_load_start__ = ALIGN (__vectors_ram_end__, 0x4)

.nrf_sections_run
                0x0000000020000000        0x0
                0x0000000020000000                __nrf_sections_run_start__ = .
                0x0000000020000000                __start_nrf_sections_run = __nrf_sections_run_start__
 *(.nrf_sections_run .nrf_sections_run.*)
                0x0000000020000000                __nrf_sections_run_end__ = (__nrf_sections_run_start__ + SIZEOF (.nrf_sections_run))
                0x0000000000000000                __nrf_sections_run_size__ = SIZEOF (.nrf_sections_run)
                0x0000000020000000                __nrf_sections_run_load_end__ = __nrf_sections_run_end__
                0x0000000000000001                . = ASSERT (((__nrf_sections_run_start__ == __nrf_sections_run_end__) || ((__nrf_sections_run_end__ >= __RAM_segment_start__) && (__nrf_sections_run_end__ <= __RAM_segment_end__))), error: .nrf_sections_run is too large to fit in RAM memory segment)
                0x0000000000000000                __vectors_load_start__ = 0x0

.vectors        0x0000000000000000      0x200
                0x0000000000000000                __vectors_start__ = .
 *(.vectors .vectors.*)
 .vectors       0x0000000000000000      0x200 Output/lpcomp_pca10056 Release/Obj/ses_startup_nrf52840.o
                0x0000000000000000                _vectors
                0x0000000000000200                __vectors_end__ = (__vectors_start__ + SIZEOF (.vectors))
                0x0000000000000200                __vectors_size__ = SIZEOF (.vectors)
                0x0000000000000200                __vectors_load_end__ = __vectors_end__
                0x0000000000000001                . = ASSERT (((__vectors_start__ == __vectors_end__) || ((__vectors_end__ >= __FLASH_segment_start__) && (__vectors_end__ <= __FLASH_segment_end__))), error: .vectors is too large to fit in FLASH memory segment)
                0x0000000000000200                __init_load_start__ = ALIGN (__vectors_end__, 0x4)

.init           0x0000000000000200      0x1d8
                0x0000000000000200                __init_start__ = .
 *(.init .init.*)
 .init          0x0000000000000200      0x160 Output/lpcomp_pca10056 Release/Obj/thumb_crt0.o
                0x0000000000000200                _start
                0x00000000000002b6                exit
 .init          0x0000000000000360       0x18 Output/lpcomp_pca10056 Release/Obj/ses_startup_nrf52840.o
                0x0000000000000360                NMI_Handler
                0x0000000000000362                HardFault_Handler
                0x0000000000000364                MemoryManagement_Handler
                0x0000000000000366                BusFault_Handler
                0x0000000000000368                UsageFault_Handler
                0x000000000000036a                SVC_Handler
                0x000000000000036c                DebugMon_Handler
                0x000000000000036e                PendSV_Handler
                0x0000000000000370                SysTick_Handler
                0x0000000000000372                PWM1_IRQHandler
                0x0000000000000372                GPIOTE_IRQHandler
                0x0000000000000372                SWI0_EGU0_IRQHandler
                0x0000000000000372                POWER_CLOCK_IRQHandler
                0x0000000000000372                RADIO_IRQHandler
                0x0000000000000372                PDM_IRQHandler
                0x0000000000000372                TEMP_IRQHandler
                0x0000000000000372                QDEC_IRQHandler
                0x0000000000000372                TIMER3_IRQHandler
                0x0000000000000372                PWM3_IRQHandler
                0x0000000000000372                RTC0_IRQHandler
                0x0000000000000372                USBD_IRQHandler
                0x0000000000000372                SPIM0_SPIS0_TWIM0_TWIS0_SPI0_TWI0_IRQHandler
                0x0000000000000372                SWI2_EGU2_IRQHandler
                0x0000000000000372                TIMER4_IRQHandler
                0x0000000000000372                CRYPTOCELL_IRQHandler
                0x0000000000000372                I2S_IRQHandler
                0x0000000000000372                SWI4_EGU4_IRQHandler
                0x0000000000000372                TIMER0_IRQHandler
                0x0000000000000372                UARTE1_IRQHandler
                0x0000000000000372                Dummy_Handler
                0x0000000000000372                TIMER1_IRQHandler
                0x0000000000000372                SPIM3_IRQHandler
                0x0000000000000372                PWM2_IRQHandler
                0x0000000000000372                ECB_IRQHandler
                0x0000000000000372                SPIM1_SPIS1_TWIM1_TWIS1_SPI1_TWI1_IRQHandler
                0x0000000000000372                SAADC_IRQHandler
                0x0000000000000372                CCM_AAR_IRQHandler
                0x0000000000000372                WDT_IRQHandler
                0x0000000000000372                FPU_IRQHandler
                0x0000000000000372                SWI5_EGU5_IRQHandler
                0x0000000000000372                RNG_IRQHandler
                0x0000000000000372                RTC2_IRQHandler
                0x0000000000000372                PWM0_IRQHandler
                0x0000000000000372                SWI3_EGU3_IRQHandler
                0x0000000000000372                RTC1_IRQHandler
                0x0000000000000372                SWI1_EGU1_IRQHandler
                0x0000000000000372                SPIM2_SPIS2_SPI2_IRQHandler
                0x0000000000000372                NFCT_IRQHandler
                0x0000000000000372                TIMER2_IRQHandler
                0x0000000000000372                MWU_IRQHandler
                0x0000000000000372                QSPI_IRQHandler
                0x0000000000000374                nRFInitialize
 .init          0x0000000000000378       0x60 Output/lpcomp_pca10056 Release/Obj/ses_startup_nrf_common.o
                0x0000000000000378                Reset_Handler
                0x00000000000003a0                InitializeUserMemorySections
                0x00000000000003d8                __init_end__ = (__init_start__ + SIZEOF (.init))
                0x00000000000001d8                __init_size__ = SIZEOF (.init)
                0x00000000000003d8                __init_load_end__ = __init_end__
                0x0000000000000001                . = ASSERT (((__init_start__ == __init_end__) || ((__init_end__ >= __FLASH_segment_start__) && (__init_end__ <= __FLASH_segment_end__))), error: .init is too large to fit in FLASH memory segment)
                0x00000000000003d8                __init_rodata_load_start__ = ALIGN (__init_end__, 0x4)

.init_rodata    0x00000000000003d8        0x0
                0x00000000000003d8                __init_rodata_start__ = .
 *(.init_rodata .init_rodata.*)
                0x00000000000003d8                __init_rodata_end__ = (__init_rodata_start__ + SIZEOF (.init_rodata))
                0x0000000000000000                __init_rodata_size__ = SIZEOF (.init_rodata)
                0x00000000000003d8                __init_rodata_load_end__ = __init_rodata_end__
                0x0000000000000001                . = ASSERT (((__init_rodata_start__ == __init_rodata_end__) || ((__init_rodata_end__ >= __FLASH_segment_start__) && (__init_rodata_end__ <= __FLASH_segment_end__))), error: .init_rodata is too large to fit in FLASH memory segment)
                0x00000000000003d8                __text_load_start__ = ALIGN (__init_rodata_end__, 0x4)

.text           0x00000000000003d8     0x214c
                0x00000000000003d8                __text_start__ = .
 *(.text .text.* .glue_7t .glue_7 .gnu.linkonce.t.* .gcc_except_table .ARM.extab* .gnu.linkonce.armextab.*)
 .glue_7        0x00000000000003d8        0x0 linker stubs
 .glue_7t       0x00000000000003d8        0x0 linker stubs
 .text.nrf_log_backend_serial_put
                0x00000000000003d8       0xcc Output/lpcomp_pca10056 Release/Obj/nrf_log_backend_serial.o
                0x00000000000003d8                nrf_log_backend_serial_put
 .text.uart_evt_handler
                0x00000000000004a4        0xc Output/lpcomp_pca10056 Release/Obj/nrf_log_backend_uart.o
 .text.nrf_log_backend_uart_flush
                0x00000000000004b0        0x2 Output/lpcomp_pca10056 Release/Obj/nrf_log_backend_uart.o
 *fill*         0x00000000000004b2        0x2 
 .text.uart_init
                0x00000000000004b4       0x4c Output/lpcomp_pca10056 Release/Obj/nrf_log_backend_uart.o
 .text.nrf_log_backend_uart_put
                0x0000000000000500       0x1c Output/lpcomp_pca10056 Release/Obj/nrf_log_backend_uart.o
 .text.serial_tx
                0x000000000000051c       0x48 Output/lpcomp_pca10056 Release/Obj/nrf_log_backend_uart.o
 .text.nrf_log_backend_uart_panic_set
                0x0000000000000564       0x2c Output/lpcomp_pca10056 Release/Obj/nrf_log_backend_uart.o
 .text.nrf_log_backend_uart_init
                0x0000000000000590        0x6 Output/lpcomp_pca10056 Release/Obj/nrf_log_backend_uart.o
                0x0000000000000590                nrf_log_backend_uart_init
 *fill*         0x0000000000000596        0x2 
 .text.nrf_log_default_backends_init
                0x0000000000000598       0x20 Output/lpcomp_pca10056 Release/Obj/nrf_log_default_backends.o
                0x0000000000000598                nrf_log_default_backends_init
 .text.invalid_packets_omit
                0x00000000000005b8       0x3a Output/lpcomp_pca10056 Release/Obj/nrf_log_frontend.o
 *fill*         0x00000000000005f2        0x2 
 .text.buf_prealloc
                0x00000000000005f4      0x12c Output/lpcomp_pca10056 Release/Obj/nrf_log_frontend.o
 .text.nrf_log_init
                0x0000000000000720       0x3c Output/lpcomp_pca10056 Release/Obj/nrf_log_frontend.o
                0x0000000000000720                nrf_log_init
 .text.nrf_log_module_name_get
                0x000000000000075c       0x38 Output/lpcomp_pca10056 Release/Obj/nrf_log_frontend.o
                0x000000000000075c                nrf_log_module_name_get
 .text.nrf_log_color_id_get
                0x0000000000000794       0x2c Output/lpcomp_pca10056 Release/Obj/nrf_log_frontend.o
                0x0000000000000794                nrf_log_color_id_get
 .text.buffer_is_empty
                0x00000000000007c0       0x14 Output/lpcomp_pca10056 Release/Obj/nrf_log_frontend.o
                0x00000000000007c0                buffer_is_empty
 .text.nrf_log_frontend_dequeue
                0x00000000000007d4      0x220 Output/lpcomp_pca10056 Release/Obj/nrf_log_frontend.o
                0x00000000000007d4                nrf_log_frontend_dequeue
 .text.std_n    0x00000000000009f4       0xb0 Output/lpcomp_pca10056 Release/Obj/nrf_log_frontend.o
 .text.nrf_log_frontend_std_0
                0x0000000000000aa4        0x8 Output/lpcomp_pca10056 Release/Obj/nrf_log_frontend.o
                0x0000000000000aa4                nrf_log_frontend_std_0
 .text.nrf_log_frontend_std_1
                0x0000000000000aac       0x14 Output/lpcomp_pca10056 Release/Obj/nrf_log_frontend.o
                0x0000000000000aac                nrf_log_frontend_std_1
 .text.nrf_log_backend_add
                0x0000000000000ac0       0x44 Output/lpcomp_pca10056 Release/Obj/nrf_log_frontend.o
                0x0000000000000ac0                nrf_log_backend_add
 .text.nrf_log_panic
                0x0000000000000b04       0x2c Output/lpcomp_pca10056 Release/Obj/nrf_log_frontend.o
                0x0000000000000b04                nrf_log_panic
 .text.postfix_process
                0x0000000000000b30       0x3c Output/lpcomp_pca10056 Release/Obj/nrf_log_str_formatter.o
 .text.prefix_process
                0x0000000000000b6c       0x78 Output/lpcomp_pca10056 Release/Obj/nrf_log_str_formatter.o
 .text.nrf_log_std_entry_process
                0x0000000000000be4       0xc8 Output/lpcomp_pca10056 Release/Obj/nrf_log_str_formatter.o
                0x0000000000000be4                nrf_log_std_entry_process
 .text.nrf_log_hexdump_entry_process
                0x0000000000000cac       0xac Output/lpcomp_pca10056 Release/Obj/nrf_log_str_formatter.o
                0x0000000000000cac                nrf_log_hexdump_entry_process
 .text.bsp_board_led_on
                0x0000000000000d58       0x28 Output/lpcomp_pca10056 Release/Obj/boards.o
                0x0000000000000d58                bsp_board_led_on
 .text.bsp_board_led_off
                0x0000000000000d80       0x28 Output/lpcomp_pca10056 Release/Obj/boards.o
                0x0000000000000d80                bsp_board_led_off
 .text.bsp_board_leds_off
                0x0000000000000da8       0x1e Output/lpcomp_pca10056 Release/Obj/boards.o
                0x0000000000000da8                bsp_board_leds_off
 *fill*         0x0000000000000dc6        0x2 
 .text.bsp_board_led_invert
                0x0000000000000dc8       0x34 Output/lpcomp_pca10056 Release/Obj/boards.o
                0x0000000000000dc8                bsp_board_led_invert
 .text.bsp_board_init
                0x0000000000000dfc       0x3e Output/lpcomp_pca10056 Release/Obj/boards.o
                0x0000000000000dfc                bsp_board_init
 .text.app_error_handler_bare
                0x0000000000000e3a       0x1a Output/lpcomp_pca10056 Release/Obj/app_error.o
                0x0000000000000e3a                app_error_handler_bare
 .text.app_error_fault_handler
                0x0000000000000e54       0x70 Output/lpcomp_pca10056 Release/Obj/app_error_weak.o
                0x0000000000000e54                app_error_fault_handler
 .text.app_util_disable_irq
                0x0000000000000ec4       0x10 Output/lpcomp_pca10056 Release/Obj/app_util_platform.o
                0x0000000000000ec4                app_util_disable_irq
 .text.app_util_enable_irq
                0x0000000000000ed4       0x14 Output/lpcomp_pca10056 Release/Obj/app_util_platform.o
                0x0000000000000ed4                app_util_enable_irq
 .text.app_util_critical_region_enter
                0x0000000000000ee8        0x4 Output/lpcomp_pca10056 Release/Obj/app_util_platform.o
                0x0000000000000ee8                app_util_critical_region_enter
 .text.app_util_critical_region_exit
                0x0000000000000eec        0x4 Output/lpcomp_pca10056 Release/Obj/app_util_platform.o
                0x0000000000000eec                app_util_critical_region_exit
 .text.nrf_atomic_u32_fetch_store
                0x0000000000000ef0       0x14 Output/lpcomp_pca10056 Release/Obj/nrf_atomic.o
                0x0000000000000ef0                nrf_atomic_u32_fetch_store
 .text.nrf_atomic_u32_or
                0x0000000000000f04       0x16 Output/lpcomp_pca10056 Release/Obj/nrf_atomic.o
                0x0000000000000f04                nrf_atomic_u32_or
 .text.nrf_atomic_u32_fetch_and
                0x0000000000000f1a       0x16 Output/lpcomp_pca10056 Release/Obj/nrf_atomic.o
                0x0000000000000f1a                nrf_atomic_u32_fetch_and
 .text.nrf_atomic_u32_add
                0x0000000000000f30       0x16 Output/lpcomp_pca10056 Release/Obj/nrf_atomic.o
                0x0000000000000f30                nrf_atomic_u32_add
 .text.nrf_atomic_u32_sub
                0x0000000000000f46       0x16 Output/lpcomp_pca10056 Release/Obj/nrf_atomic.o
                0x0000000000000f46                nrf_atomic_u32_sub
 .text.nrf_atomic_flag_set
                0x0000000000000f5c        0x6 Output/lpcomp_pca10056 Release/Obj/nrf_atomic.o
                0x0000000000000f5c                nrf_atomic_flag_set
 .text.nrf_atomic_flag_clear_fetch
                0x0000000000000f62        0x6 Output/lpcomp_pca10056 Release/Obj/nrf_atomic.o
                0x0000000000000f62                nrf_atomic_flag_clear_fetch
 .text.nrf_balloc_init
                0x0000000000000f68       0x2e Output/lpcomp_pca10056 Release/Obj/nrf_balloc.o
                0x0000000000000f68                nrf_balloc_init
 .text.nrf_balloc_alloc
                0x0000000000000f96       0x40 Output/lpcomp_pca10056 Release/Obj/nrf_balloc.o
                0x0000000000000f96                nrf_balloc_alloc
 .text.nrf_balloc_free
                0x0000000000000fd6       0x2a Output/lpcomp_pca10056 Release/Obj/nrf_balloc.o
                0x0000000000000fd6                nrf_balloc_free
 .text.nrf_fprintf_buffer_flush
                0x0000000000001000       0x16 Output/lpcomp_pca10056 Release/Obj/nrf_fprintf.o
                0x0000000000001000                nrf_fprintf_buffer_flush
 .text.nrf_fprintf
                0x0000000000001016       0x1e Output/lpcomp_pca10056 Release/Obj/nrf_fprintf.o
                0x0000000000001016                nrf_fprintf
 .text.buffer_add
                0x0000000000001034       0x1e Output/lpcomp_pca10056 Release/Obj/nrf_fprintf_format.o
 *fill*         0x0000000000001052        0x2 
 .text.unsigned_print
                0x0000000000001054       0xac Output/lpcomp_pca10056 Release/Obj/nrf_fprintf_format.o
 .text.nrf_fprintf_fmt
                0x0000000000001100      0x28a Output/lpcomp_pca10056 Release/Obj/nrf_fprintf_format.o
                0x0000000000001100                nrf_fprintf_fmt
 .text.memobj_op
                0x000000000000138a       0x82 Output/lpcomp_pca10056 Release/Obj/nrf_memobj.o
 .text.nrf_memobj_pool_init
                0x000000000000140c        0x4 Output/lpcomp_pca10056 Release/Obj/nrf_memobj.o
                0x000000000000140c                nrf_memobj_pool_init
 .text.nrf_memobj_free
                0x0000000000001410       0x2c Output/lpcomp_pca10056 Release/Obj/nrf_memobj.o
                0x0000000000001410                nrf_memobj_free
 .text.nrf_memobj_alloc
                0x000000000000143c       0x5e Output/lpcomp_pca10056 Release/Obj/nrf_memobj.o
                0x000000000000143c                nrf_memobj_alloc
 .text.nrf_memobj_get
                0x000000000000149a        0x8 Output/lpcomp_pca10056 Release/Obj/nrf_memobj.o
                0x000000000000149a                nrf_memobj_get
 .text.nrf_memobj_put
                0x00000000000014a2       0x1e Output/lpcomp_pca10056 Release/Obj/nrf_memobj.o
                0x00000000000014a2                nrf_memobj_put
 .text.nrf_memobj_write
                0x00000000000014c0       0x16 Output/lpcomp_pca10056 Release/Obj/nrf_memobj.o
                0x00000000000014c0                nrf_memobj_write
 .text.nrf_memobj_read
                0x00000000000014d6       0x16 Output/lpcomp_pca10056 Release/Obj/nrf_memobj.o
                0x00000000000014d6                nrf_memobj_read
 .text.nrf_ringbuf_init
                0x00000000000014ec       0x12 Output/lpcomp_pca10056 Release/Obj/nrf_ringbuf.o
                0x00000000000014ec                nrf_ringbuf_init
 *fill*         0x00000000000014fe        0x2 
 .text.uarte_evt_handler
                0x0000000000001500       0x34 Output/lpcomp_pca10056 Release/Obj/nrf_drv_uart.o
 .text.uart_evt_handler
                0x0000000000001534       0x34 Output/lpcomp_pca10056 Release/Obj/nrf_drv_uart.o
 .text.nrf_drv_uart_init
                0x0000000000001568       0x7c Output/lpcomp_pca10056 Release/Obj/nrf_drv_uart.o
                0x0000000000001568                nrf_drv_uart_init
 .text.lpcomp_execute_handler
                0x00000000000015e4       0x38 Output/lpcomp_pca10056 Release/Obj/nrfx_lpcomp.o
 .text.COMP_LPCOMP_IRQHandler
                0x000000000000161c       0x2e Output/lpcomp_pca10056 Release/Obj/nrfx_lpcomp.o
                0x000000000000161c                COMP_LPCOMP_IRQHandler
 *fill*         0x000000000000164a        0x2 
 .text.nrfx_lpcomp_init
                0x000000000000164c       0xe4 Output/lpcomp_pca10056 Release/Obj/nrfx_lpcomp.o
                0x000000000000164c                nrfx_lpcomp_init
 .text.nrfx_lpcomp_enable
                0x0000000000001730       0x2c Output/lpcomp_pca10056 Release/Obj/nrfx_lpcomp.o
                0x0000000000001730                nrfx_lpcomp_enable
 .text.UARTE0_UART0_IRQHandler
                0x000000000000175c        0xc Output/lpcomp_pca10056 Release/Obj/nrfx_prs.o
                0x000000000000175c                UARTE0_UART0_IRQHandler
 .text.nrfx_prs_acquire
                0x0000000000001768       0x34 Output/lpcomp_pca10056 Release/Obj/nrfx_prs.o
                0x0000000000001768                nrfx_prs_acquire
 .text.nrfx_prs_release
                0x000000000000179c       0x18 Output/lpcomp_pca10056 Release/Obj/nrfx_prs.o
                0x000000000000179c                nrfx_prs_release
 .text.nrf_uart_event_clear
                0x00000000000017b4       0x10 Output/lpcomp_pca10056 Release/Obj/nrfx_uart.o
 .text.tx_byte  0x00000000000017c4       0x1e Output/lpcomp_pca10056 Release/Obj/nrfx_uart.o
 .text.rx_byte  0x00000000000017e2       0x2c Output/lpcomp_pca10056 Release/Obj/nrfx_uart.o
 *fill*         0x000000000000180e        0x2 
 .text.rx_done_event.constprop.7
                0x0000000000001810       0x20 Output/lpcomp_pca10056 Release/Obj/nrfx_uart.o
 .text.nrfx_uart_0_irq_handler
                0x0000000000001830      0x13c Output/lpcomp_pca10056 Release/Obj/nrfx_uart.o
                0x0000000000001830                nrfx_uart_0_irq_handler
 .text.nrf_gpio_cfg_default
                0x000000000000196c       0x20 Output/lpcomp_pca10056 Release/Obj/nrfx_uart.o
 .text.nrfx_uart_init
                0x000000000000198c      0x1b4 Output/lpcomp_pca10056 Release/Obj/nrfx_uart.o
                0x000000000000198c                nrfx_uart_init
 .text.nrfx_uart_uninit
                0x0000000000001b40       0xac Output/lpcomp_pca10056 Release/Obj/nrfx_uart.o
                0x0000000000001b40                nrfx_uart_uninit
 .text.nrfx_uart_tx
                0x0000000000001bec       0x94 Output/lpcomp_pca10056 Release/Obj/nrfx_uart.o
                0x0000000000001bec                nrfx_uart_tx
 .text.nrf_uarte_event_clear
                0x0000000000001c80       0x10 Output/lpcomp_pca10056 Release/Obj/nrfx_uarte.o
 .text.rx_done_event.constprop.6
                0x0000000000001c90       0x24 Output/lpcomp_pca10056 Release/Obj/nrfx_uarte.o
 .text.nrfx_uarte_0_irq_handler
                0x0000000000001cb4       0xec Output/lpcomp_pca10056 Release/Obj/nrfx_uarte.o
                0x0000000000001cb4                nrfx_uarte_0_irq_handler
 .text.nrf_gpio_cfg_default
                0x0000000000001da0       0x20 Output/lpcomp_pca10056 Release/Obj/nrfx_uarte.o
 .text.nrfx_uarte_init
                0x0000000000001dc0      0x1c4 Output/lpcomp_pca10056 Release/Obj/nrfx_uarte.o
                0x0000000000001dc0                nrfx_uarte_init
 .text.nrfx_uarte_uninit
                0x0000000000001f84       0xac Output/lpcomp_pca10056 Release/Obj/nrfx_uarte.o
                0x0000000000001f84                nrfx_uarte_uninit
 .text.nrfx_uarte_tx
                0x0000000000002030       0x88 Output/lpcomp_pca10056 Release/Obj/nrfx_uarte.o
                0x0000000000002030                nrfx_uarte_tx
 .text.print_statistics
                0x00000000000020b8       0x44 Output/lpcomp_pca10056 Release/Obj/main.o
 .text.lpcomp_event_handler
                0x00000000000020fc       0x28 Output/lpcomp_pca10056 Release/Obj/main.o
 .text.startup.main
                0x0000000000002124       0xbc Output/lpcomp_pca10056 Release/Obj/main.o
                0x0000000000002124                main
 .text.errata_98
                0x00000000000021e0       0x20 Output/lpcomp_pca10056 Release/Obj/system_nrf52840.o
 .text.SystemInit
                0x0000000000002200      0x1b8 Output/lpcomp_pca10056 Release/Obj/system_nrf52840.o
                0x0000000000002200                SystemInit
 .text.libc.__RAL_ascii_isctype
                0x00000000000023b8       0x1c C:/SEGGER/arm_segger_embedded_studio_v414_win_x64_nordic/lib/libc_v7em_fpv4_sp_d16_hard_t_le_eabi.a(libc2.o)
 .text.libc.__RAL_ascii_toupper
                0x00000000000023d4        0xc C:/SEGGER/arm_segger_embedded_studio_v414_win_x64_nordic/lib/libc_v7em_fpv4_sp_d16_hard_t_le_eabi.a(libc2.o)
 .text.libc.__RAL_ascii_tolower
                0x00000000000023e0        0xc C:/SEGGER/arm_segger_embedded_studio_v414_win_x64_nordic/lib/libc_v7em_fpv4_sp_d16_hard_t_le_eabi.a(libc2.o)
 .text.libc.__RAL_ascii_iswctype
                0x00000000000023ec       0x1c C:/SEGGER/arm_segger_embedded_studio_v414_win_x64_nordic/lib/libc_v7em_fpv4_sp_d16_hard_t_le_eabi.a(libc2.o)
 .text.libc.__RAL_ascii_towupper
                0x0000000000002408        0xc C:/SEGGER/arm_segger_embedded_studio_v414_win_x64_nordic/lib/libc_v7em_fpv4_sp_d16_hard_t_le_eabi.a(libc2.o)
 .text.libc.__RAL_ascii_towlower
                0x0000000000002414        0xc C:/SEGGER/arm_segger_embedded_studio_v414_win_x64_nordic/lib/libc_v7em_fpv4_sp_d16_hard_t_le_eabi.a(libc2.o)
 .text.libc.__RAL_ascii_wctomb
                0x0000000000002420        0xe C:/SEGGER/arm_segger_embedded_studio_v414_win_x64_nordic/lib/libc_v7em_fpv4_sp_d16_hard_t_le_eabi.a(libc2.o)
                0x0000000000002420                __RAL_ascii_wctomb
 .text.libc.__RAL_ascii_mbtowc
                0x000000000000242e       0x24 C:/SEGGER/arm_segger_embedded_studio_v414_win_x64_nordic/lib/libc_v7em_fpv4_sp_d16_hard_t_le_eabi.a(libc2.o)
                0x000000000000242e                __RAL_ascii_mbtowc
 *fill*         0x0000000000002452        0x2 
 .text.libc.__RAL_isctype
                0x0000000000002454       0x14 C:/SEGGER/arm_segger_embedded_studio_v414_win_x64_nordic/lib/libc_v7em_fpv4_sp_d16_hard_t_le_eabi.a(libc2.o)
                0x0000000000002454                __RAL_isctype
 .text.libc.isprint
                0x0000000000002468        0xa C:/SEGGER/arm_segger_embedded_studio_v414_win_x64_nordic/lib/libc_v7em_fpv4_sp_d16_hard_t_le_eabi.a(libc2.o)
                0x0000000000002468                isprint
 .text.libc.memcpy
                0x0000000000002472       0x52 C:/SEGGER/arm_segger_embedded_studio_v414_win_x64_nordic/lib/libc_v7em_fpv4_sp_d16_hard_t_le_eabi.a(libc2_asm.o)
                0x0000000000002472                __aeabi_memcpy
                0x0000000000002472                memcpy
                0x000000000000247e                __aeabi_memcpy8
                0x000000000000247e                __aeabi_memcpy4
 .text.libc.strlen
                0x00000000000024c4       0x60 C:/SEGGER/arm_segger_embedded_studio_v414_win_x64_nordic/lib/libc_v7em_fpv4_sp_d16_hard_t_le_eabi.a(libc2_asm.o)
                0x00000000000024c4                strlen
                0x0000000000002524                __text_end__ = (__text_start__ + SIZEOF (.text))
                0x000000000000214c                __text_size__ = SIZEOF (.text)
                0x0000000000002524                __text_load_end__ = __text_end__

.vfp11_veneer   0x0000000100000000        0x0
 .vfp11_veneer  0x0000000100000000        0x0 linker stubs

.v4_bx          0x0000000100000000        0x0
 .v4_bx         0x0000000100000000        0x0 linker stubs

.iplt           0x0000000100000000        0x0
 .iplt          0x0000000100000000        0x0 Output/lpcomp_pca10056 Release/Obj/thumb_crt0.o
                0x0000000000000001                . = ASSERT (((__text_start__ == __text_end__) || ((__text_end__ >= __FLASH_segment_start__) && (__text_end__ <= __FLASH_segment_end__))), error: .text is too large to fit in FLASH memory segment)
                0x0000000000002524                __log_const_data_load_start__ = ALIGN (__text_end__, 0x4)

.log_const_data
                0x0000000000002524       0x28
                0x0000000000002524                __log_const_data_start__ = .
                0x0000000000002524                __start_log_const_data = __log_const_data_start__
 *(SORT_BY_NAME(.log_const_data*))
 .log_const_data_LPCOMP
                0x0000000000002524        0x8 Output/lpcomp_pca10056 Release/Obj/nrfx_lpcomp.o
                0x0000000000002524                m_nrf_log_LPCOMP_logs_data_const
 .log_const_data_PRS
                0x000000000000252c        0x8 Output/lpcomp_pca10056 Release/Obj/nrfx_prs.o
                0x000000000000252c                m_nrf_log_PRS_logs_data_const
 .log_const_data_UART
                0x0000000000002534        0x8 Output/lpcomp_pca10056 Release/Obj/nrfx_uart.o
                0x0000000000002534                m_nrf_log_UART_logs_data_const
 .log_const_data_UARTE
                0x000000000000253c        0x8 Output/lpcomp_pca10056 Release/Obj/nrfx_uarte.o
                0x000000000000253c                m_nrf_log_UARTE_logs_data_const
 .log_const_data_app
                0x0000000000002544        0x8 Output/lpcomp_pca10056 Release/Obj/nrf_log_frontend.o
                0x0000000000002544                m_nrf_log_app_logs_data_const
                0x000000000000254c                __log_const_data_end__ = (__log_const_data_start__ + SIZEOF (.log_const_data))
                0x0000000000000028                __log_const_data_size__ = SIZEOF (.log_const_data)
                0x000000000000254c                __stop_log_const_data = __log_const_data_end__
                0x000000000000254c                __log_const_data_load_end__ = __log_const_data_end__
                0x0000000000000001                . = ASSERT (((__log_const_data_start__ == __log_const_data_end__) || ((__log_const_data_end__ >= __FLASH_segment_start__) && (__log_const_data_end__ <= __FLASH_segment_end__))), error: .log_const_data is too large to fit in FLASH memory segment)
                0x000000000000254c                __log_backends_load_start__ = ALIGN (__log_const_data_end__, 0x4)

.log_backends   0x000000000000254c       0x10
                0x000000000000254c                __log_backends_start__ = .
                0x000000000000254c                __start_log_backends = __log_backends_start__
 *(SORT_BY_NAME(.log_backends*))
 .log_backends  0x000000000000254c       0x10 Output/lpcomp_pca10056 Release/Obj/nrf_log_default_backends.o
                0x000000000000255c                __log_backends_end__ = (__log_backends_start__ + SIZEOF (.log_backends))
                0x0000000000000010                __log_backends_size__ = SIZEOF (.log_backends)
                0x000000000000255c                __stop_log_backends = __log_backends_end__
                0x000000000000255c                __log_backends_load_end__ = __log_backends_end__
                0x0000000000000001                . = ASSERT (((__log_backends_start__ == __log_backends_end__) || ((__log_backends_end__ >= __FLASH_segment_start__) && (__log_backends_end__ <= __FLASH_segment_end__))), error: .log_backends is too large to fit in FLASH memory segment)
                0x000000000000255c                __nrf_balloc_load_start__ = ALIGN (__log_backends_end__, 0x4)

.nrf_balloc     0x000000000000255c       0x14
                0x000000000000255c                __nrf_balloc_start__ = .
                0x000000000000255c                __start_nrf_balloc = __nrf_balloc_start__
 *(.nrf_balloc*)
 .nrf_balloc    0x000000000000255c       0x14 Output/lpcomp_pca10056 Release/Obj/nrf_log_frontend.o
                0x000000000000255c                log_mempool
                0x0000000000002570                __nrf_balloc_end__ = (__nrf_balloc_start__ + SIZEOF (.nrf_balloc))
                0x0000000000000014                __nrf_balloc_size__ = SIZEOF (.nrf_balloc)
                0x0000000000002570                __stop_nrf_balloc = __nrf_balloc_end__
                0x0000000000002570                __nrf_balloc_load_end__ = __nrf_balloc_end__
                0x0000000000000001                . = ASSERT (((__nrf_balloc_start__ == __nrf_balloc_end__) || ((__nrf_balloc_end__ >= __FLASH_segment_start__) && (__nrf_balloc_end__ <= __FLASH_segment_end__))), error: .nrf_balloc is too large to fit in FLASH memory segment)
                0x0000000000002570                __nrf_sections_load_start__ = ALIGN (__nrf_balloc_end__, 0x4)

.nrf_sections   0x0000000000002570        0x0
                0x0000000000002570                __nrf_sections_start__ = .
                0x0000000000002570                __start_nrf_sections = __nrf_sections_start__
 *(.nrf_sections .nrf_sections.*)
                0x0000000000002570                __nrf_sections_end__ = (__nrf_sections_start__ + SIZEOF (.nrf_sections))
                0x0000000000000000                __nrf_sections_size__ = SIZEOF (.nrf_sections)
                0x0000000000002570                __nrf_sections_load_end__ = __nrf_sections_end__
                0x0000000000000001                . = ASSERT (((__nrf_sections_start__ == __nrf_sections_end__) || ((__nrf_sections_end__ >= __FLASH_segment_start__) && (__nrf_sections_end__ <= __FLASH_segment_end__))), error: .nrf_sections is too large to fit in FLASH memory segment)
                0x0000000000002570                __log_dynamic_data_load_start__ = ALIGN (__nrf_sections_end__, 0x4)

.log_dynamic_data
                0x0000000020000000        0x0 load address 0x0000000000002570
                0x0000000020000000                __log_dynamic_data_start__ = .
 *(SORT_BY_NAME(.log_dynamic_data*))
                0x0000000020000000                __log_dynamic_data_end__ = (__log_dynamic_data_start__ + SIZEOF (.log_dynamic_data))
                0x0000000000000000                __log_dynamic_data_size__ = SIZEOF (.log_dynamic_data)
                0x0000000000002570                __log_dynamic_data_load_end__ = (__log_dynamic_data_load_start__ + SIZEOF (.log_dynamic_data))
                0x0000000000000001                . = ASSERT (((__log_dynamic_data_load_start__ == __log_dynamic_data_load_end__) || ((__log_dynamic_data_load_end__ >= __FLASH_segment_start__) && (__log_dynamic_data_load_end__ <= __FLASH_segment_end__))), error: .log_dynamic_data is too large to fit in FLASH memory segment)

.log_dynamic_data_run
                0x0000000020000000        0x0
                0x0000000020000000                __log_dynamic_data_run_start__ = .
                0x0000000020000000                __start_log_dynamic_data = __log_dynamic_data_run_start__
                0x0000000020000000                . = MAX ((__log_dynamic_data_run_start__ + SIZEOF (.log_dynamic_data)), .)
                0x0000000020000000                __log_dynamic_data_run_end__ = (__log_dynamic_data_run_start__ + SIZEOF (.log_dynamic_data_run))
                0x0000000000000000                __log_dynamic_data_run_size__ = SIZEOF (.log_dynamic_data_run)
                0x0000000020000000                __stop_log_dynamic_data = __log_dynamic_data_run_end__
                0x0000000020000000                __log_dynamic_data_run_load_end__ = __log_dynamic_data_run_end__
                0x0000000000000001                . = ASSERT (((__log_dynamic_data_run_start__ == __log_dynamic_data_run_end__) || ((__log_dynamic_data_run_end__ >= __RAM_segment_start__) && (__log_dynamic_data_run_end__ <= __RAM_segment_end__))), error: .log_dynamic_data_run is too large to fit in RAM memory segment)
                0x0000000000002570                __log_filter_data_load_start__ = ALIGN ((__log_dynamic_data_load_start__ + SIZEOF (.log_dynamic_data)), 0x4)

.log_filter_data
                0x0000000020000000        0x0 load address 0x0000000000002570
                0x0000000020000000                __log_filter_data_start__ = .
 *(SORT_BY_NAME(.log_filter_data*))
                0x0000000020000000                __log_filter_data_end__ = (__log_filter_data_start__ + SIZEOF (.log_filter_data))
                0x0000000000000000                __log_filter_data_size__ = SIZEOF (.log_filter_data)
                0x0000000000002570                __log_filter_data_load_end__ = (__log_filter_data_load_start__ + SIZEOF (.log_filter_data))
                0x0000000000000001                . = ASSERT (((__log_filter_data_load_start__ == __log_filter_data_load_end__) || ((__log_filter_data_load_end__ >= __FLASH_segment_start__) && (__log_filter_data_load_end__ <= __FLASH_segment_end__))), error: .log_filter_data is too large to fit in FLASH memory segment)

.log_filter_data_run
                0x0000000020000000        0x0
                0x0000000020000000                __log_filter_data_run_start__ = .
                0x0000000020000000                __start_log_filter_data = __log_filter_data_run_start__
                0x0000000020000000                . = MAX ((__log_filter_data_run_start__ + SIZEOF (.log_filter_data)), .)
                0x0000000020000000                __log_filter_data_run_end__ = (__log_filter_data_run_start__ + SIZEOF (.log_filter_data_run))
                0x0000000000000000                __log_filter_data_run_size__ = SIZEOF (.log_filter_data_run)
                0x0000000020000000                __stop_log_filter_data = __log_filter_data_run_end__
                0x0000000020000000                __log_filter_data_run_load_end__ = __log_filter_data_run_end__
                0x0000000000000001                . = ASSERT (((__log_filter_data_run_start__ == __log_filter_data_run_end__) || ((__log_filter_data_run_end__ >= __RAM_segment_start__) && (__log_filter_data_run_end__ <= __RAM_segment_end__))), error: .log_filter_data_run is too large to fit in RAM memory segment)
                0x0000000020000000                __nrf_sections_run_end_load_start__ = ALIGN (__log_filter_data_run_end__, 0x4)

.nrf_sections_run_end
                0x0000000020000000        0x0
                0x0000000020000000                __nrf_sections_run_end_start__ = .
                0x0000000020000000                __end_nrf_sections_run = __nrf_sections_run_end_start__
 *(.nrf_sections_run_end .nrf_sections_run_end.*)
                0x0000000020000000                __nrf_sections_run_end_end__ = (__nrf_sections_run_end_start__ + SIZEOF (.nrf_sections_run_end))
                0x0000000000000000                __nrf_sections_run_end_size__ = SIZEOF (.nrf_sections_run_end)
                0x0000000020000000                __nrf_sections_run_end_load_end__ = __nrf_sections_run_end_end__
                0x0000000000000001                . = ASSERT (((__nrf_sections_run_end_start__ == __nrf_sections_run_end_end__) || ((__nrf_sections_run_end_end__ >= __RAM_segment_start__) && (__nrf_sections_run_end_end__ <= __RAM_segment_end__))), error: .nrf_sections_run_end is too large to fit in RAM memory segment)
                0x0000000000002570                __dtors_load_start__ = ALIGN ((__log_filter_data_load_start__ + SIZEOF (.log_filter_data)), 0x4)

.dtors          0x0000000000002570        0x0
                0x0000000000002570                __dtors_start__ = .
 *(SORT_BY_NAME(.dtors.*))
 *(.dtors)
 *(.fini_array)
 *(SORT_BY_NAME(.fini_array.*))
                0x0000000000002570                __dtors_end__ = (__dtors_start__ + SIZEOF (.dtors))
                0x0000000000000000                __dtors_size__ = SIZEOF (.dtors)
                0x0000000000002570                __dtors_load_end__ = __dtors_end__
                0x0000000000000001                . = ASSERT (((__dtors_start__ == __dtors_end__) || ((__dtors_end__ >= __FLASH_segment_start__) && (__dtors_end__ <= __FLASH_segment_end__))), error: .dtors is too large to fit in FLASH memory segment)
                0x0000000000002570                __ctors_load_start__ = ALIGN (__dtors_end__, 0x4)

.ctors          0x0000000000002570        0x0
                0x0000000000002570                __ctors_start__ = .
 *(SORT_BY_NAME(.ctors.*))
 *(.ctors)
 *(.init_array)
 *(SORT_BY_NAME(.init_array.*))
                0x0000000000002570                __ctors_end__ = (__ctors_start__ + SIZEOF (.ctors))
                0x0000000000000000                __ctors_size__ = SIZEOF (.ctors)
                0x0000000000002570                __ctors_load_end__ = __ctors_end__
                0x0000000000000001                . = ASSERT (((__ctors_start__ == __ctors_end__) || ((__ctors_end__ >= __FLASH_segment_start__) && (__ctors_end__ <= __FLASH_segment_end__))), error: .ctors is too large to fit in FLASH memory segment)
                0x0000000000002570                __rodata_load_start__ = ALIGN (__ctors_end__, 0x4)

.rodata         0x0000000000002570      0x400
                0x0000000000002570                __rodata_start__ = .
 *(.rodata .rodata.* .gnu.linkonce.r.*)
 .rodata        0x0000000000002570       0x20 Output/lpcomp_pca10056 Release/Obj/nrf_log_backend_uart.o
 .rodata.nrf_log_backend_uart_api
                0x0000000000002590        0xc Output/lpcomp_pca10056 Release/Obj/nrf_log_backend_uart.o
                0x0000000000002590                nrf_log_backend_uart_api
 .rodata.str1.1
                0x000000000000259c       0x11 Output/lpcomp_pca10056 Release/Obj/nrf_log_default_backends.o
 *fill*         0x00000000000025ad        0x3 
 .rodata.m_log_push_ringbuf
                0x00000000000025b0        0xc Output/lpcomp_pca10056 Release/Obj/nrf_log_frontend.o
 .rodata.nrf_log_frontend_dequeue.str1.1
                0x00000000000025bc       0x11 Output/lpcomp_pca10056 Release/Obj/nrf_log_frontend.o
 .rodata.str1.1
                0x00000000000025cd        0x4 Output/lpcomp_pca10056 Release/Obj/nrf_log_frontend.o
 *fill*         0x00000000000025d1        0x3 
 .rodata.m_colors
                0x00000000000025d4       0x24 Output/lpcomp_pca10056 Release/Obj/nrf_log_str_formatter.o
 .rodata.nrf_log_hexdump_entry_process.str1.1
                0x00000000000025f8        0xf Output/lpcomp_pca10056 Release/Obj/nrf_log_str_formatter.o
                                         0x11 (size before relaxing)
 .rodata.postfix_process.str1.1
                0x0000000000002607        0x8 Output/lpcomp_pca10056 Release/Obj/nrf_log_str_formatter.o
                                          0xb (size before relaxing)
 .rodata.prefix_process.str1.1
                0x000000000000260f       0x2a Output/lpcomp_pca10056 Release/Obj/nrf_log_str_formatter.o
 *fill*         0x0000000000002639        0x3 
 .rodata.severity_names
                0x000000000000263c       0x14 Output/lpcomp_pca10056 Release/Obj/nrf_log_str_formatter.o
 .rodata.str1.1
                0x0000000000002650       0x4b Output/lpcomp_pca10056 Release/Obj/nrf_log_str_formatter.o
                                         0x51 (size before relaxing)
 .rodata.m_board_led_list
                0x000000000000269b        0x4 Output/lpcomp_pca10056 Release/Obj/boards.o
 .rodata.app_error_fault_handler.str1.1
                0x000000000000269f       0x19 Output/lpcomp_pca10056 Release/Obj/app_error_weak.o
 .rodata._aV2C.7683
                0x00000000000026b8       0x10 Output/lpcomp_pca10056 Release/Obj/nrf_fprintf_format.o
 .rodata.str1.1
                0x00000000000026c8        0x7 Output/lpcomp_pca10056 Release/Obj/nrfx_lpcomp.o
 .rodata.str1.1
                0x00000000000026cf        0x4 Output/lpcomp_pca10056 Release/Obj/nrfx_prs.o
 .rodata.str1.1
                0x00000000000026d3        0x5 Output/lpcomp_pca10056 Release/Obj/nrfx_uart.o
 .rodata.str1.1
                0x00000000000026d8        0x6 Output/lpcomp_pca10056 Release/Obj/nrfx_uarte.o
 *fill*         0x00000000000026de        0x2 
 .rodata        0x00000000000026e0        0xc Output/lpcomp_pca10056 Release/Obj/main.o
 *fill*         0x00000000000026ec        0x4 
 .rodata.delay_bytecode.7746
                0x00000000000026f0        0x6 Output/lpcomp_pca10056 Release/Obj/main.o
 .rodata.main.str1.1
                0x00000000000026f6       0x25 Output/lpcomp_pca10056 Release/Obj/main.o
 .rodata.print_statistics.str1.1
                0x000000000000271b       0x12 Output/lpcomp_pca10056 Release/Obj/main.o
 *fill*         0x000000000000272d        0x3 
 .rodata.libc.__RAL_ascii_ctype_map
                0x0000000000002730       0x80 C:/SEGGER/arm_segger_embedded_studio_v414_win_x64_nordic/lib/libc_v7em_fpv4_sp_d16_hard_t_le_eabi.a(libc2.o)
                0x0000000000002730                __RAL_ascii_ctype_map
 .rodata.libc.__RAL_ascii_ctype_mask
                0x00000000000027b0        0xd C:/SEGGER/arm_segger_embedded_studio_v414_win_x64_nordic/lib/libc_v7em_fpv4_sp_d16_hard_t_le_eabi.a(libc2.o)
 *fill*         0x00000000000027bd        0x3 
 .rodata.libc.__RAL_c_locale
                0x00000000000027c0        0xc C:/SEGGER/arm_segger_embedded_studio_v414_win_x64_nordic/lib/libc_v7em_fpv4_sp_d16_hard_t_le_eabi.a(libc2.o)
                0x00000000000027c0                __RAL_c_locale
 .rodata.libc.__RAL_c_locale_abbrev_day_names
                0x00000000000027cc       0x1d C:/SEGGER/arm_segger_embedded_studio_v414_win_x64_nordic/lib/libc_v7em_fpv4_sp_d16_hard_t_le_eabi.a(libc2.o)
                0x00000000000027cc                __RAL_c_locale_abbrev_day_names
 *fill*         0x00000000000027e9        0x3 
 .rodata.libc.__RAL_c_locale_abbrev_month_names
                0x00000000000027ec       0x31 C:/SEGGER/arm_segger_embedded_studio_v414_win_x64_nordic/lib/libc_v7em_fpv4_sp_d16_hard_t_le_eabi.a(libc2.o)
                0x00000000000027ec                __RAL_c_locale_abbrev_month_names
 *fill*         0x000000000000281d        0x3 
 .rodata.libc.__RAL_c_locale_am_pm_indicator
                0x0000000000002820        0x7 C:/SEGGER/arm_segger_embedded_studio_v414_win_x64_nordic/lib/libc_v7em_fpv4_sp_d16_hard_t_le_eabi.a(libc2.o)
                0x0000000000002820                __RAL_c_locale_am_pm_indicator
 *fill*         0x0000000000002827        0x1 
 .rodata.libc.__RAL_c_locale_data
                0x0000000000002828       0x58 C:/SEGGER/arm_segger_embedded_studio_v414_win_x64_nordic/lib/libc_v7em_fpv4_sp_d16_hard_t_le_eabi.a(libc2.o)
                0x0000000000002828                __RAL_c_locale_data
 .rodata.libc.__RAL_c_locale_date_format
                0x0000000000002880        0x9 C:/SEGGER/arm_segger_embedded_studio_v414_win_x64_nordic/lib/libc_v7em_fpv4_sp_d16_hard_t_le_eabi.a(libc2.o)
                0x0000000000002880                __RAL_c_locale_date_format
 *fill*         0x0000000000002889        0x3 
 .rodata.libc.__RAL_c_locale_date_time_format
                0x000000000000288c        0xf C:/SEGGER/arm_segger_embedded_studio_v414_win_x64_nordic/lib/libc_v7em_fpv4_sp_d16_hard_t_le_eabi.a(libc2.o)
                0x000000000000288c                __RAL_c_locale_date_time_format
 *fill*         0x000000000000289b        0x1 
 .rodata.libc.__RAL_c_locale_day_names
                0x000000000000289c       0x3a C:/SEGGER/arm_segger_embedded_studio_v414_win_x64_nordic/lib/libc_v7em_fpv4_sp_d16_hard_t_le_eabi.a(libc2.o)
                0x000000000000289c                __RAL_c_locale_day_names
 *fill*         0x00000000000028d6        0x2 
 .rodata.libc.__RAL_c_locale_month_names
                0x00000000000028d8       0x57 C:/SEGGER/arm_segger_embedded_studio_v414_win_x64_nordic/lib/libc_v7em_fpv4_sp_d16_hard_t_le_eabi.a(libc2.o)
                0x00000000000028d8                __RAL_c_locale_month_names
 *fill*         0x000000000000292f        0x1 
 .rodata.libc.__RAL_c_locale_time_format
                0x0000000000002930        0x9 C:/SEGGER/arm_segger_embedded_studio_v414_win_x64_nordic/lib/libc_v7em_fpv4_sp_d16_hard_t_le_eabi.a(libc2.o)
                0x0000000000002930                __RAL_c_locale_time_format
 *fill*         0x0000000000002939        0x3 
 .rodata.libc.__RAL_codeset_ascii
                0x000000000000293c       0x20 C:/SEGGER/arm_segger_embedded_studio_v414_win_x64_nordic/lib/libc_v7em_fpv4_sp_d16_hard_t_le_eabi.a(libc2.o)
                0x000000000000293c                __RAL_codeset_ascii
 .rodata.libc.__RAL_data_empty_string
                0x000000000000295c        0x1 C:/SEGGER/arm_segger_embedded_studio_v414_win_x64_nordic/lib/libc_v7em_fpv4_sp_d16_hard_t_le_eabi.a(libc2.o)
                0x000000000000295c                __RAL_data_empty_string
 *fill*         0x000000000000295d        0x3 
 .rodata.libc.__RAL_data_utf8_period
                0x0000000000002960        0x2 C:/SEGGER/arm_segger_embedded_studio_v414_win_x64_nordic/lib/libc_v7em_fpv4_sp_d16_hard_t_le_eabi.a(libc2.o)
                0x0000000000002960                __RAL_data_utf8_period
 *fill*         0x0000000000002962        0x2 
 .rodata.libc.__RAL_find_locale.str1.4
                0x0000000000002964        0xc C:/SEGGER/arm_segger_embedded_studio_v414_win_x64_nordic/lib/libc_v7em_fpv4_sp_d16_hard_t_le_eabi.a(libc2.o)
                                          0xa (size before relaxing)
                0x0000000000002970                __rodata_end__ = (__rodata_start__ + SIZEOF (.rodata))
                0x0000000000000400                __rodata_size__ = SIZEOF (.rodata)
                0x0000000000002970                __rodata_load_end__ = __rodata_end__

.rel.dyn        0x0000000000002970        0x0
 .rel.iplt      0x0000000000002970        0x0 Output/lpcomp_pca10056 Release/Obj/thumb_crt0.o
                0x0000000000000001                . = ASSERT (((__rodata_start__ == __rodata_end__) || ((__rodata_end__ >= __FLASH_segment_start__) && (__rodata_end__ <= __FLASH_segment_end__))), error: .rodata is too large to fit in FLASH memory segment)
                0x0000000000002970                __ARM.exidx_load_start__ = ALIGN (__rodata_end__, 0x4)

.ARM.exidx      0x0000000000002970        0x0
                0x0000000000002970                __ARM.exidx_start__ = .
                0x0000000000002970                __exidx_start = __ARM.exidx_start__
 *(.ARM.exidx .ARM.exidx.*)
                0x0000000000002970                __ARM.exidx_end__ = (__ARM.exidx_start__ + SIZEOF (.ARM.exidx))
                0x0000000000000000                __ARM.exidx_size__ = SIZEOF (.ARM.exidx)
                0x0000000000002970                __exidx_end = __ARM.exidx_end__
                0x0000000000002970                __ARM.exidx_load_end__ = __ARM.exidx_end__
                0x0000000000000001                . = ASSERT (((__ARM.exidx_start__ == __ARM.exidx_end__) || ((__ARM.exidx_end__ >= __FLASH_segment_start__) && (__ARM.exidx_end__ <= __FLASH_segment_end__))), error: .ARM.exidx is too large to fit in FLASH memory segment)
                0x0000000000002970                __fast_load_start__ = ALIGN (__ARM.exidx_end__, 0x4)

.fast           0x0000000020000000        0x0 load address 0x0000000000002970
                0x0000000020000000                __fast_start__ = .
 *(.fast .fast.*)
                0x0000000020000000                __fast_end__ = (__fast_start__ + SIZEOF (.fast))
                0x0000000000000000                __fast_size__ = SIZEOF (.fast)
                0x0000000000002970                __fast_load_end__ = (__fast_load_start__ + SIZEOF (.fast))
                0x0000000000000001                . = ASSERT (((__fast_load_start__ == __fast_load_end__) || ((__fast_load_end__ >= __FLASH_segment_start__) && (__fast_load_end__ <= __FLASH_segment_end__))), error: .fast is too large to fit in FLASH memory segment)

.fast_run       0x0000000020000000        0x0
                0x0000000020000000                __fast_run_start__ = .
                0x0000000020000000                . = MAX ((__fast_run_start__ + SIZEOF (.fast)), .)
                0x0000000020000000                __fast_run_end__ = (__fast_run_start__ + SIZEOF (.fast_run))
                0x0000000000000000                __fast_run_size__ = SIZEOF (.fast_run)
                0x0000000020000000                __fast_run_load_end__ = __fast_run_end__
                0x0000000000000001                . = ASSERT (((__fast_run_start__ == __fast_run_end__) || ((__fast_run_end__ >= __RAM_segment_start__) && (__fast_run_end__ <= __RAM_segment_end__))), error: .fast_run is too large to fit in RAM memory segment)
                0x0000000000002970                __data_load_start__ = ALIGN ((__fast_load_start__ + SIZEOF (.fast)), 0x4)

.data           0x0000000020000000       0x34 load address 0x0000000000002970
                0x0000000020000000                __data_start__ = .
 *(.data .data.* .gnu.linkonce.d.*)
 .data.m_uart   0x0000000020000000       0x14 Output/lpcomp_pca10056 Release/Obj/nrf_log_backend_uart.o
                0x0000000020000000                m_uart
 .data.log_backend_cb_uart_log_backend
                0x0000000020000014        0x8 Output/lpcomp_pca10056 Release/Obj/nrf_log_default_backends.o
 .data.SystemCoreClock
                0x000000002000001c        0x4 Output/lpcomp_pca10056 Release/Obj/system_nrf52840.o
                0x000000002000001c                SystemCoreClock
 .data.libc.__RAL_global_locale
                0x0000000020000020       0x14 C:/SEGGER/arm_segger_embedded_studio_v414_win_x64_nordic/lib/libc_v7em_fpv4_sp_d16_hard_t_le_eabi.a(libc2.o)
                0x0000000020000020                __RAL_global_locale
                0x0000000020000034                __data_end__ = (__data_start__ + SIZEOF (.data))
                0x0000000000000034                __data_size__ = SIZEOF (.data)
                0x00000000000029a4                __data_load_end__ = (__data_load_start__ + SIZEOF (.data))

.igot.plt       0x0000000100000000        0x0
 .igot.plt      0x0000000100000000        0x0 Output/lpcomp_pca10056 Release/Obj/thumb_crt0.o
                0x0000000000000001                . = ASSERT (((__data_load_start__ == __data_load_end__) || ((__data_load_end__ >= __FLASH_segment_start__) && (__data_load_end__ <= __FLASH_segment_end__))), error: .data is too large to fit in FLASH memory segment)

.data_run       0x0000000020000000       0x34 load address 0x0000000000002970
                0x0000000020000000                __data_run_start__ = .
                0x0000000020000034                . = MAX ((__data_run_start__ + SIZEOF (.data)), .)
 *fill*         0x0000000020000000       0x34 
                0x0000000020000034                __data_run_end__ = (__data_run_start__ + SIZEOF (.data_run))
                0x0000000000000034                __data_run_size__ = SIZEOF (.data_run)
                0x0000000020000034                __data_run_load_end__ = __data_run_end__
                0x0000000000000001                . = ASSERT (((__data_run_start__ == __data_run_end__) || ((__data_run_end__ >= __RAM_segment_start__) && (__data_run_end__ <= __RAM_segment_end__))), error: .data_run is too large to fit in RAM memory segment)
                0x00000000000029a4                __tdata_load_start__ = ALIGN ((__data_load_start__ + SIZEOF (.data)), 0x4)

.tdata          0x0000000020000034        0x0 load address 0x00000000000029a4
                0x0000000020000034                __tdata_start__ = .
 *(.tdata .tdata.*)
                0x0000000020000034                __tdata_end__ = (__tdata_start__ + SIZEOF (.tdata))
                0x0000000000000000                __tdata_size__ = SIZEOF (.tdata)
                0x00000000000029a4                __tdata_load_end__ = (__tdata_load_start__ + SIZEOF (.tdata))
                0x00000000000029a4                __FLASH_segment_used_end__ = (ALIGN ((__data_load_start__ + SIZEOF (.data)), 0x4) + SIZEOF (.tdata))
                0x00000000000029a4                __FLASH_segment_used_size__ = (__FLASH_segment_used_end__ - __FLASH_segment_start__)
                0x0000000000000001                . = ASSERT (((__tdata_load_start__ == __tdata_load_end__) || ((__tdata_load_end__ >= __FLASH_segment_start__) && (__tdata_load_end__ <= __FLASH_segment_end__))), error: .tdata is too large to fit in FLASH memory segment)

.tdata_run      0x0000000020000034        0x0
                0x0000000020000034                __tdata_run_start__ = .
                0x0000000020000034                . = MAX ((__tdata_run_start__ + SIZEOF (.tdata)), .)
                0x0000000020000034                __tdata_run_end__ = (__tdata_run_start__ + SIZEOF (.tdata_run))
                0x0000000000000000                __tdata_run_size__ = SIZEOF (.tdata_run)
                0x0000000020000034                __tdata_run_load_end__ = __tdata_run_end__
                0x0000000000000001                . = ASSERT (((__tdata_run_start__ == __tdata_run_end__) || ((__tdata_run_end__ >= __RAM_segment_start__) && (__tdata_run_end__ <= __RAM_segment_end__))), error: .tdata_run is too large to fit in RAM memory segment)
                0x0000000020000034                __bss_load_start__ = ALIGN (__tdata_run_end__, 0x4)

.bss            0x0000000020000034      0x650
                0x0000000020000034                __bss_start__ = .
 *(.bss .bss.* .gnu.linkonce.b.*)
 .bss.m_async_mode
                0x0000000020000034        0x1 Output/lpcomp_pca10056 Release/Obj/nrf_log_backend_uart.o
 .bss.m_string_buff
                0x0000000020000035       0x40 Output/lpcomp_pca10056 Release/Obj/nrf_log_backend_uart.o
 .bss.m_xfer_done
                0x0000000020000075        0x1 Output/lpcomp_pca10056 Release/Obj/nrf_log_backend_uart.o
 *fill*         0x0000000020000076        0x2 
 .bss.log_mempool_nrf_balloc_cb
                0x0000000020000078        0x8 Output/lpcomp_pca10056 Release/Obj/nrf_log_frontend.o
 .bss.log_mempool_nrf_balloc_pool_mem
                0x0000000020000080       0xc0 Output/lpcomp_pca10056 Release/Obj/nrf_log_frontend.o
 .bss.log_mempool_nrf_balloc_pool_stack
                0x0000000020000140        0x8 Output/lpcomp_pca10056 Release/Obj/nrf_log_frontend.o
 .bss.m_log_data
                0x0000000020000148      0x424 Output/lpcomp_pca10056 Release/Obj/nrf_log_frontend.o
 .bss.m_log_push_ringbuf_buf
                0x000000002000056c       0x80 Output/lpcomp_pca10056 Release/Obj/nrf_log_frontend.o
 .bss.m_log_push_ringbuf_cb
                0x00000000200005ec       0x18 Output/lpcomp_pca10056 Release/Obj/nrf_log_frontend.o
 .bss.m_in_critical_region
                0x0000000020000604        0x4 Output/lpcomp_pca10056 Release/Obj/app_util_platform.o
 .bss.m_contexts
                0x0000000020000608        0x8 Output/lpcomp_pca10056 Release/Obj/nrf_drv_uart.o
 .bss.m_handlers
                0x0000000020000610        0x8 Output/lpcomp_pca10056 Release/Obj/nrf_drv_uart.o
 .bss.nrf_drv_uart_use_easy_dma
                0x0000000020000618        0x2 Output/lpcomp_pca10056 Release/Obj/nrf_drv_uart.o
                0x0000000020000618                nrf_drv_uart_use_easy_dma
 *fill*         0x000000002000061a        0x2 
 .bss.m_lpcomp_event_handler
                0x000000002000061c        0x4 Output/lpcomp_pca10056 Release/Obj/nrfx_lpcomp.o
 .bss.m_state   0x0000000020000620        0x1 Output/lpcomp_pca10056 Release/Obj/nrfx_lpcomp.o
 *fill*         0x0000000020000621        0x3 
 .bss.m_prs_box_4
                0x0000000020000624        0x8 Output/lpcomp_pca10056 Release/Obj/nrfx_prs.o
 .bss.m_cb      0x000000002000062c       0x2c Output/lpcomp_pca10056 Release/Obj/nrfx_uart.o
 .bss.m_cb      0x0000000020000658       0x24 Output/lpcomp_pca10056 Release/Obj/nrfx_uarte.o
 .bss.voltage_falls_detected
                0x000000002000067c        0x4 Output/lpcomp_pca10056 Release/Obj/main.o
 .bss.voltage_falls_total
                0x0000000020000680        0x4 Output/lpcomp_pca10056 Release/Obj/main.o
 *(COMMON)
                0x0000000020000684                __bss_end__ = (__bss_start__ + SIZEOF (.bss))
                0x0000000000000650                __bss_size__ = SIZEOF (.bss)
                0x0000000020000684                __bss_load_end__ = __bss_end__
                0x0000000000000001                . = ASSERT (((__bss_start__ == __bss_end__) || ((__bss_end__ >= __RAM_segment_start__) && (__bss_end__ <= __RAM_segment_end__))), error: .bss is too large to fit in RAM memory segment)
                0x0000000020000684                __tbss_load_start__ = ALIGN (__bss_end__, 0x4)

.tbss           0x0000000020000684        0x0
                0x0000000020000684                __tbss_start__ = .
 *(.tbss .tbss.*)
                0x0000000020000684                __tbss_end__ = (__tbss_start__ + SIZEOF (.tbss))
                0x0000000000000000                __tbss_size__ = SIZEOF (.tbss)
                0x0000000020000684                __tbss_load_end__ = __tbss_end__
                0x0000000000000001                . = ASSERT (((__tbss_start__ == __tbss_end__) || ((__tbss_end__ >= __RAM_segment_start__) && (__tbss_end__ <= __RAM_segment_end__))), error: .tbss is too large to fit in RAM memory segment)
                0x0000000020000684                __non_init_load_start__ = ALIGN (__tbss_end__, 0x4)

.non_init       0x0000000020000684        0x0
                0x0000000020000684                __non_init_start__ = .
 *(.non_init .non_init.*)
                0x0000000020000684                __non_init_end__ = (__non_init_start__ + SIZEOF (.non_init))
                0x0000000000000000                __non_init_size__ = SIZEOF (.non_init)
                0x0000000020000684                __non_init_load_end__ = __non_init_end__
                0x0000000000000001                . = ASSERT (((__non_init_start__ == __non_init_end__) || ((__non_init_end__ >= __RAM_segment_start__) && (__non_init_end__ <= __RAM_segment_end__))), error: .non_init is too large to fit in RAM memory segment)
                0x0000000020000684                __heap_load_start__ = ALIGN (__non_init_end__, 0x4)

.heap           0x0000000020000684     0x2000
                0x0000000020000684                __heap_start__ = .
 *(.heap .heap.*)
                0x0000000020002684                . = ALIGN (MAX ((__heap_start__ + __HEAPSIZE__), .), 0x4)
 *fill*         0x0000000020000684     0x2000 
                0x0000000020002684                __heap_end__ = (__heap_start__ + SIZEOF (.heap))
                0x0000000000002000                __heap_size__ = SIZEOF (.heap)
                0x0000000020002684                __heap_load_end__ = __heap_end__
                0x0000000000000001                . = ASSERT (((__heap_start__ == __heap_end__) || ((__heap_end__ >= __RAM_segment_start__) && (__heap_end__ <= __RAM_segment_end__))), error: .heap is too large to fit in RAM memory segment)
                0x000000002003e000                __stack_load_start__ = (__RAM_segment_end__ - 0x2000)

.stack          0x000000002003e000     0x2000
                0x000000002003e000                __stack_start__ = .
                0x000000002003e000                __StackLimit = __stack_start__
 *(.stack .stack.*)
                0x0000000020040000                . = ALIGN (MAX ((__stack_start__ + __STACKSIZE__), .), 0x8)
 *fill*         0x000000002003e000     0x2000 
                0x0000000020040000                __stack_end__ = (__stack_start__ + SIZEOF (.stack))
                0x0000000000002000                __stack_size__ = SIZEOF (.stack)
                0x0000000020040000                __StackTop = __stack_end__
                0x0000000020040000                __stack_load_end__ = __stack_end__
                0x0000000000000001                . = ASSERT (((__stack_start__ == __stack_end__) || ((__stack_end__ >= __RAM_segment_start__) && (__stack_end__ <= __RAM_segment_end__))), error: .stack is too large to fit in RAM memory segment)
                0x0000000000000001                . = ASSERT ((__heap_end__ <= __stack_start__), error: section .heap overlaps absolute placed section .stack)
                0x0000000020040000                __stack_process_load_start__ = ALIGN (__stack_end__, 0x8)

.stack_process  0x0000000020040000        0x0
                0x0000000020040000                __stack_process_start__ = .
 *(.stack_process .stack_process.*)
                0x0000000020040000                . = ALIGN (MAX ((__stack_process_start__ + __STACKSIZE_PROCESS__), .), 0x8)
                0x0000000020040000                __stack_process_end__ = (__stack_process_start__ + SIZEOF (.stack_process))
                0x0000000000000000                __stack_process_size__ = SIZEOF (.stack_process)
                0x0000000020040000                __stack_process_load_end__ = __stack_process_end__
                0x0000000020040000                __RAM_segment_used_end__ = (ALIGN (__stack_end__, 0x8) + SIZEOF (.stack_process))
                0x0000000000040000                __RAM_segment_used_size__ = (__RAM_segment_used_end__ - __RAM_segment_start__)
                0x0000000000000001                . = ASSERT (((__stack_process_start__ == __stack_process_end__) || ((__stack_process_end__ >= __RAM_segment_start__) && (__stack_process_end__ <= __RAM_segment_end__))), error: .stack_process is too large to fit in RAM memory segment)
START GROUP
LOAD Output/lpcomp_pca10056 Release/Obj/thumb_crt0.o
LOAD Output/lpcomp_pca10056 Release/Obj/nrf_log_backend_rtt.o
LOAD Output/lpcomp_pca10056 Release/Obj/nrf_log_backend_serial.o
LOAD Output/lpcomp_pca10056 Release/Obj/nrf_log_backend_uart.o
LOAD Output/lpcomp_pca10056 Release/Obj/nrf_log_default_backends.o
LOAD Output/lpcomp_pca10056 Release/Obj/nrf_log_frontend.o
LOAD Output/lpcomp_pca10056 Release/Obj/nrf_log_str_formatter.o
LOAD Output/lpcomp_pca10056 Release/Obj/boards.o
LOAD Output/lpcomp_pca10056 Release/Obj/app_error.o
LOAD Output/lpcomp_pca10056 Release/Obj/app_error_handler_gcc.o
LOAD Output/lpcomp_pca10056 Release/Obj/app_error_weak.o
LOAD Output/lpcomp_pca10056 Release/Obj/app_util_platform.o
LOAD Output/lpcomp_pca10056 Release/Obj/nrf_assert.o
LOAD Output/lpcomp_pca10056 Release/Obj/nrf_atomic.o
LOAD Output/lpcomp_pca10056 Release/Obj/nrf_balloc.o
LOAD Output/lpcomp_pca10056 Release/Obj/nrf_fprintf.o
LOAD Output/lpcomp_pca10056 Release/Obj/nrf_fprintf_format.o
LOAD Output/lpcomp_pca10056 Release/Obj/nrf_memobj.o
LOAD Output/lpcomp_pca10056 Release/Obj/nrf_ringbuf.o
LOAD Output/lpcomp_pca10056 Release/Obj/nrf_strerror.o
LOAD Output/lpcomp_pca10056 Release/Obj/nrf_drv_uart.o
LOAD Output/lpcomp_pca10056 Release/Obj/nrfx_lpcomp.o
LOAD Output/lpcomp_pca10056 Release/Obj/nrfx_prs.o
LOAD Output/lpcomp_pca10056 Release/Obj/nrfx_uart.o
LOAD Output/lpcomp_pca10056 Release/Obj/nrfx_uarte.o
LOAD Output/lpcomp_pca10056 Release/Obj/main.o
LOAD Output/lpcomp_pca10056 Release/Obj/SEGGER_RTT.o
LOAD Output/lpcomp_pca10056 Release/Obj/SEGGER_RTT_Syscalls_SES.o
LOAD Output/lpcomp_pca10056 Release/Obj/SEGGER_RTT_printf.o
LOAD Output/lpcomp_pca10056 Release/Obj/ses_startup_nrf52840.o
LOAD Output/lpcomp_pca10056 Release/Obj/ses_startup_nrf_common.o
LOAD Output/lpcomp_pca10056 Release/Obj/system_nrf52840.o
LOAD C:/SEGGER/arm_segger_embedded_studio_v414_win_x64_nordic/lib/libdebugio_mempoll_v7em_fpv4_sp_d16_hard_t_le_eabi.a
LOAD C:/SEGGER/arm_segger_embedded_studio_v414_win_x64_nordic/lib/libm_v7em_fpv4_sp_d16_hard_t_le_eabi.a
LOAD C:/SEGGER/arm_segger_embedded_studio_v414_win_x64_nordic/lib/libc_v7em_fpv4_sp_d16_hard_t_le_eabi.a
LOAD C:/SEGGER/arm_segger_embedded_studio_v414_win_x64_nordic/lib/libcpp_v7em_fpv4_sp_d16_hard_t_le_eabi.a
LOAD C:/SEGGER/arm_segger_embedded_studio_v414_win_x64_nordic/lib/libdebugio_v7em_fpv4_sp_d16_hard_t_le_eabi.a
LOAD C:/SEGGER/arm_segger_embedded_studio_v414_win_x64_nordic/lib/libvfprintf_v7em_fpv4_sp_d16_hard_t_le_eabi.o
LOAD C:/SEGGER/arm_segger_embedded_studio_v414_win_x64_nordic/lib/libvfscanf_v7em_fpv4_sp_d16_hard_t_le_eabi.o
END GROUP
OUTPUT(Output/Release/Exe/lpcomp_pca10056.elf elf32-littlearm)

.ARM.attributes
                0x0000000000000000       0x35
 .ARM.attributes
                0x0000000000000000       0x25 Output/lpcomp_pca10056 Release/Obj/thumb_crt0.o
 .ARM.attributes
                0x0000000000000025       0x39 Output/lpcomp_pca10056 Release/Obj/nrf_log_backend_serial.o
 .ARM.attributes
                0x000000000000005e       0x39 Output/lpcomp_pca10056 Release/Obj/nrf_log_backend_uart.o
 .ARM.attributes
                0x0000000000000097       0x39 Output/lpcomp_pca10056 Release/Obj/nrf_log_default_backends.o
 .ARM.attributes
                0x00000000000000d0       0x39 Output/lpcomp_pca10056 Release/Obj/nrf_log_frontend.o
 .ARM.attributes
                0x0000000000000109       0x39 Output/lpcomp_pca10056 Release/Obj/nrf_log_str_formatter.o
 .ARM.attributes
                0x0000000000000142       0x39 Output/lpcomp_pca10056 Release/Obj/boards.o
 .ARM.attributes
                0x000000000000017b       0x39 Output/lpcomp_pca10056 Release/Obj/app_error.o
 .ARM.attributes
                0x00000000000001b4       0x39 Output/lpcomp_pca10056 Release/Obj/app_error_weak.o
 .ARM.attributes
                0x00000000000001ed       0x39 Output/lpcomp_pca10056 Release/Obj/app_util_platform.o
 .ARM.attributes
                0x0000000000000226       0x39 Output/lpcomp_pca10056 Release/Obj/nrf_atomic.o
 .ARM.attributes
                0x000000000000025f       0x39 Output/lpcomp_pca10056 Release/Obj/nrf_balloc.o
 .ARM.attributes
                0x0000000000000298       0x39 Output/lpcomp_pca10056 Release/Obj/nrf_fprintf.o
 .ARM.attributes
                0x00000000000002d1       0x39 Output/lpcomp_pca10056 Release/Obj/nrf_fprintf_format.o
 .ARM.attributes
                0x000000000000030a       0x39 Output/lpcomp_pca10056 Release/Obj/nrf_memobj.o
 .ARM.attributes
                0x0000000000000343       0x39 Output/lpcomp_pca10056 Release/Obj/nrf_ringbuf.o
 .ARM.attributes
                0x000000000000037c       0x39 Output/lpcomp_pca10056 Release/Obj/nrf_drv_uart.o
 .ARM.attributes
                0x00000000000003b5       0x39 Output/lpcomp_pca10056 Release/Obj/nrfx_lpcomp.o
 .ARM.attributes
                0x00000000000003ee       0x39 Output/lpcomp_pca10056 Release/Obj/nrfx_prs.o
 .ARM.attributes
                0x0000000000000427       0x39 Output/lpcomp_pca10056 Release/Obj/nrfx_uart.o
 .ARM.attributes
                0x0000000000000460       0x39 Output/lpcomp_pca10056 Release/Obj/nrfx_uarte.o
 .ARM.attributes
                0x0000000000000499       0x39 Output/lpcomp_pca10056 Release/Obj/main.o
 .ARM.attributes
                0x00000000000004d2       0x25 Output/lpcomp_pca10056 Release/Obj/ses_startup_nrf52840.o
 .ARM.attributes
                0x00000000000004f7       0x25 Output/lpcomp_pca10056 Release/Obj/ses_startup_nrf_common.o
 .ARM.attributes
                0x000000000000051c       0x39 Output/lpcomp_pca10056 Release/Obj/system_nrf52840.o
 .ARM.attributes
                0x0000000000000555       0x34 C:/SEGGER/arm_segger_embedded_studio_v414_win_x64_nordic/lib/libc_v7em_fpv4_sp_d16_hard_t_le_eabi.a(libc2.o)
 .ARM.attributes
                0x0000000000000589       0x20 C:/SEGGER/arm_segger_embedded_studio_v414_win_x64_nordic/lib/libc_v7em_fpv4_sp_d16_hard_t_le_eabi.a(libc2_asm.o)

.comment        0x0000000000000000       0x4c
 .comment       0x0000000000000000       0x4c Output/lpcomp_pca10056 Release/Obj/nrf_log_backend_serial.o
                                         0x4d (size before relaxing)
 .comment       0x000000000000004c       0x4d Output/lpcomp_pca10056 Release/Obj/nrf_log_backend_uart.o
 .comment       0x000000000000004c       0x4d Output/lpcomp_pca10056 Release/Obj/nrf_log_default_backends.o
 .comment       0x000000000000004c       0x4d Output/lpcomp_pca10056 Release/Obj/nrf_log_frontend.o
 .comment       0x000000000000004c       0x4d Output/lpcomp_pca10056 Release/Obj/nrf_log_str_formatter.o
 .comment       0x000000000000004c       0x4d Output/lpcomp_pca10056 Release/Obj/boards.o
 .comment       0x000000000000004c       0x4d Output/lpcomp_pca10056 Release/Obj/app_error.o
 .comment       0x000000000000004c       0x4d Output/lpcomp_pca10056 Release/Obj/app_error_weak.o
 .comment       0x000000000000004c       0x4d Output/lpcomp_pca10056 Release/Obj/app_util_platform.o
 .comment       0x000000000000004c       0x4d Output/lpcomp_pca10056 Release/Obj/nrf_atomic.o
 .comment       0x000000000000004c       0x4d Output/lpcomp_pca10056 Release/Obj/nrf_balloc.o
 .comment       0x000000000000004c       0x4d Output/lpcomp_pca10056 Release/Obj/nrf_fprintf.o
 .comment       0x000000000000004c       0x4d Output/lpcomp_pca10056 Release/Obj/nrf_fprintf_format.o
 .comment       0x000000000000004c       0x4d Output/lpcomp_pca10056 Release/Obj/nrf_memobj.o
 .comment       0x000000000000004c       0x4d Output/lpcomp_pca10056 Release/Obj/nrf_ringbuf.o
 .comment       0x000000000000004c       0x4d Output/lpcomp_pca10056 Release/Obj/nrf_drv_uart.o
 .comment       0x000000000000004c       0x4d Output/lpcomp_pca10056 Release/Obj/nrfx_lpcomp.o
 .comment       0x000000000000004c       0x4d Output/lpcomp_pca10056 Release/Obj/nrfx_prs.o
 .comment       0x000000000000004c       0x4d Output/lpcomp_pca10056 Release/Obj/nrfx_uart.o
 .comment       0x000000000000004c       0x4d Output/lpcomp_pca10056 Release/Obj/nrfx_uarte.o
 .comment       0x000000000000004c       0x4d Output/lpcomp_pca10056 Release/Obj/main.o
 .comment       0x000000000000004c       0x4d Output/lpcomp_pca10056 Release/Obj/system_nrf52840.o
 .comment       0x000000000000004c       0x4d C:/SEGGER/arm_segger_embedded_studio_v414_win_x64_nordic/lib/libc_v7em_fpv4_sp_d16_hard_t_le_eabi.a(libc2.o)

.debug_line     0x0000000000000000     0x907e
 .debug_line    0x0000000000000000      0x1e9 Output/lpcomp_pca10056 Release/Obj/thumb_crt0.o
 .debug_line    0x00000000000001e9      0x612 Output/lpcomp_pca10056 Release/Obj/nrf_log_backend_serial.o
 .debug_line    0x00000000000007fb      0x85a Output/lpcomp_pca10056 Release/Obj/nrf_log_backend_uart.o
 .debug_line    0x0000000000001055      0x5a2 Output/lpcomp_pca10056 Release/Obj/nrf_log_default_backends.o
 .debug_line    0x00000000000015f7      0xa1a Output/lpcomp_pca10056 Release/Obj/nrf_log_frontend.o
 .debug_line    0x0000000000002011      0x65c Output/lpcomp_pca10056 Release/Obj/nrf_log_str_formatter.o
 .debug_line    0x000000000000266d      0x681 Output/lpcomp_pca10056 Release/Obj/boards.o
 .debug_line    0x0000000000002cee      0x30e Output/lpcomp_pca10056 Release/Obj/app_error.o
 .debug_line    0x0000000000002ffc      0x633 Output/lpcomp_pca10056 Release/Obj/app_error_weak.o
 .debug_line    0x000000000000362f      0x396 Output/lpcomp_pca10056 Release/Obj/app_util_platform.o
 .debug_line    0x00000000000039c5      0x4e5 Output/lpcomp_pca10056 Release/Obj/nrf_atomic.o
 .debug_line    0x0000000000003eaa      0x539 Output/lpcomp_pca10056 Release/Obj/nrf_balloc.o
 .debug_line    0x00000000000043e3      0x39c Output/lpcomp_pca10056 Release/Obj/nrf_fprintf.o
 .debug_line    0x000000000000477f      0x4e0 Output/lpcomp_pca10056 Release/Obj/nrf_fprintf_format.o
 .debug_line    0x0000000000004c5f      0x5e0 Output/lpcomp_pca10056 Release/Obj/nrf_memobj.o
 .debug_line    0x000000000000523f      0x4d8 Output/lpcomp_pca10056 Release/Obj/nrf_ringbuf.o
 .debug_line    0x0000000000005717      0x5d3 Output/lpcomp_pca10056 Release/Obj/nrf_drv_uart.o
 .debug_line    0x0000000000005cea      0x86d Output/lpcomp_pca10056 Release/Obj/nrfx_lpcomp.o
 .debug_line    0x0000000000006557      0x6b7 Output/lpcomp_pca10056 Release/Obj/nrfx_prs.o
 .debug_line    0x0000000000006c0e      0xc48 Output/lpcomp_pca10056 Release/Obj/nrfx_uart.o
 .debug_line    0x0000000000007856      0xb46 Output/lpcomp_pca10056 Release/Obj/nrfx_uarte.o
 .debug_line    0x000000000000839c      0x8e5 Output/lpcomp_pca10056 Release/Obj/main.o
 .debug_line    0x0000000000008c81       0xa3 Output/lpcomp_pca10056 Release/Obj/ses_startup_nrf52840.o
 .debug_line    0x0000000000008d24       0xc4 Output/lpcomp_pca10056 Release/Obj/ses_startup_nrf_common.o
 .debug_line    0x0000000000008de8      0x296 Output/lpcomp_pca10056 Release/Obj/system_nrf52840.o

.debug_info     0x0000000000000000    0x197bc
 .debug_info    0x0000000000000000       0x22 Output/lpcomp_pca10056 Release/Obj/thumb_crt0.o
 .debug_info    0x0000000000000022      0xdad Output/lpcomp_pca10056 Release/Obj/nrf_log_backend_serial.o
 .debug_info    0x0000000000000dcf     0x1733 Output/lpcomp_pca10056 Release/Obj/nrf_log_backend_uart.o
 .debug_info    0x0000000000002502      0x980 Output/lpcomp_pca10056 Release/Obj/nrf_log_default_backends.o
 .debug_info    0x0000000000002e82     0x2509 Output/lpcomp_pca10056 Release/Obj/nrf_log_frontend.o
 .debug_info    0x000000000000538b      0xf17 Output/lpcomp_pca10056 Release/Obj/nrf_log_str_formatter.o
 .debug_info    0x00000000000062a2     0x10e8 Output/lpcomp_pca10056 Release/Obj/boards.o
 .debug_info    0x000000000000738a      0x7e8 Output/lpcomp_pca10056 Release/Obj/app_error.o
 .debug_info    0x0000000000007b72      0xbd2 Output/lpcomp_pca10056 Release/Obj/app_error_weak.o
 .debug_info    0x0000000000008744      0xc93 Output/lpcomp_pca10056 Release/Obj/app_util_platform.o
 .debug_info    0x00000000000093d7      0xd9e Output/lpcomp_pca10056 Release/Obj/nrf_atomic.o
 .debug_info    0x000000000000a175      0xa0f Output/lpcomp_pca10056 Release/Obj/nrf_balloc.o
 .debug_info    0x000000000000ab84      0x772 Output/lpcomp_pca10056 Release/Obj/nrf_fprintf.o
 .debug_info    0x000000000000b2f6      0xb91 Output/lpcomp_pca10056 Release/Obj/nrf_fprintf_format.o
 .debug_info    0x000000000000be87      0xe67 Output/lpcomp_pca10056 Release/Obj/nrf_memobj.o
 .debug_info    0x000000000000ccee      0xaf5 Output/lpcomp_pca10056 Release/Obj/nrf_ringbuf.o
 .debug_info    0x000000000000d7e3     0x1626 Output/lpcomp_pca10056 Release/Obj/nrf_drv_uart.o
 .debug_info    0x000000000000ee09     0x162d Output/lpcomp_pca10056 Release/Obj/nrfx_lpcomp.o
 .debug_info    0x0000000000010436      0xd77 Output/lpcomp_pca10056 Release/Obj/nrfx_prs.o
 .debug_info    0x00000000000111ad     0x309a Output/lpcomp_pca10056 Release/Obj/nrfx_uart.o
 .debug_info    0x0000000000014247     0x2fb2 Output/lpcomp_pca10056 Release/Obj/nrfx_uarte.o
 .debug_info    0x00000000000171f9     0x11d7 Output/lpcomp_pca10056 Release/Obj/main.o
 .debug_info    0x00000000000183d0       0x26 Output/lpcomp_pca10056 Release/Obj/ses_startup_nrf52840.o
 .debug_info    0x00000000000183f6       0x26 Output/lpcomp_pca10056 Release/Obj/ses_startup_nrf_common.o
 .debug_info    0x000000000001841c     0x13a0 Output/lpcomp_pca10056 Release/Obj/system_nrf52840.o

.debug_abbrev   0x0000000000000000     0x3d6f
 .debug_abbrev  0x0000000000000000       0x12 Output/lpcomp_pca10056 Release/Obj/thumb_crt0.o
 .debug_abbrev  0x0000000000000012      0x237 Output/lpcomp_pca10056 Release/Obj/nrf_log_backend_serial.o
 .debug_abbrev  0x0000000000000249      0x33e Output/lpcomp_pca10056 Release/Obj/nrf_log_backend_uart.o
 .debug_abbrev  0x0000000000000587      0x1da Output/lpcomp_pca10056 Release/Obj/nrf_log_default_backends.o
 .debug_abbrev  0x0000000000000761      0x549 Output/lpcomp_pca10056 Release/Obj/nrf_log_frontend.o
 .debug_abbrev  0x0000000000000caa      0x264 Output/lpcomp_pca10056 Release/Obj/nrf_log_str_formatter.o
 .debug_abbrev  0x0000000000000f0e      0x2fc Output/lpcomp_pca10056 Release/Obj/boards.o
 .debug_abbrev  0x000000000000120a      0x1a9 Output/lpcomp_pca10056 Release/Obj/app_error.o
 .debug_abbrev  0x00000000000013b3      0x229 Output/lpcomp_pca10056 Release/Obj/app_error_weak.o
 .debug_abbrev  0x00000000000015dc      0x273 Output/lpcomp_pca10056 Release/Obj/app_util_platform.o
 .debug_abbrev  0x000000000000184f      0x220 Output/lpcomp_pca10056 Release/Obj/nrf_atomic.o
 .debug_abbrev  0x0000000000001a6f      0x25d Output/lpcomp_pca10056 Release/Obj/nrf_balloc.o
 .debug_abbrev  0x0000000000001ccc      0x1ae Output/lpcomp_pca10056 Release/Obj/nrf_fprintf.o
 .debug_abbrev  0x0000000000001e7a      0x2da Output/lpcomp_pca10056 Release/Obj/nrf_fprintf_format.o
 .debug_abbrev  0x0000000000002154      0x247 Output/lpcomp_pca10056 Release/Obj/nrf_memobj.o
 .debug_abbrev  0x000000000000239b      0x1bf Output/lpcomp_pca10056 Release/Obj/nrf_ringbuf.o
 .debug_abbrev  0x000000000000255a      0x23e Output/lpcomp_pca10056 Release/Obj/nrf_drv_uart.o
 .debug_abbrev  0x0000000000002798      0x37d Output/lpcomp_pca10056 Release/Obj/nrfx_lpcomp.o
 .debug_abbrev  0x0000000000002b15      0x2a3 Output/lpcomp_pca10056 Release/Obj/nrfx_prs.o
 .debug_abbrev  0x0000000000002db8      0x51d Output/lpcomp_pca10056 Release/Obj/nrfx_uart.o
 .debug_abbrev  0x00000000000032d5      0x4cf Output/lpcomp_pca10056 Release/Obj/nrfx_uarte.o
 .debug_abbrev  0x00000000000037a4      0x381 Output/lpcomp_pca10056 Release/Obj/main.o
 .debug_abbrev  0x0000000000003b25       0x14 Output/lpcomp_pca10056 Release/Obj/ses_startup_nrf52840.o
 .debug_abbrev  0x0000000000003b39       0x14 Output/lpcomp_pca10056 Release/Obj/ses_startup_nrf_common.o
 .debug_abbrev  0x0000000000003b4d      0x222 Output/lpcomp_pca10056 Release/Obj/system_nrf52840.o

.debug_aranges  0x0000000000000000      0x778
 .debug_aranges
                0x0000000000000000       0x80 Output/lpcomp_pca10056 Release/Obj/thumb_crt0.o
 .debug_aranges
                0x0000000000000080       0x20 Output/lpcomp_pca10056 Release/Obj/nrf_log_backend_serial.o
 .debug_aranges
                0x00000000000000a0       0x50 Output/lpcomp_pca10056 Release/Obj/nrf_log_backend_uart.o
 .debug_aranges
                0x00000000000000f0       0x20 Output/lpcomp_pca10056 Release/Obj/nrf_log_default_backends.o
 .debug_aranges
                0x0000000000000110       0xd0 Output/lpcomp_pca10056 Release/Obj/nrf_log_frontend.o
 .debug_aranges
                0x00000000000001e0       0x40 Output/lpcomp_pca10056 Release/Obj/nrf_log_str_formatter.o
 .debug_aranges
                0x0000000000000220       0x78 Output/lpcomp_pca10056 Release/Obj/boards.o
 .debug_aranges
                0x0000000000000298       0x28 Output/lpcomp_pca10056 Release/Obj/app_error.o
 .debug_aranges
                0x00000000000002c0       0x20 Output/lpcomp_pca10056 Release/Obj/app_error_weak.o
 .debug_aranges
                0x00000000000002e0       0x48 Output/lpcomp_pca10056 Release/Obj/app_util_platform.o
 .debug_aranges
                0x0000000000000328       0xb0 Output/lpcomp_pca10056 Release/Obj/nrf_atomic.o
 .debug_aranges
                0x00000000000003d8       0x30 Output/lpcomp_pca10056 Release/Obj/nrf_balloc.o
 .debug_aranges
                0x0000000000000408       0x28 Output/lpcomp_pca10056 Release/Obj/nrf_fprintf.o
 .debug_aranges
                0x0000000000000430       0x30 Output/lpcomp_pca10056 Release/Obj/nrf_fprintf_format.o
 .debug_aranges
                0x0000000000000460       0x58 Output/lpcomp_pca10056 Release/Obj/nrf_memobj.o
 .debug_aranges
                0x00000000000004b8       0x50 Output/lpcomp_pca10056 Release/Obj/nrf_ringbuf.o
 .debug_aranges
                0x0000000000000508       0x30 Output/lpcomp_pca10056 Release/Obj/nrf_drv_uart.o
 .debug_aranges
                0x0000000000000538       0x48 Output/lpcomp_pca10056 Release/Obj/nrfx_lpcomp.o
 .debug_aranges
                0x0000000000000580       0x30 Output/lpcomp_pca10056 Release/Obj/nrfx_prs.o
 .debug_aranges
                0x00000000000005b0       0xa8 Output/lpcomp_pca10056 Release/Obj/nrfx_uart.o
 .debug_aranges
                0x0000000000000658       0x80 Output/lpcomp_pca10056 Release/Obj/nrfx_uarte.o
 .debug_aranges
                0x00000000000006d8       0x30 Output/lpcomp_pca10056 Release/Obj/main.o
 .debug_aranges
                0x0000000000000708       0x20 Output/lpcomp_pca10056 Release/Obj/ses_startup_nrf52840.o
 .debug_aranges
                0x0000000000000728       0x20 Output/lpcomp_pca10056 Release/Obj/ses_startup_nrf_common.o
 .debug_aranges
                0x0000000000000748       0x30 Output/lpcomp_pca10056 Release/Obj/system_nrf52840.o

.debug_str      0x0000000000000000    0x86a93
 .debug_str     0x0000000000000000       0xc7 Output/lpcomp_pca10056 Release/Obj/thumb_crt0.o
 .debug_str     0x00000000000000c7    0x7b88e Output/lpcomp_pca10056 Release/Obj/nrf_log_backend_serial.o
                                      0x7ca0a (size before relaxing)
 .debug_str     0x000000000007b955     0x3e02 Output/lpcomp_pca10056 Release/Obj/nrf_log_backend_uart.o
                                      0x80327 (size before relaxing)
 .debug_str     0x000000000007f757      0x148 Output/lpcomp_pca10056 Release/Obj/nrf_log_default_backends.o
                                      0x7c7c6 (size before relaxing)
 .debug_str     0x000000000007f89f     0x1392 Output/lpcomp_pca10056 Release/Obj/nrf_log_frontend.o
                                      0x7dc6c (size before relaxing)
 .debug_str     0x0000000000080c31      0x2ea Output/lpcomp_pca10056 Release/Obj/nrf_log_str_formatter.o
                                      0x7cb41 (size before relaxing)
 .debug_str     0x0000000000080f1b     0x17f2 Output/lpcomp_pca10056 Release/Obj/boards.o
                                      0x7cf1b (size before relaxing)
 .debug_str     0x000000000008270d      0x120 Output/lpcomp_pca10056 Release/Obj/app_error.o
                                      0x6ebc9 (size before relaxing)
 .debug_str     0x000000000008282d      0x105 Output/lpcomp_pca10056 Release/Obj/app_error_weak.o
                                      0x7ce8f (size before relaxing)
 .debug_str     0x0000000000082932      0x418 Output/lpcomp_pca10056 Release/Obj/app_util_platform.o
                                      0x6f400 (size before relaxing)
 .debug_str     0x0000000000082d4a      0x6e5 Output/lpcomp_pca10056 Release/Obj/nrf_atomic.o
                                      0x78f3c (size before relaxing)
 .debug_str     0x000000000008342f      0x190 Output/lpcomp_pca10056 Release/Obj/nrf_balloc.o
                                      0x7c856 (size before relaxing)
 .debug_str     0x00000000000835bf      0x12e Output/lpcomp_pca10056 Release/Obj/nrf_fprintf.o
                                      0x78ad6 (size before relaxing)
 .debug_str     0x00000000000836ed      0x149 Output/lpcomp_pca10056 Release/Obj/nrf_fprintf_format.o
                                      0x78bcb (size before relaxing)
 .debug_str     0x0000000000083836      0x1d8 Output/lpcomp_pca10056 Release/Obj/nrf_memobj.o
                                      0x7abec (size before relaxing)
 .debug_str     0x0000000000083a0e      0x10e Output/lpcomp_pca10056 Release/Obj/nrf_ringbuf.o
                                      0x79312 (size before relaxing)
 .debug_str     0x0000000000083b1c      0x49c Output/lpcomp_pca10056 Release/Obj/nrf_drv_uart.o
                                      0x7cb84 (size before relaxing)
 .debug_str     0x0000000000083fb8      0xee1 Output/lpcomp_pca10056 Release/Obj/nrfx_lpcomp.o
                                      0x7f85c (size before relaxing)
 .debug_str     0x0000000000084e99      0x2ac Output/lpcomp_pca10056 Release/Obj/nrfx_prs.o
                                      0x7edaa (size before relaxing)
 .debug_str     0x0000000000085145      0x701 Output/lpcomp_pca10056 Release/Obj/nrfx_uart.o
                                      0x7ffa2 (size before relaxing)
 .debug_str     0x0000000000085846      0x900 Output/lpcomp_pca10056 Release/Obj/nrfx_uarte.o
                                      0x803a0 (size before relaxing)
 .debug_str     0x0000000000086146      0x288 Output/lpcomp_pca10056 Release/Obj/main.o
                                      0x81825 (size before relaxing)
 .debug_str     0x00000000000863ce       0x66 Output/lpcomp_pca10056 Release/Obj/ses_startup_nrf52840.o
                                         0xe0 (size before relaxing)
 .debug_str     0x0000000000086434       0x68 Output/lpcomp_pca10056 Release/Obj/ses_startup_nrf_common.o
                                         0xe2 (size before relaxing)
 .debug_str     0x000000000008649c      0x5f7 Output/lpcomp_pca10056 Release/Obj/system_nrf52840.o
                                      0x6d6ea (size before relaxing)

.debug_ranges   0x0000000000000000      0xca8
 .debug_ranges  0x0000000000000000       0x78 Output/lpcomp_pca10056 Release/Obj/thumb_crt0.o
 .debug_ranges  0x0000000000000078       0x28 Output/lpcomp_pca10056 Release/Obj/nrf_log_backend_serial.o
 .debug_ranges  0x00000000000000a0       0x78 Output/lpcomp_pca10056 Release/Obj/nrf_log_backend_uart.o
 .debug_ranges  0x0000000000000118       0x10 Output/lpcomp_pca10056 Release/Obj/nrf_log_default_backends.o
 .debug_ranges  0x0000000000000128      0x2e0 Output/lpcomp_pca10056 Release/Obj/nrf_log_frontend.o
 .debug_ranges  0x0000000000000408       0x60 Output/lpcomp_pca10056 Release/Obj/nrf_log_str_formatter.o
 .debug_ranges  0x0000000000000468       0x68 Output/lpcomp_pca10056 Release/Obj/boards.o
 .debug_ranges  0x00000000000004d0       0x18 Output/lpcomp_pca10056 Release/Obj/app_error.o
 .debug_ranges  0x00000000000004e8       0x10 Output/lpcomp_pca10056 Release/Obj/app_error_weak.o
 .debug_ranges  0x00000000000004f8       0x38 Output/lpcomp_pca10056 Release/Obj/app_util_platform.o
 .debug_ranges  0x0000000000000530       0xb8 Output/lpcomp_pca10056 Release/Obj/nrf_atomic.o
 .debug_ranges  0x00000000000005e8       0x20 Output/lpcomp_pca10056 Release/Obj/nrf_balloc.o
 .debug_ranges  0x0000000000000608       0x18 Output/lpcomp_pca10056 Release/Obj/nrf_fprintf.o
 .debug_ranges  0x0000000000000620       0x58 Output/lpcomp_pca10056 Release/Obj/nrf_fprintf_format.o
 .debug_ranges  0x0000000000000678       0x48 Output/lpcomp_pca10056 Release/Obj/nrf_memobj.o
 .debug_ranges  0x00000000000006c0       0x40 Output/lpcomp_pca10056 Release/Obj/nrf_ringbuf.o
 .debug_ranges  0x0000000000000700       0x20 Output/lpcomp_pca10056 Release/Obj/nrf_drv_uart.o
 .debug_ranges  0x0000000000000720       0xb0 Output/lpcomp_pca10056 Release/Obj/nrfx_lpcomp.o
 .debug_ranges  0x00000000000007d0       0x50 Output/lpcomp_pca10056 Release/Obj/nrfx_prs.o
 .debug_ranges  0x0000000000000820      0x248 Output/lpcomp_pca10056 Release/Obj/nrfx_uart.o
 .debug_ranges  0x0000000000000a68      0x1a8 Output/lpcomp_pca10056 Release/Obj/nrfx_uarte.o
 .debug_ranges  0x0000000000000c10       0x78 Output/lpcomp_pca10056 Release/Obj/main.o
 .debug_ranges  0x0000000000000c88       0x20 Output/lpcomp_pca10056 Release/Obj/system_nrf52840.o

.debug_frame    0x0000000000000000     0x1254
 .debug_frame   0x0000000000000000       0x48 Output/lpcomp_pca10056 Release/Obj/nrf_log_backend_serial.o
 .debug_frame   0x0000000000000048       0xdc Output/lpcomp_pca10056 Release/Obj/nrf_log_backend_uart.o
 .debug_frame   0x0000000000000124       0x2c Output/lpcomp_pca10056 Release/Obj/nrf_log_default_backends.o
 .debug_frame   0x0000000000000150      0x304 Output/lpcomp_pca10056 Release/Obj/nrf_log_frontend.o
 .debug_frame   0x0000000000000454      0x100 Output/lpcomp_pca10056 Release/Obj/nrf_log_str_formatter.o
 .debug_frame   0x0000000000000554      0x104 Output/lpcomp_pca10056 Release/Obj/boards.o
 .debug_frame   0x0000000000000658       0x58 Output/lpcomp_pca10056 Release/Obj/app_error.o
 .debug_frame   0x00000000000006b0       0x2c Output/lpcomp_pca10056 Release/Obj/app_error_weak.o
 .debug_frame   0x00000000000006dc       0x70 Output/lpcomp_pca10056 Release/Obj/app_util_platform.o
 .debug_frame   0x000000000000074c      0x150 Output/lpcomp_pca10056 Release/Obj/nrf_atomic.o
 .debug_frame   0x000000000000089c       0x78 Output/lpcomp_pca10056 Release/Obj/nrf_balloc.o
 .debug_frame   0x0000000000000914       0x6c Output/lpcomp_pca10056 Release/Obj/nrf_fprintf.o
 .debug_frame   0x0000000000000980       0xc0 Output/lpcomp_pca10056 Release/Obj/nrf_fprintf_format.o
 .debug_frame   0x0000000000000a40      0x118 Output/lpcomp_pca10056 Release/Obj/nrf_memobj.o
 .debug_frame   0x0000000000000b58       0xf0 Output/lpcomp_pca10056 Release/Obj/nrf_ringbuf.o
 .debug_frame   0x0000000000000c48       0x88 Output/lpcomp_pca10056 Release/Obj/nrf_drv_uart.o
 .debug_frame   0x0000000000000cd0       0xc0 Output/lpcomp_pca10056 Release/Obj/nrfx_lpcomp.o
 .debug_frame   0x0000000000000d90       0x50 Output/lpcomp_pca10056 Release/Obj/nrfx_prs.o
 .debug_frame   0x0000000000000de0      0x22c Output/lpcomp_pca10056 Release/Obj/nrfx_uart.o
 .debug_frame   0x000000000000100c      0x18c Output/lpcomp_pca10056 Release/Obj/nrfx_uarte.o
 .debug_frame   0x0000000000001198       0x70 Output/lpcomp_pca10056 Release/Obj/main.o
 .debug_frame   0x0000000000001208       0x4c Output/lpcomp_pca10056 Release/Obj/system_nrf52840.o

.debug_loc      0x0000000000000000     0x6374
 .debug_loc     0x0000000000000000      0x145 Output/lpcomp_pca10056 Release/Obj/nrf_log_backend_serial.o
 .debug_loc     0x0000000000000145      0x218 Output/lpcomp_pca10056 Release/Obj/nrf_log_backend_uart.o
 .debug_loc     0x000000000000035d       0x15 Output/lpcomp_pca10056 Release/Obj/nrf_log_default_backends.o
 .debug_loc     0x0000000000000372     0x136c Output/lpcomp_pca10056 Release/Obj/nrf_log_frontend.o
 .debug_loc     0x00000000000016de      0x32b Output/lpcomp_pca10056 Release/Obj/nrf_log_str_formatter.o