Archive member included to satisfy reference by file (symbol)

C:/SEGGER/arm_segger_embedded_studio_v414_win_x64_nordic/lib/libc_v7em_fpv4_sp_d16_hard_t_le_eabi.a(libc_asm.o)
                              Output/spis_pca10056 Release/Obj/bsp.o (__aeabi_uldivmod)
C:/SEGGER/arm_segger_embedded_studio_v414_win_x64_nordic/lib/libc_v7em_fpv4_sp_d16_hard_t_le_eabi.a(libc2.o)
                              Output/spis_pca10056 Release/Obj/nrf_log_str_formatter.o (isprint)
C:/SEGGER/arm_segger_embedded_studio_v414_win_x64_nordic/lib/libc_v7em_fpv4_sp_d16_hard_t_le_eabi.a(libc2_asm.o)
                              Output/spis_pca10056 Release/Obj/nrf_log_frontend.o (memcpy)
C:/SEGGER/arm_segger_embedded_studio_v414_win_x64_nordic/lib/libc_v7em_fpv4_sp_d16_hard_t_le_eabi.a(libc.o)
                              C:/SEGGER/arm_segger_embedded_studio_v414_win_x64_nordic/lib/libc_v7em_fpv4_sp_d16_hard_t_le_eabi.a(libc2.o) (__heap_lock)
C:/SEGGER/arm_segger_embedded_studio_v414_win_x64_nordic/lib/libdebugio_v7em_fpv4_sp_d16_hard_t_le_eabi.a(libdebugio.o)
                              Output/spis_pca10056 Release/Obj/thumb_crt0.o (debug_fopen)
C:/SEGGER/arm_segger_embedded_studio_v414_win_x64_nordic/lib/libdebugio_mempoll_v7em_fpv4_sp_d16_hard_t_le_eabi.a(mempoll_debug_operations.o)
                              C:/SEGGER/arm_segger_embedded_studio_v414_win_x64_nordic/lib/libdebugio_v7em_fpv4_sp_d16_hard_t_le_eabi.a(libdebugio.o) (__do_debug_operation)
C:/SEGGER/arm_segger_embedded_studio_v414_win_x64_nordic/lib/libdebugio_mempoll_v7em_fpv4_sp_d16_hard_t_le_eabi.a(do_nv_debug_operation.o)
                              C:/SEGGER/arm_segger_embedded_studio_v414_win_x64_nordic/lib/libdebugio_v7em_fpv4_sp_d16_hard_t_le_eabi.a(libdebugio.o) (__do_nvdebug_operation)
C:/SEGGER/arm_segger_embedded_studio_v414_win_x64_nordic/lib/libm_v7em_fpv4_sp_d16_hard_t_le_eabi.a(libm_asm.o)
                              C:/SEGGER/arm_segger_embedded_studio_v414_win_x64_nordic/lib/libc_v7em_fpv4_sp_d16_hard_t_le_eabi.a(libc2.o) (__aeabi_i2d)
C:/SEGGER/arm_segger_embedded_studio_v414_win_x64_nordic/lib/libm_v7em_fpv4_sp_d16_hard_t_le_eabi.a(libm2.o)
                              C:/SEGGER/arm_segger_embedded_studio_v414_win_x64_nordic/lib/libvfprintf_v7em_fpv4_sp_d16_hard_t_le_eabi.o (frexp)
C:/SEGGER/arm_segger_embedded_studio_v414_win_x64_nordic/lib/libm_v7em_fpv4_sp_d16_hard_t_le_eabi.a(libm2_asm.o)
                              C:/SEGGER/arm_segger_embedded_studio_v414_win_x64_nordic/lib/libm_v7em_fpv4_sp_d16_hard_t_le_eabi.a(libm2.o) (fabs)

Discarded input sections

 .text          0x0000000000000000        0x0 Output/spis_pca10056 Release/Obj/thumb_crt0.o
 .data          0x0000000000000000        0x0 Output/spis_pca10056 Release/Obj/thumb_crt0.o
 .bss           0x0000000000000000        0x0 Output/spis_pca10056 Release/Obj/thumb_crt0.o
 .text.__aeabi_read_tp
                0x0000000000000000        0x8 Output/spis_pca10056 Release/Obj/thumb_crt0.o
 .text.abort    0x0000000000000000        0x2 Output/spis_pca10056 Release/Obj/thumb_crt0.o
 .text.__assert
                0x0000000000000000        0x2 Output/spis_pca10056 Release/Obj/thumb_crt0.o
 .text.__aeabi_assert
                0x0000000000000000        0x2 Output/spis_pca10056 Release/Obj/thumb_crt0.o
 .text.__sync_synchronize
                0x0000000000000000        0x2 Output/spis_pca10056 Release/Obj/thumb_crt0.o
 .text.__getchar
                0x0000000000000000        0x4 Output/spis_pca10056 Release/Obj/thumb_crt0.o
 .text.__putchar
                0x0000000000000000        0x4 Output/spis_pca10056 Release/Obj/thumb_crt0.o
 .text.__open   0x0000000000000000        0x4 Output/spis_pca10056 Release/Obj/thumb_crt0.o
 .text.__close  0x0000000000000000        0x4 Output/spis_pca10056 Release/Obj/thumb_crt0.o
 .text.__write  0x0000000000000000        0xa Output/spis_pca10056 Release/Obj/thumb_crt0.o
 .text.__read   0x0000000000000000        0xa Output/spis_pca10056 Release/Obj/thumb_crt0.o
 .text.__seek   0x0000000000000000       0x1a Output/spis_pca10056 Release/Obj/thumb_crt0.o
 .bss.__user_locale_name_buffer
                0x0000000000000000        0x4 Output/spis_pca10056 Release/Obj/thumb_crt0.o
 .stack         0x0000000000000000        0x0 Output/spis_pca10056 Release/Obj/thumb_crt0.o
 .stack_process
                0x0000000000000000        0x0 Output/spis_pca10056 Release/Obj/thumb_crt0.o
 .heap          0x0000000000000000        0x0 Output/spis_pca10056 Release/Obj/thumb_crt0.o
 .group         0x0000000000000000        0xc Output/spis_pca10056 Release/Obj/nrf_log_backend_rtt.o
 .group         0x0000000000000000        0xc Output/spis_pca10056 Release/Obj/nrf_log_backend_rtt.o
 .group         0x0000000000000000        0xc Output/spis_pca10056 Release/Obj/nrf_log_backend_rtt.o
 .group         0x0000000000000000        0xc Output/spis_pca10056 Release/Obj/nrf_log_backend_rtt.o
 .group         0x0000000000000000        0xc Output/spis_pca10056 Release/Obj/nrf_log_backend_rtt.o
[...]
Memory Configuration

Name             Origin             Length             Attributes
UNPLACED_SECTIONS 0x0000000100000000 0x0000000000000000 xw
RAM              0x0000000020000000 0x0000000000040000 xw
FLASH            0x0000000000000000 0x0000000000100000 xw
*default*        0x0000000000000000 0xffffffffffffffff

Linker script and memory map

                0x0000000000000000                __vfprintf = __vfprintf_long
                0x0000000000000000                __vfscanf = __vfscanf_int
                0x0000000020000000                __RAM_segment_start__ = 0x20000000
                0x0000000020040000                __RAM_segment_end__ = 0x20040000
                0x0000000000040000                __RAM_segment_size__ = 0x40000
                0x0000000000000000                __FLASH_segment_start__ = 0x0
                0x0000000000100000                __FLASH_segment_end__ = 0x100000
                0x0000000000100000                __FLASH_segment_size__ = 0x100000
                0x0000000000002000                __HEAPSIZE__ = 0x2000
                0x0000000000000000                __STACKSIZE_PROCESS__ = 0x0
                0x0000000000002000                __STACKSIZE__ = 0x2000
                0x0000000020000000                __vectors_ram_load_start__ = 0x20000000

.vectors_ram    0x0000000020000000        0x0
                0x0000000020000000                __vectors_ram_start__ = .
                0x0000000020000000                __app_ram_start__ = __vectors_ram_start__
 *(.vectors_ram .vectors_ram.*)
                0x0000000020000000                __vectors_ram_end__ = (__vectors_ram_start__ + SIZEOF (.vectors_ram))
                0x0000000000000000                __vectors_ram_size__ = SIZEOF (.vectors_ram)
                0x0000000020000000                __vectors_ram_load_end__ = __vectors_ram_end__
                0x0000000000000001                . = ASSERT (((__vectors_ram_start__ == __vectors_ram_end__) || ((__vectors_ram_end__ >= __RAM_segment_start__) && (__vectors_ram_end__ <= __RAM_segment_end__))), error: .vectors_ram is too large to fit in RAM memory segment)
                0x0000000020000000                __nrf_sections_run_load_start__ = ALIGN (__vectors_ram_end__, 0x4)

.nrf_sections_run
                0x0000000020000000        0x0
                0x0000000020000000                __nrf_sections_run_start__ = .
                0x0000000020000000                __start_nrf_sections_run = __nrf_sections_run_start__
 *(.nrf_sections_run .nrf_sections_run.*)
                0x0000000020000000                __nrf_sections_run_end__ = (__nrf_sections_run_start__ + SIZEOF (.nrf_sections_run))
                0x0000000000000000                __nrf_sections_run_size__ = SIZEOF (.nrf_sections_run)
                0x0000000020000000                __nrf_sections_run_load_end__ = __nrf_sections_run_end__
                0x0000000000000001                . = ASSERT (((__nrf_sections_run_start__ == __nrf_sections_run_end__) || ((__nrf_sections_run_end__ >= __RAM_segment_start__) && (__nrf_sections_run_end__ <= __RAM_segment_end__))), error: .nrf_sections_run is too large to fit in RAM memory segment)
                0x0000000000000000                __vectors_load_start__ = 0x0

.vectors        0x0000000000000000      0x200
                0x0000000000000000                __vectors_start__ = .
 *(.vectors .vectors.*)
 .vectors       0x0000000000000000      0x200 Output/spis_pca10056 Release/Obj/ses_startup_nrf52840.o
                0x0000000000000000                _vectors
                0x0000000000000200                __vectors_end__ = (__vectors_start__ + SIZEOF (.vectors))
                0x0000000000000200                __vectors_size__ = SIZEOF (.vectors)
                0x0000000000000200                __vectors_load_end__ = __vectors_end__
                0x0000000000000001                . = ASSERT (((__vectors_start__ == __vectors_end__) || ((__vectors_end__ >= __FLASH_segment_start__) && (__vectors_end__ <= __FLASH_segment_end__))), error: .vectors is too large to fit in FLASH memory segment)
                0x0000000000000200                __init_load_start__ = ALIGN (__vectors_end__, 0x4)

.init           0x0000000000000200      0x1d8
                0x0000000000000200                __init_start__ = .
 *(.init .init.*)
 .init          0x0000000000000200      0x160 Output/spis_pca10056 Release/Obj/thumb_crt0.o
                0x0000000000000200                _start
                0x00000000000002b6                exit
 .init          0x0000000000000360       0x18 Output/spis_pca10056 Release/Obj/ses_startup_nrf52840.o
                0x0000000000000360                NMI_Handler
                0x0000000000000362                HardFault_Handler
                0x0000000000000364                MemoryManagement_Handler
                0x0000000000000366                BusFault_Handler
                0x0000000000000368                UsageFault_Handler
                0x000000000000036a                SVC_Handler
                0x000000000000036c                DebugMon_Handler
                0x000000000000036e                PendSV_Handler
                0x0000000000000370                SysTick_Handler
                0x0000000000000372                RTC0_IRQHandler
                0x0000000000000372                POWER_CLOCK_IRQHandler
                0x0000000000000372                RADIO_IRQHandler
                0x0000000000000372                PDM_IRQHandler
                0x0000000000000372                TEMP_IRQHandler
                0x0000000000000372                PWM1_IRQHandler
                0x0000000000000372                TIMER3_IRQHandler
                0x0000000000000372                PWM3_IRQHandler
                0x0000000000000372                FPU_IRQHandler
                0x0000000000000372                USBD_IRQHandler
                0x0000000000000372                SPIM0_SPIS0_TWIM0_TWIS0_SPI0_TWI0_IRQHandler
                0x0000000000000372                SWI2_EGU2_IRQHandler
                0x0000000000000372                TIMER4_IRQHandler
                0x0000000000000372                QDEC_IRQHandler
                0x0000000000000372                I2S_IRQHandler
                0x0000000000000372                SWI4_EGU4_IRQHandler
                0x0000000000000372                TIMER0_IRQHandler
                0x0000000000000372                UARTE1_IRQHandler
                0x0000000000000372                Dummy_Handler
                0x0000000000000372                TIMER1_IRQHandler
                0x0000000000000372                SPIM3_IRQHandler
                0x0000000000000372                PWM2_IRQHandler
                0x0000000000000372                ECB_IRQHandler
                0x0000000000000372                SAADC_IRQHandler
                0x0000000000000372                CCM_AAR_IRQHandler
                0x0000000000000372                WDT_IRQHandler
                0x0000000000000372                QSPI_IRQHandler
                0x0000000000000372                SWI5_EGU5_IRQHandler
                0x0000000000000372                RNG_IRQHandler
                0x0000000000000372                RTC2_IRQHandler
                0x0000000000000372                PWM0_IRQHandler
                0x0000000000000372                SWI3_EGU3_IRQHandler
                0x0000000000000372                SWI1_EGU1_IRQHandler
                0x0000000000000372                SPIM2_SPIS2_SPI2_IRQHandler
                0x0000000000000372                NFCT_IRQHandler
                0x0000000000000372                CRYPTOCELL_IRQHandler
                0x0000000000000372                MWU_IRQHandler
                0x0000000000000372                TIMER2_IRQHandler
                0x0000000000000372                COMP_LPCOMP_IRQHandler
                0x0000000000000374                nRFInitialize
 .init          0x0000000000000378       0x60 Output/spis_pca10056 Release/Obj/ses_startup_nrf_common.o
                0x0000000000000378                Reset_Handler
                0x00000000000003a0                InitializeUserMemorySections
                0x00000000000003d8                __init_end__ = (__init_start__ + SIZEOF (.init))
                0x00000000000001d8                __init_size__ = SIZEOF (.init)
                0x00000000000003d8                __init_load_end__ = __init_end__
                0x0000000000000001                . = ASSERT (((__init_start__ == __init_end__) || ((__init_end__ >= __FLASH_segment_start__) && (__init_end__ <= __FLASH_segment_end__))), error: .init is too large to fit in FLASH memory segment)
                0x00000000000003d8                __init_rodata_load_start__ = ALIGN (__init_end__, 0x4)

.init_rodata    0x00000000000003d8        0x0
                0x00000000000003d8                __init_rodata_start__ = .
 *(.init_rodata .init_rodata.*)
                0x00000000000003d8                __init_rodata_end__ = (__init_rodata_start__ + SIZEOF (.init_rodata))
                0x0000000000000000                __init_rodata_size__ = SIZEOF (.init_rodata)
                0x00000000000003d8                __init_rodata_load_end__ = __init_rodata_end__
                0x0000000000000001                . = ASSERT (((__init_rodata_start__ == __init_rodata_end__) || ((__init_rodata_end__ >= __FLASH_segment_start__) && (__init_rodata_end__ <= __FLASH_segment_end__))), error: .init_rodata is too large to fit in FLASH memory segment)
                0x00000000000003d8                __text_load_start__ = ALIGN (__init_rodata_end__, 0x4)

.text           0x00000000000003d8     0x28e2
                0x00000000000003d8                __text_start__ = .
 *(.text .text.* .glue_7t .glue_7 .gnu.linkonce.t.* .gcc_except_table .ARM.extab* .gnu.linkonce.armextab.*)
 .glue_7        0x00000000000003d8        0x0 linker stubs
 .glue_7t       0x00000000000003d8        0x0 linker stubs
 .text.nrf_log_backend_serial_put
                0x00000000000003d8       0xcc Output/spis_pca10056 Release/Obj/nrf_log_backend_serial.o
                0x00000000000003d8                nrf_log_backend_serial_put
 .text.uart_evt_handler
                0x00000000000004a4        0xc Output/spis_pca10056 Release/Obj/nrf_log_backend_uart.o
 .text.nrf_log_backend_uart_flush
                0x00000000000004b0        0x2 Output/spis_pca10056 Release/Obj/nrf_log_backend_uart.o
 *fill*         0x00000000000004b2        0x2 
 .text.uart_init
                0x00000000000004b4       0x4c Output/spis_pca10056 Release/Obj/nrf_log_backend_uart.o
 .text.nrf_log_backend_uart_put
                0x0000000000000500       0x1c Output/spis_pca10056 Release/Obj/nrf_log_backend_uart.o
 .text.serial_tx
                0x000000000000051c       0x48 Output/spis_pca10056 Release/Obj/nrf_log_backend_uart.o
 .text.nrf_log_backend_uart_panic_set
                0x0000000000000564       0x2c Output/spis_pca10056 Release/Obj/nrf_log_backend_uart.o
 .text.nrf_log_backend_uart_init
                0x0000000000000590        0x6 Output/spis_pca10056 Release/Obj/nrf_log_backend_uart.o
                0x0000000000000590                nrf_log_backend_uart_init
 *fill*         0x0000000000000596        0x2 
 .text.nrf_log_default_backends_init
                0x0000000000000598       0x20 Output/spis_pca10056 Release/Obj/nrf_log_default_backends.o
                0x0000000000000598                nrf_log_default_backends_init
 .text.invalid_packets_omit
                0x00000000000005b8       0x3a Output/spis_pca10056 Release/Obj/nrf_log_frontend.o
 *fill*         0x00000000000005f2        0x2 
 .text.buf_prealloc
                0x00000000000005f4      0x12c Output/spis_pca10056 Release/Obj/nrf_log_frontend.o
 .text.nrf_log_init
                0x0000000000000720       0x3c Output/spis_pca10056 Release/Obj/nrf_log_frontend.o
                0x0000000000000720                nrf_log_init
 .text.nrf_log_module_name_get
                0x000000000000075c       0x38 Output/spis_pca10056 Release/Obj/nrf_log_frontend.o
                0x000000000000075c                nrf_log_module_name_get
 .text.nrf_log_color_id_get
                0x0000000000000794       0x2c Output/spis_pca10056 Release/Obj/nrf_log_frontend.o
                0x0000000000000794                nrf_log_color_id_get
 .text.buffer_is_empty
                0x00000000000007c0       0x14 Output/spis_pca10056 Release/Obj/nrf_log_frontend.o
                0x00000000000007c0                buffer_is_empty
 .text.nrf_log_frontend_dequeue
                0x00000000000007d4      0x220 Output/spis_pca10056 Release/Obj/nrf_log_frontend.o
                0x00000000000007d4                nrf_log_frontend_dequeue
 .text.std_n    0x00000000000009f4       0xb0 Output/spis_pca10056 Release/Obj/nrf_log_frontend.o
 .text.nrf_log_frontend_std_0
                0x0000000000000aa4        0x8 Output/spis_pca10056 Release/Obj/nrf_log_frontend.o
                0x0000000000000aa4                nrf_log_frontend_std_0
 .text.nrf_log_frontend_std_1
                0x0000000000000aac       0x14 Output/spis_pca10056 Release/Obj/nrf_log_frontend.o
                0x0000000000000aac                nrf_log_frontend_std_1
 .text.nrf_log_backend_add
                0x0000000000000ac0       0x44 Output/spis_pca10056 Release/Obj/nrf_log_frontend.o
                0x0000000000000ac0                nrf_log_backend_add
 .text.nrf_log_panic
                0x0000000000000b04       0x2c Output/spis_pca10056 Release/Obj/nrf_log_frontend.o
                0x0000000000000b04                nrf_log_panic
 .text.postfix_process
                0x0000000000000b30       0x3c Output/spis_pca10056 Release/Obj/nrf_log_str_formatter.o
 .text.prefix_process
                0x0000000000000b6c       0x78 Output/spis_pca10056 Release/Obj/nrf_log_str_formatter.o
 .text.nrf_log_std_entry_process
                0x0000000000000be4       0xc8 Output/spis_pca10056 Release/Obj/nrf_log_str_formatter.o
                0x0000000000000be4                nrf_log_std_entry_process
 .text.nrf_log_hexdump_entry_process
                0x0000000000000cac       0xac Output/spis_pca10056 Release/Obj/nrf_log_str_formatter.o
                0x0000000000000cac                nrf_log_hexdump_entry_process
 .text.bsp_board_led_off
                0x0000000000000d58       0x28 Output/spis_pca10056 Release/Obj/boards.o
                0x0000000000000d58                bsp_board_led_off
 .text.bsp_board_leds_off
                0x0000000000000d80       0x1e Output/spis_pca10056 Release/Obj/boards.o
                0x0000000000000d80                bsp_board_leds_off
 *fill*         0x0000000000000d9e        0x2 
 .text.bsp_board_led_invert
                0x0000000000000da0       0x34 Output/spis_pca10056 Release/Obj/boards.o
                0x0000000000000da0                bsp_board_led_invert
 .text.bsp_board_init
                0x0000000000000dd4       0x3e Output/spis_pca10056 Release/Obj/boards.o
                0x0000000000000dd4                bsp_board_init
 .text.app_error_handler_bare
                0x0000000000000e12       0x1a Output/spis_pca10056 Release/Obj/app_error.o
                0x0000000000000e12                app_error_handler_bare
 .text.app_error_fault_handler
                0x0000000000000e2c       0x70 Output/spis_pca10056 Release/Obj/app_error_weak.o
                0x0000000000000e2c                app_error_fault_handler
 .text.nrfx_coredep_delay_us.constprop.3
                0x0000000000000e9c       0x10 Output/spis_pca10056 Release/Obj/app_timer.o
 .text.rtc1_stop
                0x0000000000000eac       0x44 Output/spis_pca10056 Release/Obj/app_timer.o
 .text.RTC1_IRQHandler
                0x0000000000000ef0       0x9c Output/spis_pca10056 Release/Obj/app_timer.o
                0x0000000000000ef0                RTC1_IRQHandler
 .text.SWI0_EGU0_IRQHandler
                0x0000000000000f8c      0x2ac Output/spis_pca10056 Release/Obj/app_timer.o
                0x0000000000000f8c                SWI0_EGU0_IRQHandler
 .text.app_util_disable_irq
                0x0000000000001238       0x10 Output/spis_pca10056 Release/Obj/app_util_platform.o
                0x0000000000001238                app_util_disable_irq
 .text.app_util_enable_irq
                0x0000000000001248       0x14 Output/spis_pca10056 Release/Obj/app_util_platform.o
                0x0000000000001248                app_util_enable_irq
 .text.app_util_critical_region_enter
                0x000000000000125c        0x4 Output/spis_pca10056 Release/Obj/app_util_platform.o
                0x000000000000125c                app_util_critical_region_enter
 .text.app_util_critical_region_exit
                0x0000000000001260        0x4 Output/spis_pca10056 Release/Obj/app_util_platform.o
                0x0000000000001260                app_util_critical_region_exit
 .text.nrf_atomic_u32_fetch_store
                0x0000000000001264       0x14 Output/spis_pca10056 Release/Obj/nrf_atomic.o
                0x0000000000001264                nrf_atomic_u32_fetch_store
 .text.nrf_atomic_u32_or
                0x0000000000001278       0x16 Output/spis_pca10056 Release/Obj/nrf_atomic.o
                0x0000000000001278                nrf_atomic_u32_or
 .text.nrf_atomic_u32_fetch_and
                0x000000000000128e       0x16 Output/spis_pca10056 Release/Obj/nrf_atomic.o
                0x000000000000128e                nrf_atomic_u32_fetch_and
 .text.nrf_atomic_u32_add
                0x00000000000012a4       0x16 Output/spis_pca10056 Release/Obj/nrf_atomic.o
                0x00000000000012a4                nrf_atomic_u32_add
 .text.nrf_atomic_u32_sub
                0x00000000000012ba       0x16 Output/spis_pca10056 Release/Obj/nrf_atomic.o
                0x00000000000012ba                nrf_atomic_u32_sub
 .text.nrf_atomic_flag_set
                0x00000000000012d0        0x6 Output/spis_pca10056 Release/Obj/nrf_atomic.o
                0x00000000000012d0                nrf_atomic_flag_set
 .text.nrf_atomic_flag_clear_fetch
                0x00000000000012d6        0x6 Output/spis_pca10056 Release/Obj/nrf_atomic.o
                0x00000000000012d6                nrf_atomic_flag_clear_fetch
 .text.nrf_balloc_init
                0x00000000000012dc       0x2e Output/spis_pca10056 Release/Obj/nrf_balloc.o
                0x00000000000012dc                nrf_balloc_init
 .text.nrf_balloc_alloc
                0x000000000000130a       0x40 Output/spis_pca10056 Release/Obj/nrf_balloc.o
                0x000000000000130a                nrf_balloc_alloc
 .text.nrf_balloc_free
                0x000000000000134a       0x2a Output/spis_pca10056 Release/Obj/nrf_balloc.o
                0x000000000000134a                nrf_balloc_free
 .text.nrf_fprintf_buffer_flush
                0x0000000000001374       0x16 Output/spis_pca10056 Release/Obj/nrf_fprintf.o
                0x0000000000001374                nrf_fprintf_buffer_flush
 .text.nrf_fprintf
                0x000000000000138a       0x1e Output/spis_pca10056 Release/Obj/nrf_fprintf.o
                0x000000000000138a                nrf_fprintf
 .text.buffer_add
                0x00000000000013a8       0x1e Output/spis_pca10056 Release/Obj/nrf_fprintf_format.o
 *fill*         0x00000000000013c6        0x2 
 .text.unsigned_print
                0x00000000000013c8       0xac Output/spis_pca10056 Release/Obj/nrf_fprintf_format.o
 .text.nrf_fprintf_fmt
                0x0000000000001474      0x28a Output/spis_pca10056 Release/Obj/nrf_fprintf_format.o
                0x0000000000001474                nrf_fprintf_fmt
 .text.memobj_op
                0x00000000000016fe       0x82 Output/spis_pca10056 Release/Obj/nrf_memobj.o
 .text.nrf_memobj_pool_init
                0x0000000000001780        0x4 Output/spis_pca10056 Release/Obj/nrf_memobj.o
                0x0000000000001780                nrf_memobj_pool_init
 .text.nrf_memobj_free
                0x0000000000001784       0x2c Output/spis_pca10056 Release/Obj/nrf_memobj.o
                0x0000000000001784                nrf_memobj_free
 .text.nrf_memobj_alloc
                0x00000000000017b0       0x5e Output/spis_pca10056 Release/Obj/nrf_memobj.o
                0x00000000000017b0                nrf_memobj_alloc
 .text.nrf_memobj_get
                0x000000000000180e        0x8 Output/spis_pca10056 Release/Obj/nrf_memobj.o
                0x000000000000180e                nrf_memobj_get
 .text.nrf_memobj_put
                0x0000000000001816       0x1e Output/spis_pca10056 Release/Obj/nrf_memobj.o
                0x0000000000001816                nrf_memobj_put
 .text.nrf_memobj_write
                0x0000000000001834       0x16 Output/spis_pca10056 Release/Obj/nrf_memobj.o
                0x0000000000001834                nrf_memobj_write
 .text.nrf_memobj_read
                0x000000000000184a       0x16 Output/spis_pca10056 Release/Obj/nrf_memobj.o
                0x000000000000184a                nrf_memobj_read
 .text.nrf_ringbuf_init
                0x0000000000001860       0x12 Output/spis_pca10056 Release/Obj/nrf_ringbuf.o
                0x0000000000001860                nrf_ringbuf_init
 *fill*         0x0000000000001872        0x2 
 .text.spis_event_handler
                0x0000000000001874       0x10 Output/spis_pca10056 Release/Obj/nrf_drv_spis.o
 .text.nrf_drv_spis_init
                0x0000000000001884       0x1c Output/spis_pca10056 Release/Obj/nrf_drv_spis.o
                0x0000000000001884                nrf_drv_spis_init
 .text.uarte_evt_handler
                0x00000000000018a0       0x34 Output/spis_pca10056 Release/Obj/nrf_drv_uart.o
 .text.uart_evt_handler
                0x00000000000018d4       0x34 Output/spis_pca10056 Release/Obj/nrf_drv_uart.o
 .text.nrf_drv_uart_init
                0x0000000000001908       0x7c Output/spis_pca10056 Release/Obj/nrf_drv_uart.o
                0x0000000000001908                nrf_drv_uart_init
 .text.nrf_gpiote_event_clear
                0x0000000000001984       0x18 Output/spis_pca10056 Release/Obj/nrfx_gpiote.o
 .text.nrf_gpio_pin_port_decode
                0x000000000000199c       0x18 Output/spis_pca10056 Release/Obj/nrfx_gpiote.o
 .text.nrf_gpio_cfg_sense_set
                0x00000000000019b4       0x32 Output/spis_pca10056 Release/Obj/nrfx_gpiote.o
 *fill*         0x00000000000019e6        0x2 
 .text.GPIOTE_IRQHandler
                0x00000000000019e8      0x1a4 Output/spis_pca10056 Release/Obj/nrfx_gpiote.o
                0x00000000000019e8                GPIOTE_IRQHandler
 .text.UARTE0_UART0_IRQHandler
                0x0000000000001b8c        0xc Output/spis_pca10056 Release/Obj/nrfx_prs.o
                0x0000000000001b8c                UARTE0_UART0_IRQHandler
 .text.nrfx_prs_acquire
                0x0000000000001b98       0x34 Output/spis_pca10056 Release/Obj/nrfx_prs.o
                0x0000000000001b98                nrfx_prs_acquire
 .text.nrfx_prs_release
                0x0000000000001bcc       0x18 Output/spis_pca10056 Release/Obj/nrfx_prs.o
                0x0000000000001bcc                nrfx_prs_release
 .text.spis_state_entry_action_execute
                0x0000000000001be4       0x40 Output/spis_pca10056 Release/Obj/nrfx_spis.o
 .text.SPIM1_SPIS1_TWIM1_TWIS1_SPI1_TWI1_IRQHandler
                0x0000000000001c24       0x80 Output/spis_pca10056 Release/Obj/nrfx_spis.o
                0x0000000000001c24                SPIM1_SPIS1_TWIM1_TWIS1_SPI1_TWI1_IRQHandler
 .text.nrfx_spis_init
                0x0000000000001ca4      0x1f0 Output/spis_pca10056 Release/Obj/nrfx_spis.o
                0x0000000000001ca4                nrfx_spis_init
 .text.nrfx_spis_buffers_set
                0x0000000000001e94       0x68 Output/spis_pca10056 Release/Obj/nrfx_spis.o
                0x0000000000001e94                nrfx_spis_buffers_set
 .text.nrf_uart_event_clear
                0x0000000000001efc       0x10 Output/spis_pca10056 Release/Obj/nrfx_uart.o
 .text.tx_byte  0x0000000000001f0c       0x1e Output/spis_pca10056 Release/Obj/nrfx_uart.o
 .text.rx_byte  0x0000000000001f2a       0x2c Output/spis_pca10056 Release/Obj/nrfx_uart.o
 *fill*         0x0000000000001f56        0x2 
 .text.rx_done_event.constprop.7
                0x0000000000001f58       0x20 Output/spis_pca10056 Release/Obj/nrfx_uart.o
 .text.nrfx_uart_0_irq_handler
                0x0000000000001f78      0x13c Output/spis_pca10056 Release/Obj/nrfx_uart.o
                0x0000000000001f78                nrfx_uart_0_irq_handler
 .text.nrf_gpio_cfg_default
                0x00000000000020b4       0x20 Output/spis_pca10056 Release/Obj/nrfx_uart.o
 .text.nrfx_uart_init
                0x00000000000020d4      0x1b4 Output/spis_pca10056 Release/Obj/nrfx_uart.o
                0x00000000000020d4                nrfx_uart_init
 .text.nrfx_uart_uninit
                0x0000000000002288       0xac Output/spis_pca10056 Release/Obj/nrfx_uart.o
                0x0000000000002288                nrfx_uart_uninit
 .text.nrfx_uart_tx
                0x0000000000002334       0x94 Output/spis_pca10056 Release/Obj/nrfx_uart.o
                0x0000000000002334                nrfx_uart_tx
 .text.nrf_uarte_event_clear
                0x00000000000023c8       0x10 Output/spis_pca10056 Release/Obj/nrfx_uarte.o
 .text.rx_done_event.constprop.6
                0x00000000000023d8       0x24 Output/spis_pca10056 Release/Obj/nrfx_uarte.o
 .text.nrfx_uarte_0_irq_handler
                0x00000000000023fc       0xec Output/spis_pca10056 Release/Obj/nrfx_uarte.o
                0x00000000000023fc                nrfx_uarte_0_irq_handler
 .text.nrf_gpio_cfg_default
                0x00000000000024e8       0x20 Output/spis_pca10056 Release/Obj/nrfx_uarte.o
 .text.nrfx_uarte_init
                0x0000000000002508      0x1c4 Output/spis_pca10056 Release/Obj/nrfx_uarte.o
                0x0000000000002508                nrfx_uarte_init
 .text.nrfx_uarte_uninit
                0x00000000000026cc       0xac Output/spis_pca10056 Release/Obj/nrfx_uarte.o
                0x00000000000026cc                nrfx_uarte_uninit
 .text.nrfx_uarte_tx
                0x0000000000002778       0x88 Output/spis_pca10056 Release/Obj/nrfx_uarte.o
                0x0000000000002778                nrfx_uarte_tx
 .text.spis_event_handler
                0x0000000000002800       0x44 Output/spis_pca10056 Release/Obj/main.o
                0x0000000000002800                spis_event_handler
 .text.startup.main
                0x0000000000002844       0xcc Output/spis_pca10056 Release/Obj/main.o
                0x0000000000002844                main
 .text.errata_98
                0x0000000000002910       0x20 Output/spis_pca10056 Release/Obj/system_nrf52840.o
 .text.SystemInit
                0x0000000000002930      0x1b8 Output/spis_pca10056 Release/Obj/system_nrf52840.o
                0x0000000000002930                SystemInit
 .text.libc.__RAL_ascii_isctype
                0x0000000000002ae8       0x1c C:/SEGGER/arm_segger_embedded_studio_v414_win_x64_nordic/lib/libc_v7em_fpv4_sp_d16_hard_t_le_eabi.a(libc2.o)
 .text.libc.__RAL_ascii_toupper
                0x0000000000002b04        0xc C:/SEGGER/arm_segger_embedded_studio_v414_win_x64_nordic/lib/libc_v7em_fpv4_sp_d16_hard_t_le_eabi.a(libc2.o)
 .text.libc.__RAL_ascii_tolower
                0x0000000000002b10        0xc C:/SEGGER/arm_segger_embedded_studio_v414_win_x64_nordic/lib/libc_v7em_fpv4_sp_d16_hard_t_le_eabi.a(libc2.o)
 .text.libc.__RAL_ascii_iswctype
                0x0000000000002b1c       0x1c C:/SEGGER/arm_segger_embedded_studio_v414_win_x64_nordic/lib/libc_v7em_fpv4_sp_d16_hard_t_le_eabi.a(libc2.o)
 .text.libc.__RAL_ascii_towupper
                0x0000000000002b38        0xc C:/SEGGER/arm_segger_embedded_studio_v414_win_x64_nordic/lib/libc_v7em_fpv4_sp_d16_hard_t_le_eabi.a(libc2.o)
 .text.libc.__RAL_ascii_towlower
                0x0000000000002b44        0xc C:/SEGGER/arm_segger_embedded_studio_v414_win_x64_nordic/lib/libc_v7em_fpv4_sp_d16_hard_t_le_eabi.a(libc2.o)
 .text.libc.__RAL_ascii_wctomb
                0x0000000000002b50        0xe C:/SEGGER/arm_segger_embedded_studio_v414_win_x64_nordic/lib/libc_v7em_fpv4_sp_d16_hard_t_le_eabi.a(libc2.o)
                0x0000000000002b50                __RAL_ascii_wctomb
 .text.libc.__RAL_ascii_mbtowc
                0x0000000000002b5e       0x24 C:/SEGGER/arm_segger_embedded_studio_v414_win_x64_nordic/lib/libc_v7em_fpv4_sp_d16_hard_t_le_eabi.a(libc2.o)
                0x0000000000002b5e                __RAL_ascii_mbtowc
 *fill*         0x0000000000002b82        0x2 
 .text.libc.__RAL_isctype
                0x0000000000002b84       0x14 C:/SEGGER/arm_segger_embedded_studio_v414_win_x64_nordic/lib/libc_v7em_fpv4_sp_d16_hard_t_le_eabi.a(libc2.o)
                0x0000000000002b84                __RAL_isctype
 .text.libc.isprint
                0x0000000000002b98        0xa C:/SEGGER/arm_segger_embedded_studio_v414_win_x64_nordic/lib/libc_v7em_fpv4_sp_d16_hard_t_le_eabi.a(libc2.o)
                0x0000000000002b98                isprint
 .text.libc.memcpy
                0x0000000000002ba2       0x52 C:/SEGGER/arm_segger_embedded_studio_v414_win_x64_nordic/lib/libc_v7em_fpv4_sp_d16_hard_t_le_eabi.a(libc2_asm.o)
                0x0000000000002ba2                __aeabi_memcpy
                0x0000000000002ba2                memcpy
                0x0000000000002bae                __aeabi_memcpy8
                0x0000000000002bae                __aeabi_memcpy4
 .text.libc.memset
                0x0000000000002bf4       0x66 C:/SEGGER/arm_segger_embedded_studio_v414_win_x64_nordic/lib/libc_v7em_fpv4_sp_d16_hard_t_le_eabi.a(libc2_asm.o)
                0x0000000000002bf4                memset
 .text.libc.strlen
                0x0000000000002c5a       0x60 C:/SEGGER/arm_segger_embedded_studio_v414_win_x64_nordic/lib/libc_v7em_fpv4_sp_d16_hard_t_le_eabi.a(libc2_asm.o)
                0x0000000000002c5a                strlen
                0x0000000000002cba                __text_end__ = (__text_start__ + SIZEOF (.text))
                0x00000000000028e2                __text_size__ = SIZEOF (.text)
                0x0000000000002cba                __text_load_end__ = __text_end__

.vfp11_veneer   0x0000000100000000        0x0
 .vfp11_veneer  0x0000000100000000        0x0 linker stubs

.v4_bx          0x0000000100000000        0x0
 .v4_bx         0x0000000100000000        0x0 linker stubs

.iplt           0x0000000100000000        0x0
 .iplt          0x0000000100000000        0x0 Output/spis_pca10056 Release/Obj/thumb_crt0.o
                0x0000000000000001                . = ASSERT (((__text_start__ == __text_end__) || ((__text_end__ >= __FLASH_segment_start__) && (__text_end__ <= __FLASH_segment_end__))), error: .text is too large to fit in FLASH memory segment)
                0x0000000000002cbc                __log_const_data_load_start__ = ALIGN (__text_end__, 0x4)

.log_const_data
                0x0000000000002cbc       0x30
                0x0000000000002cbc                __log_const_data_start__ = .
                0x0000000000002cbc                __start_log_const_data = __log_const_data_start__
 *(SORT_BY_NAME(.log_const_data*))
 .log_const_data_GPIOTE
                0x0000000000002cbc        0x8 Output/spis_pca10056 Release/Obj/nrfx_gpiote.o
                0x0000000000002cbc                m_nrf_log_GPIOTE_logs_data_const
 .log_const_data_PRS
                0x0000000000002cc4        0x8 Output/spis_pca10056 Release/Obj/nrfx_prs.o
                0x0000000000002cc4                m_nrf_log_PRS_logs_data_const
 .log_const_data_SPIS
                0x0000000000002ccc        0x8 Output/spis_pca10056 Release/Obj/nrfx_spis.o
                0x0000000000002ccc                m_nrf_log_SPIS_logs_data_const
 .log_const_data_UART
                0x0000000000002cd4        0x8 Output/spis_pca10056 Release/Obj/nrfx_uart.o
                0x0000000000002cd4                m_nrf_log_UART_logs_data_const
 .log_const_data_UARTE
                0x0000000000002cdc        0x8 Output/spis_pca10056 Release/Obj/nrfx_uarte.o
                0x0000000000002cdc                m_nrf_log_UARTE_logs_data_const
 .log_const_data_app
                0x0000000000002ce4        0x8 Output/spis_pca10056 Release/Obj/nrf_log_frontend.o
                0x0000000000002ce4                m_nrf_log_app_logs_data_const
                0x0000000000002cec                __log_const_data_end__ = (__log_const_data_start__ + SIZEOF (.log_const_data))
                0x0000000000000030                __log_const_data_size__ = SIZEOF (.log_const_data)
                0x0000000000002cec                __stop_log_const_data = __log_const_data_end__
                0x0000000000002cec                __log_const_data_load_end__ = __log_const_data_end__
                0x0000000000000001                . = ASSERT (((__log_const_data_start__ == __log_const_data_end__) || ((__log_const_data_end__ >= __FLASH_segment_start__) && (__log_const_data_end__ <= __FLASH_segment_end__))), error: .log_const_data is too large to fit in FLASH memory segment)
                0x0000000000002cec                __log_backends_load_start__ = ALIGN (__log_const_data_end__, 0x4)

.log_backends   0x0000000000002cec       0x10
                0x0000000000002cec                __log_backends_start__ = .
                0x0000000000002cec                __start_log_backends = __log_backends_start__
 *(SORT_BY_NAME(.log_backends*))
 .log_backends  0x0000000000002cec       0x10 Output/spis_pca10056 Release/Obj/nrf_log_default_backends.o
                0x0000000000002cfc                __log_backends_end__ = (__log_backends_start__ + SIZEOF (.log_backends))
                0x0000000000000010                __log_backends_size__ = SIZEOF (.log_backends)
                0x0000000000002cfc                __stop_log_backends = __log_backends_end__
                0x0000000000002cfc                __log_backends_load_end__ = __log_backends_end__
                0x0000000000000001                . = ASSERT (((__log_backends_start__ == __log_backends_end__) || ((__log_backends_end__ >= __FLASH_segment_start__) && (__log_backends_end__ <= __FLASH_segment_end__))), error: .log_backends is too large to fit in FLASH memory segment)
                0x0000000000002cfc                __nrf_balloc_load_start__ = ALIGN (__log_backends_end__, 0x4)

.nrf_balloc     0x0000000000002cfc       0x14
                0x0000000000002cfc                __nrf_balloc_start__ = .
                0x0000000000002cfc                __start_nrf_balloc = __nrf_balloc_start__
 *(.nrf_balloc*)
 .nrf_balloc    0x0000000000002cfc       0x14 Output/spis_pca10056 Release/Obj/nrf_log_frontend.o
                0x0000000000002cfc                log_mempool
                0x0000000000002d10                __nrf_balloc_end__ = (__nrf_balloc_start__ + SIZEOF (.nrf_balloc))
                0x0000000000000014                __nrf_balloc_size__ = SIZEOF (.nrf_balloc)
                0x0000000000002d10                __stop_nrf_balloc = __nrf_balloc_end__
                0x0000000000002d10                __nrf_balloc_load_end__ = __nrf_balloc_end__
                0x0000000000000001                . = ASSERT (((__nrf_balloc_start__ == __nrf_balloc_end__) || ((__nrf_balloc_end__ >= __FLASH_segment_start__) && (__nrf_balloc_end__ <= __FLASH_segment_end__))), error: .nrf_balloc is too large to fit in FLASH memory segment)
                0x0000000000002d10                __nrf_sections_load_start__ = ALIGN (__nrf_balloc_end__, 0x4)

.nrf_sections   0x0000000000002d10        0x0
                0x0000000000002d10                __nrf_sections_start__ = .
                0x0000000000002d10                __start_nrf_sections = __nrf_sections_start__
 *(.nrf_sections .nrf_sections.*)
                0x0000000000002d10                __nrf_sections_end__ = (__nrf_sections_start__ + SIZEOF (.nrf_sections))
                0x0000000000000000                __nrf_sections_size__ = SIZEOF (.nrf_sections)
                0x0000000000002d10                __nrf_sections_load_end__ = __nrf_sections_end__
                0x0000000000000001                . = ASSERT (((__nrf_sections_start__ == __nrf_sections_end__) || ((__nrf_sections_end__ >= __FLASH_segment_start__) && (__nrf_sections_end__ <= __FLASH_segment_end__))), error: .nrf_sections is too large to fit in FLASH memory segment)
                0x0000000000002d10                __log_dynamic_data_load_start__ = ALIGN (__nrf_sections_end__, 0x4)

.log_dynamic_data
                0x0000000020000000        0x0 load address 0x0000000000002d10
                0x0000000020000000                __log_dynamic_data_start__ = .
 *(SORT_BY_NAME(.log_dynamic_data*))
                0x0000000020000000                __log_dynamic_data_end__ = (__log_dynamic_data_start__ + SIZEOF (.log_dynamic_data))
                0x0000000000000000                __log_dynamic_data_size__ = SIZEOF (.log_dynamic_data)
                0x0000000000002d10                __log_dynamic_data_load_end__ = (__log_dynamic_data_load_start__ + SIZEOF (.log_dynamic_data))
                0x0000000000000001                . = ASSERT (((__log_dynamic_data_load_start__ == __log_dynamic_data_load_end__) || ((__log_dynamic_data_load_end__ >= __FLASH_segment_start__) && (__log_dynamic_data_load_end__ <= __FLASH_segment_end__))), error: .log_dynamic_data is too large to fit in FLASH memory segment)

.log_dynamic_data_run
                0x0000000020000000        0x0
                0x0000000020000000                __log_dynamic_data_run_start__ = .
                0x0000000020000000                __start_log_dynamic_data = __log_dynamic_data_run_start__
                0x0000000020000000                . = MAX ((__log_dynamic_data_run_start__ + SIZEOF (.log_dynamic_data)), .)
                0x0000000020000000                __log_dynamic_data_run_end__ = (__log_dynamic_data_run_start__ + SIZEOF (.log_dynamic_data_run))
                0x0000000000000000                __log_dynamic_data_run_size__ = SIZEOF (.log_dynamic_data_run)
                0x0000000020000000                __stop_log_dynamic_data = __log_dynamic_data_run_end__
                0x0000000020000000                __log_dynamic_data_run_load_end__ = __log_dynamic_data_run_end__
                0x0000000000000001                . = ASSERT (((__log_dynamic_data_run_start__ == __log_dynamic_data_run_end__) || ((__log_dynamic_data_run_end__ >= __RAM_segment_start__) && (__log_dynamic_data_run_end__ <= __RAM_segment_end__))), error: .log_dynamic_data_run is too large to fit in RAM memory segment)
                0x0000000000002d10                __log_filter_data_load_start__ = ALIGN ((__log_dynamic_data_load_start__ + SIZEOF (.log_dynamic_data)), 0x4)

.log_filter_data
                0x0000000020000000        0x0 load address 0x0000000000002d10
                0x0000000020000000                __log_filter_data_start__ = .
 *(SORT_BY_NAME(.log_filter_data*))
                0x0000000020000000                __log_filter_data_end__ = (__log_filter_data_start__ + SIZEOF (.log_filter_data))
                0x0000000000000000                __log_filter_data_size__ = SIZEOF (.log_filter_data)
                0x0000000000002d10                __log_filter_data_load_end__ = (__log_filter_data_load_start__ + SIZEOF (.log_filter_data))
                0x0000000000000001                . = ASSERT (((__log_filter_data_load_start__ == __log_filter_data_load_end__) || ((__log_filter_data_load_end__ >= __FLASH_segment_start__) && (__log_filter_data_load_end__ <= __FLASH_segment_end__))), error: .log_filter_data is too large to fit in FLASH memory segment)

.log_filter_data_run
                0x0000000020000000        0x0
                0x0000000020000000                __log_filter_data_run_start__ = .
                0x0000000020000000                __start_log_filter_data = __log_filter_data_run_start__
                0x0000000020000000                . = MAX ((__log_filter_data_run_start__ + SIZEOF (.log_filter_data)), .)
                0x0000000020000000                __log_filter_data_run_end__ = (__log_filter_data_run_start__ + SIZEOF (.log_filter_data_run))
                0x0000000000000000                __log_filter_data_run_size__ = SIZEOF (.log_filter_data_run)
                0x0000000020000000                __stop_log_filter_data = __log_filter_data_run_end__
                0x0000000020000000                __log_filter_data_run_load_end__ = __log_filter_data_run_end__
                0x0000000000000001                . = ASSERT (((__log_filter_data_run_start__ == __log_filter_data_run_end__) || ((__log_filter_data_run_end__ >= __RAM_segment_start__) && (__log_filter_data_run_end__ <= __RAM_segment_end__))), error: .log_filter_data_run is too large to fit in RAM memory segment)
                0x0000000020000000                __nrf_sections_run_end_load_start__ = ALIGN (__log_filter_data_run_end__, 0x4)

.nrf_sections_run_end
                0x0000000020000000        0x0
                0x0000000020000000                __nrf_sections_run_end_start__ = .
                0x0000000020000000                __end_nrf_sections_run = __nrf_sections_run_end_start__
 *(.nrf_sections_run_end .nrf_sections_run_end.*)
                0x0000000020000000                __nrf_sections_run_end_end__ = (__nrf_sections_run_end_start__ + SIZEOF (.nrf_sections_run_end))
                0x0000000000000000                __nrf_sections_run_end_size__ = SIZEOF (.nrf_sections_run_end)
                0x0000000020000000                __nrf_sections_run_end_load_end__ = __nrf_sections_run_end_end__
                0x0000000000000001                . = ASSERT (((__nrf_sections_run_end_start__ == __nrf_sections_run_end_end__) || ((__nrf_sections_run_end_end__ >= __RAM_segment_start__) && (__nrf_sections_run_end_end__ <= __RAM_segment_end__))), error: .nrf_sections_run_end is too large to fit in RAM memory segment)
                0x0000000000002d10                __dtors_load_start__ = ALIGN ((__log_filter_data_load_start__ + SIZEOF (.log_filter_data)), 0x4)

.dtors          0x0000000000002d10        0x0
                0x0000000000002d10                __dtors_start__ = .
 *(SORT_BY_NAME(.dtors.*))
 *(.dtors)
 *(.fini_array)
 *(SORT_BY_NAME(.fini_array.*))
                0x0000000000002d10                __dtors_end__ = (__dtors_start__ + SIZEOF (.dtors))
                0x0000000000000000                __dtors_size__ = SIZEOF (.dtors)
                0x0000000000002d10                __dtors_load_end__ = __dtors_end__
                0x0000000000000001                . = ASSERT (((__dtors_start__ == __dtors_end__) || ((__dtors_end__ >= __FLASH_segment_start__) && (__dtors_end__ <= __FLASH_segment_end__))), error: .dtors is too large to fit in FLASH memory segment)
                0x0000000000002d10                __ctors_load_start__ = ALIGN (__dtors_end__, 0x4)

.ctors          0x0000000000002d10        0x0
                0x0000000000002d10                __ctors_start__ = .
 *(SORT_BY_NAME(.ctors.*))
 *(.ctors)
 *(.init_array)
 *(SORT_BY_NAME(.init_array.*))
                0x0000000000002d10                __ctors_end__ = (__ctors_start__ + SIZEOF (.ctors))
                0x0000000000000000                __ctors_size__ = SIZEOF (.ctors)
                0x0000000000002d10                __ctors_load_end__ = __ctors_end__
                0x0000000000000001                . = ASSERT (((__ctors_start__ == __ctors_end__) || ((__ctors_end__ >= __FLASH_segment_start__) && (__ctors_end__ <= __FLASH_segment_end__))), error: .ctors is too large to fit in FLASH memory segment)
                0x0000000000002d10                __rodata_load_start__ = ALIGN (__ctors_end__, 0x4)

.rodata         0x0000000000002d10      0x418
                0x0000000000002d10                __rodata_start__ = .
 *(.rodata .rodata.* .gnu.linkonce.r.*)
 .rodata        0x0000000000002d10       0x20 Output/spis_pca10056 Release/Obj/nrf_log_backend_uart.o
 .rodata.nrf_log_backend_uart_api
                0x0000000000002d30        0xc Output/spis_pca10056 Release/Obj/nrf_log_backend_uart.o
                0x0000000000002d30                nrf_log_backend_uart_api
 .rodata.str1.1
                0x0000000000002d3c       0x11 Output/spis_pca10056 Release/Obj/nrf_log_default_backends.o
 *fill*         0x0000000000002d4d        0x3 
 .rodata.m_log_push_ringbuf
                0x0000000000002d50        0xc Output/spis_pca10056 Release/Obj/nrf_log_frontend.o
 .rodata.nrf_log_frontend_dequeue.str1.1
                0x0000000000002d5c       0x11 Output/spis_pca10056 Release/Obj/nrf_log_frontend.o
 .rodata.str1.1
                0x0000000000002d6d        0x4 Output/spis_pca10056 Release/Obj/nrf_log_frontend.o
 *fill*         0x0000000000002d71        0x3 
 .rodata.m_colors
                0x0000000000002d74       0x24 Output/spis_pca10056 Release/Obj/nrf_log_str_formatter.o
 .rodata.nrf_log_hexdump_entry_process.str1.1
                0x0000000000002d98        0xf Output/spis_pca10056 Release/Obj/nrf_log_str_formatter.o
                                         0x11 (size before relaxing)
 .rodata.postfix_process.str1.1
                0x0000000000002da7        0x5 Output/spis_pca10056 Release/Obj/nrf_log_str_formatter.o
                                          0xb (size before relaxing)
 .rodata.prefix_process.str1.1
                0x0000000000002dac       0x2a Output/spis_pca10056 Release/Obj/nrf_log_str_formatter.o
 *fill*         0x0000000000002dd6        0x2 
 .rodata.severity_names
                0x0000000000002dd8       0x14 Output/spis_pca10056 Release/Obj/nrf_log_str_formatter.o
 .rodata.str1.1
                0x0000000000002dec       0x4b Output/spis_pca10056 Release/Obj/nrf_log_str_formatter.o
                                         0x51 (size before relaxing)
 .rodata.m_board_led_list
                0x0000000000002e37        0x4 Output/spis_pca10056 Release/Obj/boards.o
 .rodata.app_error_fault_handler.str1.1
                0x0000000000002e3b       0x19 Output/spis_pca10056 Release/Obj/app_error_weak.o
 *fill*         0x0000000000002e54        0xc 
 .rodata.delay_bytecode.8080
                0x0000000000002e60        0x6 Output/spis_pca10056 Release/Obj/app_timer.o
 .rodata._aV2C.7683
                0x0000000000002e66       0x10 Output/spis_pca10056 Release/Obj/nrf_fprintf_format.o
 .rodata.str1.1
                0x0000000000002e76        0x7 Output/spis_pca10056 Release/Obj/nrfx_gpiote.o
 .rodata.str1.1
                0x0000000000002e7d        0x4 Output/spis_pca10056 Release/Obj/nrfx_prs.o
 .rodata.str1.1
                0x0000000000002e81        0x5 Output/spis_pca10056 Release/Obj/nrfx_spis.o
 .rodata.str1.1
                0x0000000000002e86        0x5 Output/spis_pca10056 Release/Obj/nrfx_uart.o
 .rodata.str1.1
                0x0000000000002e8b        0x6 Output/spis_pca10056 Release/Obj/nrfx_uarte.o
 *fill*         0x0000000000002e91        0x3 
 .rodata        0x0000000000002e94       0x18 Output/spis_pca10056 Release/Obj/main.o
 .rodata.main.str1.1
                0x0000000000002eac        0xd Output/spis_pca10056 Release/Obj/main.o
 *fill*         0x0000000000002eb9        0x3 
 .rodata.spis   0x0000000000002ebc        0x8 Output/spis_pca10056 Release/Obj/main.o
 .rodata.spis_event_handler.str1.1
                0x0000000000002ec4       0x22 Output/spis_pca10056 Release/Obj/main.o
 *fill*         0x0000000000002ee6        0x2 
 .rodata.libc.__RAL_ascii_ctype_map
                0x0000000000002ee8       0x80 C:/SEGGER/arm_segger_embedded_studio_v414_win_x64_nordic/lib/libc_v7em_fpv4_sp_d16_hard_t_le_eabi.a(libc2.o)
                0x0000000000002ee8                __RAL_ascii_ctype_map
 .rodata.libc.__RAL_ascii_ctype_mask
                0x0000000000002f68        0xd C:/SEGGER/arm_segger_embedded_studio_v414_win_x64_nordic/lib/libc_v7em_fpv4_sp_d16_hard_t_le_eabi.a(libc2.o)
 *fill*         0x0000000000002f75        0x3 
 .rodata.libc.__RAL_c_locale
                0x0000000000002f78        0xc C:/SEGGER/arm_segger_embedded_studio_v414_win_x64_nordic/lib/libc_v7em_fpv4_sp_d16_hard_t_le_eabi.a(libc2.o)
                0x0000000000002f78                __RAL_c_locale
 .rodata.libc.__RAL_c_locale_abbrev_day_names
                0x0000000000002f84       0x1d C:/SEGGER/arm_segger_embedded_studio_v414_win_x64_nordic/lib/libc_v7em_fpv4_sp_d16_hard_t_le_eabi.a(libc2.o)
                0x0000000000002f84                __RAL_c_locale_abbrev_day_names
 *fill*         0x0000000000002fa1        0x3 
 .rodata.libc.__RAL_c_locale_abbrev_month_names
                0x0000000000002fa4       0x31 C:/SEGGER/arm_segger_embedded_studio_v414_win_x64_nordic/lib/libc_v7em_fpv4_sp_d16_hard_t_le_eabi.a(libc2.o)
                0x0000000000002fa4                __RAL_c_locale_abbrev_month_names
 *fill*         0x0000000000002fd5        0x3 
 .rodata.libc.__RAL_c_locale_am_pm_indicator
                0x0000000000002fd8        0x7 C:/SEGGER/arm_segger_embedded_studio_v414_win_x64_nordic/lib/libc_v7em_fpv4_sp_d16_hard_t_le_eabi.a(libc2.o)
                0x0000000000002fd8                __RAL_c_locale_am_pm_indicator
 *fill*         0x0000000000002fdf        0x1 
 .rodata.libc.__RAL_c_locale_data
                0x0000000000002fe0       0x58 C:/SEGGER/arm_segger_embedded_studio_v414_win_x64_nordic/lib/libc_v7em_fpv4_sp_d16_hard_t_le_eabi.a(libc2.o)
                0x0000000000002fe0                __RAL_c_locale_data
 .rodata.libc.__RAL_c_locale_date_format
                0x0000000000003038        0x9 C:/SEGGER/arm_segger_embedded_studio_v414_win_x64_nordic/lib/libc_v7em_fpv4_sp_d16_hard_t_le_eabi.a(libc2.o)
                0x0000000000003038                __RAL_c_locale_date_format
 *fill*         0x0000000000003041        0x3 
 .rodata.libc.__RAL_c_locale_date_time_format
                0x0000000000003044        0xf C:/SEGGER/arm_segger_embedded_studio_v414_win_x64_nordic/lib/libc_v7em_fpv4_sp_d16_hard_t_le_eabi.a(libc2.o)
                0x0000000000003044                __RAL_c_locale_date_time_format
 *fill*         0x0000000000003053        0x1 
 .rodata.libc.__RAL_c_locale_day_names
                0x0000000000003054       0x3a C:/SEGGER/arm_segger_embedded_studio_v414_win_x64_nordic/lib/libc_v7em_fpv4_sp_d16_hard_t_le_eabi.a(libc2.o)
                0x0000000000003054                __RAL_c_locale_day_names
 *fill*         0x000000000000308e        0x2 
 .rodata.libc.__RAL_c_locale_month_names
                0x0000000000003090       0x57 C:/SEGGER/arm_segger_embedded_studio_v414_win_x64_nordic/lib/libc_v7em_fpv4_sp_d16_hard_t_le_eabi.a(libc2.o)
                0x0000000000003090                __RAL_c_locale_month_names
 *fill*         0x00000000000030e7        0x1 
 .rodata.libc.__RAL_c_locale_time_format
                0x00000000000030e8        0x9 C:/SEGGER/arm_segger_embedded_studio_v414_win_x64_nordic/lib/libc_v7em_fpv4_sp_d16_hard_t_le_eabi.a(libc2.o)
                0x00000000000030e8                __RAL_c_locale_time_format
 *fill*         0x00000000000030f1        0x3 
 .rodata.libc.__RAL_codeset_ascii
                0x00000000000030f4       0x20 C:/SEGGER/arm_segger_embedded_studio_v414_win_x64_nordic/lib/libc_v7em_fpv4_sp_d16_hard_t_le_eabi.a(libc2.o)
                0x00000000000030f4                __RAL_codeset_ascii
 .rodata.libc.__RAL_data_empty_string
                0x0000000000003114        0x1 C:/SEGGER/arm_segger_embedded_studio_v414_win_x64_nordic/lib/libc_v7em_fpv4_sp_d16_hard_t_le_eabi.a(libc2.o)
                0x0000000000003114                __RAL_data_empty_string
 *fill*         0x0000000000003115        0x3 
 .rodata.libc.__RAL_data_utf8_period
                0x0000000000003118        0x2 C:/SEGGER/arm_segger_embedded_studio_v414_win_x64_nordic/lib/libc_v7em_fpv4_sp_d16_hard_t_le_eabi.a(libc2.o)
                0x0000000000003118                __RAL_data_utf8_period
 *fill*         0x000000000000311a        0x2 
 .rodata.libc.__RAL_find_locale.str1.4
                0x000000000000311c        0xc C:/SEGGER/arm_segger_embedded_studio_v414_win_x64_nordic/lib/libc_v7em_fpv4_sp_d16_hard_t_le_eabi.a(libc2.o)
                                          0xa (size before relaxing)
                0x0000000000003128                __rodata_end__ = (__rodata_start__ + SIZEOF (.rodata))
                0x0000000000000418                __rodata_size__ = SIZEOF (.rodata)
                0x0000000000003128                __rodata_load_end__ = __rodata_end__

.rel.dyn        0x0000000000003128        0x0
 .rel.iplt      0x0000000000003128        0x0 Output/spis_pca10056 Release/Obj/thumb_crt0.o
                0x0000000000000001                . = ASSERT (((__rodata_start__ == __rodata_end__) || ((__rodata_end__ >= __FLASH_segment_start__) && (__rodata_end__ <= __FLASH_segment_end__))), error: .rodata is too large to fit in FLASH memory segment)
                0x0000000000003128                __ARM.exidx_load_start__ = ALIGN (__rodata_end__, 0x4)

.ARM.exidx      0x0000000000003128        0x0
                0x0000000000003128                __ARM.exidx_start__ = .
                0x0000000000003128                __exidx_start = __ARM.exidx_start__
 *(.ARM.exidx .ARM.exidx.*)
                0x0000000000003128                __ARM.exidx_end__ = (__ARM.exidx_start__ + SIZEOF (.ARM.exidx))
                0x0000000000000000                __ARM.exidx_size__ = SIZEOF (.ARM.exidx)
                0x0000000000003128                __exidx_end = __ARM.exidx_end__
                0x0000000000003128                __ARM.exidx_load_end__ = __ARM.exidx_end__
                0x0000000000000001                . = ASSERT (((__ARM.exidx_start__ == __ARM.exidx_end__) || ((__ARM.exidx_end__ >= __FLASH_segment_start__) && (__ARM.exidx_end__ <= __FLASH_segment_end__))), error: .ARM.exidx is too large to fit in FLASH memory segment)
                0x0000000000003128                __fast_load_start__ = ALIGN (__ARM.exidx_end__, 0x4)

.fast           0x0000000020000000        0x0 load address 0x0000000000003128
                0x0000000020000000                __fast_start__ = .
 *(.fast .fast.*)
                0x0000000020000000                __fast_end__ = (__fast_start__ + SIZEOF (.fast))
                0x0000000000000000                __fast_size__ = SIZEOF (.fast)
                0x0000000000003128                __fast_load_end__ = (__fast_load_start__ + SIZEOF (.fast))
                0x0000000000000001                . = ASSERT (((__fast_load_start__ == __fast_load_end__) || ((__fast_load_end__ >= __FLASH_segment_start__) && (__fast_load_end__ <= __FLASH_segment_end__))), error: .fast is too large to fit in FLASH memory segment)

.fast_run       0x0000000020000000        0x0
                0x0000000020000000                __fast_run_start__ = .
                0x0000000020000000                . = MAX ((__fast_run_start__ + SIZEOF (.fast)), .)
                0x0000000020000000                __fast_run_end__ = (__fast_run_start__ + SIZEOF (.fast_run))
                0x0000000000000000                __fast_run_size__ = SIZEOF (.fast_run)
                0x0000000020000000                __fast_run_load_end__ = __fast_run_end__
                0x0000000000000001                . = ASSERT (((__fast_run_start__ == __fast_run_end__) || ((__fast_run_end__ >= __RAM_segment_start__) && (__fast_run_end__ <= __RAM_segment_end__))), error: .fast_run is too large to fit in RAM memory segment)
                0x0000000000003128                __data_load_start__ = ALIGN ((__fast_load_start__ + SIZEOF (.fast)), 0x4)

.data           0x0000000020000000       0x3c load address 0x0000000000003128
                0x0000000020000000                __data_start__ = .
 *(.data .data.* .gnu.linkonce.d.*)
 .data.m_uart   0x0000000020000000       0x14 Output/spis_pca10056 Release/Obj/nrf_log_backend_uart.o
                0x0000000020000000                m_uart
 .data.log_backend_cb_uart_log_backend
                0x0000000020000014        0x8 Output/spis_pca10056 Release/Obj/nrf_log_default_backends.o
 .data.m_tx_buf
                0x000000002000001c        0x7 Output/spis_pca10056 Release/Obj/main.o
 *fill*         0x0000000020000023        0x1 
 .data.SystemCoreClock
                0x0000000020000024        0x4 Output/spis_pca10056 Release/Obj/system_nrf52840.o
                0x0000000020000024                SystemCoreClock
 .data.libc.__RAL_global_locale
                0x0000000020000028       0x14 C:/SEGGER/arm_segger_embedded_studio_v414_win_x64_nordic/lib/libc_v7em_fpv4_sp_d16_hard_t_le_eabi.a(libc2.o)
                0x0000000020000028                __RAL_global_locale
                0x000000002000003c                __data_end__ = (__data_start__ + SIZEOF (.data))
                0x000000000000003c                __data_size__ = SIZEOF (.data)
                0x0000000000003164                __data_load_end__ = (__data_load_start__ + SIZEOF (.data))

.igot.plt       0x0000000100000000        0x0
 .igot.plt      0x0000000100000000        0x0 Output/spis_pca10056 Release/Obj/thumb_crt0.o
                0x0000000000000001                . = ASSERT (((__data_load_start__ == __data_load_end__) || ((__data_load_end__ >= __FLASH_segment_start__) && (__data_load_end__ <= __FLASH_segment_end__))), error: .data is too large to fit in FLASH memory segment)

.data_run       0x0000000020000000       0x3c load address 0x0000000000003128
                0x0000000020000000                __data_run_start__ = .
                0x000000002000003c                . = MAX ((__data_run_start__ + SIZEOF (.data)), .)
 *fill*         0x0000000020000000       0x3c 
                0x000000002000003c                __data_run_end__ = (__data_run_start__ + SIZEOF (.data_run))
                0x000000000000003c                __data_run_size__ = SIZEOF (.data_run)
                0x000000002000003c                __data_run_load_end__ = __data_run_end__
                0x0000000000000001                . = ASSERT (((__data_run_start__ == __data_run_end__) || ((__data_run_end__ >= __RAM_segment_start__) && (__data_run_end__ <= __RAM_segment_end__))), error: .data_run is too large to fit in RAM memory segment)
                0x0000000000003164                __tdata_load_start__ = ALIGN ((__data_load_start__ + SIZEOF (.data)), 0x4)

.tdata          0x000000002000003c        0x0 load address 0x0000000000003164
                0x000000002000003c                __tdata_start__ = .
 *(.tdata .tdata.*)
                0x000000002000003c                __tdata_end__ = (__tdata_start__ + SIZEOF (.tdata))
                0x0000000000000000                __tdata_size__ = SIZEOF (.tdata)
                0x0000000000003164                __tdata_load_end__ = (__tdata_load_start__ + SIZEOF (.tdata))
                0x0000000000003164                __FLASH_segment_used_end__ = (ALIGN ((__data_load_start__ + SIZEOF (.data)), 0x4) + SIZEOF (.tdata))
                0x0000000000003164                __FLASH_segment_used_size__ = (__FLASH_segment_used_end__ - __FLASH_segment_start__)
                0x0000000000000001                . = ASSERT (((__tdata_load_start__ == __tdata_load_end__) || ((__tdata_load_end__ >= __FLASH_segment_start__) && (__tdata_load_end__ <= __FLASH_segment_end__))), error: .tdata is too large to fit in FLASH memory segment)

.tdata_run      0x000000002000003c        0x0
                0x000000002000003c                __tdata_run_start__ = .
                0x000000002000003c                . = MAX ((__tdata_run_start__ + SIZEOF (.tdata)), .)
                0x000000002000003c                __tdata_run_end__ = (__tdata_run_start__ + SIZEOF (.tdata_run))
                0x0000000000000000                __tdata_run_size__ = SIZEOF (.tdata_run)
                0x000000002000003c                __tdata_run_load_end__ = __tdata_run_end__
                0x0000000000000001                . = ASSERT (((__tdata_run_start__ == __tdata_run_end__) || ((__tdata_run_end__ >= __RAM_segment_start__) && (__tdata_run_end__ <= __RAM_segment_end__))), error: .tdata_run is too large to fit in RAM memory segment)
                0x000000002000003c                __bss_load_start__ = ALIGN (__tdata_run_end__, 0x4)

.bss            0x000000002000003c      0x801
                0x000000002000003c                __bss_start__ = .
 *(.bss .bss.* .gnu.linkonce.b.*)
 .bss.m_async_mode
                0x000000002000003c        0x1 Output/spis_pca10056 Release/Obj/nrf_log_backend_uart.o
 .bss.m_string_buff
                0x000000002000003d       0x40 Output/spis_pca10056 Release/Obj/nrf_log_backend_uart.o
 .bss.m_xfer_done
                0x000000002000007d        0x1 Output/spis_pca10056 Release/Obj/nrf_log_backend_uart.o
 *fill*         0x000000002000007e        0x2 
 .bss.log_mempool_nrf_balloc_cb
                0x0000000020000080        0x8 Output/spis_pca10056 Release/Obj/nrf_log_frontend.o
 .bss.log_mempool_nrf_balloc_pool_mem
                0x0000000020000088       0xc0 Output/spis_pca10056 Release/Obj/nrf_log_frontend.o
 .bss.log_mempool_nrf_balloc_pool_stack
                0x0000000020000148        0x8 Output/spis_pca10056 Release/Obj/nrf_log_frontend.o
 .bss.m_log_data
                0x0000000020000150      0x424 Output/spis_pca10056 Release/Obj/nrf_log_frontend.o
 .bss.m_log_push_ringbuf_buf
                0x0000000020000574       0x80 Output/spis_pca10056 Release/Obj/nrf_log_frontend.o
 .bss.m_log_push_ringbuf_cb
                0x00000000200005f4       0x18 Output/spis_pca10056 Release/Obj/nrf_log_frontend.o
 .bss.m_op_queue
                0x000000002000060c      0x10c Output/spis_pca10056 Release/Obj/app_timer.o
 .bss.m_rtc1_reset
                0x0000000020000718        0x1 Output/spis_pca10056 Release/Obj/app_timer.o
 .bss.m_rtc1_running
                0x0000000020000719        0x1 Output/spis_pca10056 Release/Obj/app_timer.o
 *fill*         0x000000002000071a        0x2 
 .bss.m_ticks_elapsed
                0x000000002000071c        0x8 Output/spis_pca10056 Release/Obj/app_timer.o
 .bss.m_ticks_elapsed_q_read_ind
                0x0000000020000724        0x1 Output/spis_pca10056 Release/Obj/app_timer.o
 .bss.m_ticks_elapsed_q_write_ind
                0x0000000020000725        0x1 Output/spis_pca10056 Release/Obj/app_timer.o
 *fill*         0x0000000020000726        0x2 
 .bss.m_ticks_latest
                0x0000000020000728        0x4 Output/spis_pca10056 Release/Obj/app_timer.o
 .bss.mp_timer_id_head
                0x000000002000072c        0x4 Output/spis_pca10056 Release/Obj/app_timer.o
 .bss.m_in_critical_region
                0x0000000020000730        0x4 Output/spis_pca10056 Release/Obj/app_util_platform.o
 .bss.m_handlers
                0x0000000020000734        0xc Output/spis_pca10056 Release/Obj/nrf_drv_spis.o
 .bss.m_contexts
                0x0000000020000740        0x8 Output/spis_pca10056 Release/Obj/nrf_drv_uart.o
 .bss.m_handlers
                0x0000000020000748        0x8 Output/spis_pca10056 Release/Obj/nrf_drv_uart.o
 .bss.nrf_drv_uart_use_easy_dma
                0x0000000020000750        0x2 Output/spis_pca10056 Release/Obj/nrf_drv_uart.o
                0x0000000020000750                nrf_drv_uart_use_easy_dma
 *fill*         0x0000000020000752        0x2 
 .bss.m_cb      0x0000000020000754       0x6c Output/spis_pca10056 Release/Obj/nrfx_gpiote.o
 .bss.m_prs_box_4
                0x00000000200007c0        0x8 Output/spis_pca10056 Release/Obj/nrfx_prs.o
 .bss.m_cb      0x00000000200007c8       0x1c Output/spis_pca10056 Release/Obj/nrfx_spis.o
 .bss.m_cb      0x00000000200007e4       0x2c Output/spis_pca10056 Release/Obj/nrfx_uart.o
 .bss.m_cb      0x0000000020000810       0x24 Output/spis_pca10056 Release/Obj/nrfx_uarte.o
 .bss.m_rx_buf  0x0000000020000834        0x8 Output/spis_pca10056 Release/Obj/main.o
 .bss.spis_xfer_done
                0x000000002000083c        0x1 Output/spis_pca10056 Release/Obj/main.o
 *(COMMON)
                0x000000002000083d                __bss_end__ = (__bss_start__ + SIZEOF (.bss))
                0x0000000000000801                __bss_size__ = SIZEOF (.bss)
                0x000000002000083d                __bss_load_end__ = __bss_end__
                0x0000000000000001                . = ASSERT (((__bss_start__ == __bss_end__) || ((__bss_end__ >= __RAM_segment_start__) && (__bss_end__ <= __RAM_segment_end__))), error: .bss is too large to fit in RAM memory segment)
                0x0000000020000840                __tbss_load_start__ = ALIGN (__bss_end__, 0x4)

.tbss           0x0000000020000840        0x0
                0x0000000020000840                __tbss_start__ = .
 *(.tbss .tbss.*)
                0x0000000020000840                __tbss_end__ = (__tbss_start__ + SIZEOF (.tbss))
                0x0000000000000000                __tbss_size__ = SIZEOF (.tbss)
                0x0000000020000840                __tbss_load_end__ = __tbss_end__
                0x0000000000000001                . = ASSERT (((__tbss_start__ == __tbss_end__) || ((__tbss_end__ >= __RAM_segment_start__) && (__tbss_end__ <= __RAM_segment_end__))), error: .tbss is too large to fit in RAM memory segment)
                0x0000000020000840                __non_init_load_start__ = ALIGN (__tbss_end__, 0x4)

.non_init       0x0000000020000840        0x0
                0x0000000020000840                __non_init_start__ = .
 *(.non_init .non_init.*)
                0x0000000020000840                __non_init_end__ = (__non_init_start__ + SIZEOF (.non_init))
                0x0000000000000000                __non_init_size__ = SIZEOF (.non_init)
                0x0000000020000840                __non_init_load_end__ = __non_init_end__
                0x0000000000000001                . = ASSERT (((__non_init_start__ == __non_init_end__) || ((__non_init_end__ >= __RAM_segment_start__) && (__non_init_end__ <= __RAM_segment_end__))), error: .non_init is too large to fit in RAM memory segment)
                0x0000000020000840                __heap_load_start__ = ALIGN (__non_init_end__, 0x4)

.heap           0x0000000020000840     0x2000
                0x0000000020000840                __heap_start__ = .
 *(.heap .heap.*)
                0x0000000020002840                . = ALIGN (MAX ((__heap_start__ + __HEAPSIZE__), .), 0x4)
 *fill*         0x0000000020000840     0x2000 
                0x0000000020002840                __heap_end__ = (__heap_start__ + SIZEOF (.heap))
                0x0000000000002000                __heap_size__ = SIZEOF (.heap)
                0x0000000020002840                __heap_load_end__ = __heap_end__
                0x0000000000000001                . = ASSERT (((__heap_start__ == __heap_end__) || ((__heap_end__ >= __RAM_segment_start__) && (__heap_end__ <= __RAM_segment_end__))), error: .heap is too large to fit in RAM memory segment)
                0x000000002003e000                __stack_load_start__ = (__RAM_segment_end__ - 0x2000)

.stack          0x000000002003e000     0x2000
                0x000000002003e000                __stack_start__ = .
                0x000000002003e000                __StackLimit = __stack_start__
 *(.stack .stack.*)
                0x0000000020040000                . = ALIGN (MAX ((__stack_start__ + __STACKSIZE__), .), 0x8)
 *fill*         0x000000002003e000     0x2000 
                0x0000000020040000                __stack_end__ = (__stack_start__ + SIZEOF (.stack))
                0x0000000000002000                __stack_size__ = SIZEOF (.stack)
                0x0000000020040000                __StackTop = __stack_end__
                0x0000000020040000                __stack_load_end__ = __stack_end__
                0x0000000000000001                . = ASSERT (((__stack_start__ == __stack_end__) || ((__stack_end__ >= __RAM_segment_start__) && (__stack_end__ <= __RAM_segment_end__))), error: .stack is too large to fit in RAM memory segment)
                0x0000000000000001                . = ASSERT ((__heap_end__ <= __stack_start__), error: section .heap overlaps absolute placed section .stack)
                0x0000000020040000                __stack_process_load_start__ = ALIGN (__stack_end__, 0x8)

.stack_process  0x0000000020040000        0x0
                0x0000000020040000                __stack_process_start__ = .
 *(.stack_process .stack_process.*)
                0x0000000020040000                . = ALIGN (MAX ((__stack_process_start__ + __STACKSIZE_PROCESS__), .), 0x8)
                0x0000000020040000                __stack_process_end__ = (__stack_process_start__ + SIZEOF (.stack_process))
                0x0000000000000000                __stack_process_size__ = SIZEOF (.stack_process)
                0x0000000020040000                __stack_process_load_end__ = __stack_process_end__
                0x0000000020040000                __RAM_segment_used_end__ = (ALIGN (__stack_end__, 0x8) + SIZEOF (.stack_process))
                0x0000000000040000                __RAM_segment_used_size__ = (__RAM_segment_used_end__ - __RAM_segment_start__)
                0x0000000000000001                . = ASSERT (((__stack_process_start__ == __stack_process_end__) || ((__stack_process_end__ >= __RAM_segment_start__) && (__stack_process_end__ <= __RAM_segment_end__))), error: .stack_process is too large to fit in RAM memory segment)
START GROUP
LOAD Output/spis_pca10056 Release/Obj/thumb_crt0.o
LOAD Output/spis_pca10056 Release/Obj/nrf_log_backend_rtt.o
LOAD Output/spis_pca10056 Release/Obj/nrf_log_backend_serial.o
LOAD Output/spis_pca10056 Release/Obj/nrf_log_backend_uart.o
LOAD Output/spis_pca10056 Release/Obj/nrf_log_default_backends.o
LOAD Output/spis_pca10056 Release/Obj/nrf_log_frontend.o
LOAD Output/spis_pca10056 Release/Obj/nrf_log_str_formatter.o
LOAD Output/spis_pca10056 Release/Obj/boards.o
LOAD Output/spis_pca10056 Release/Obj/app_button.o
LOAD Output/spis_pca10056 Release/Obj/app_error.o
LOAD Output/spis_pca10056 Release/Obj/app_error_handler_gcc.o
LOAD Output/spis_pca10056 Release/Obj/app_error_weak.o
LOAD Output/spis_pca10056 Release/Obj/app_scheduler.o
LOAD Output/spis_pca10056 Release/Obj/app_timer.o
LOAD Output/spis_pca10056 Release/Obj/app_util_platform.o
LOAD Output/spis_pca10056 Release/Obj/nrf_assert.o
LOAD Output/spis_pca10056 Release/Obj/nrf_atomic.o
LOAD Output/spis_pca10056 Release/Obj/nrf_balloc.o
LOAD Output/spis_pca10056 Release/Obj/nrf_fprintf.o
LOAD Output/spis_pca10056 Release/Obj/nrf_fprintf_format.o
LOAD Output/spis_pca10056 Release/Obj/nrf_memobj.o
LOAD Output/spis_pca10056 Release/Obj/nrf_ringbuf.o
LOAD Output/spis_pca10056 Release/Obj/nrf_strerror.o
LOAD Output/spis_pca10056 Release/Obj/nrf_drv_spis.o
LOAD Output/spis_pca10056 Release/Obj/nrf_drv_uart.o
LOAD Output/spis_pca10056 Release/Obj/nrfx_gpiote.o
LOAD Output/spis_pca10056 Release/Obj/nrfx_prs.o
LOAD Output/spis_pca10056 Release/Obj/nrfx_spis.o
LOAD Output/spis_pca10056 Release/Obj/nrfx_uart.o
LOAD Output/spis_pca10056 Release/Obj/nrfx_uarte.o
LOAD Output/spis_pca10056 Release/Obj/bsp.o
LOAD Output/spis_pca10056 Release/Obj/main.o
LOAD Output/spis_pca10056 Release/Obj/SEGGER_RTT.o
LOAD Output/spis_pca10056 Release/Obj/SEGGER_RTT_Syscalls_SES.o
LOAD Output/spis_pca10056 Release/Obj/SEGGER_RTT_printf.o
LOAD Output/spis_pca10056 Release/Obj/ses_startup_nrf52840.o
LOAD Output/spis_pca10056 Release/Obj/ses_startup_nrf_common.o
LOAD Output/spis_pca10056 Release/Obj/system_nrf52840.o
LOAD C:/SEGGER/arm_segger_embedded_studio_v414_win_x64_nordic/lib/libdebugio_mempoll_v7em_fpv4_sp_d16_hard_t_le_eabi.a
LOAD C:/SEGGER/arm_segger_embedded_studio_v414_win_x64_nordic/lib/libm_v7em_fpv4_sp_d16_hard_t_le_eabi.a
LOAD C:/SEGGER/arm_segger_embedded_studio_v414_win_x64_nordic/lib/libc_v7em_fpv4_sp_d16_hard_t_le_eabi.a
LOAD C:/SEGGER/arm_segger_embedded_studio_v414_win_x64_nordic/lib/libcpp_v7em_fpv4_sp_d16_hard_t_le_eabi.a
LOAD C:/SEGGER/arm_segger_embedded_studio_v414_win_x64_nordic/lib/libdebugio_v7em_fpv4_sp_d16_hard_t_le_eabi.a
LOAD C:/SEGGER/arm_segger_embedded_studio_v414_win_x64_nordic/lib/libvfprintf_v7em_fpv4_sp_d16_hard_t_le_eabi.o
LOAD C:/SEGGER/arm_segger_embedded_studio_v414_win_x64_nordic/lib/libvfscanf_v7em_fpv4_sp_d16_hard_t_le_eabi.o
END GROUP
OUTPUT(Output/Release/Exe/spis_pca10056.elf elf32-littlearm)

.ARM.attributes
                0x0000000000000000       0x35
 .ARM.attributes
                0x0000000000000000       0x25 Output/spis_pca10056 Release/Obj/thumb_crt0.o
 .ARM.attributes
                0x0000000000000025       0x39 Output/spis_pca10056 Release/Obj/nrf_log_backend_serial.o
 .ARM.attributes
                0x000000000000005e       0x39 Output/spis_pca10056 Release/Obj/nrf_log_backend_uart.o
 .ARM.attributes
                0x0000000000000097       0x39 Output/spis_pca10056 Release/Obj/nrf_log_default_backends.o
 .ARM.attributes
                0x00000000000000d0       0x39 Output/spis_pca10056 Release/Obj/nrf_log_frontend.o
 .ARM.attributes
                0x0000000000000109       0x39 Output/spis_pca10056 Release/Obj/nrf_log_str_formatter.o
 .ARM.attributes
                0x0000000000000142       0x39 Output/spis_pca10056 Release/Obj/boards.o
 .ARM.attributes
                0x000000000000017b       0x39 Output/spis_pca10056 Release/Obj/app_error.o
 .ARM.attributes
                0x00000000000001b4       0x39 Output/spis_pca10056 Release/Obj/app_error_weak.o
 .ARM.attributes
                0x00000000000001ed       0x39 Output/spis_pca10056 Release/Obj/app_timer.o
 .ARM.attributes
                0x0000000000000226       0x39 Output/spis_pca10056 Release/Obj/app_util_platform.o
 .ARM.attributes
                0x000000000000025f       0x39 Output/spis_pca10056 Release/Obj/nrf_atomic.o
 .ARM.attributes
                0x0000000000000298       0x39 Output/spis_pca10056 Release/Obj/nrf_balloc.o
 .ARM.attributes
                0x00000000000002d1       0x39 Output/spis_pca10056 Release/Obj/nrf_fprintf.o
 .ARM.attributes
                0x000000000000030a       0x39 Output/spis_pca10056 Release/Obj/nrf_fprintf_format.o
 .ARM.attributes
                0x0000000000000343       0x39 Output/spis_pca10056 Release/Obj/nrf_memobj.o
 .ARM.attributes
                0x000000000000037c       0x39 Output/spis_pca10056 Release/Obj/nrf_ringbuf.o
 .ARM.attributes
                0x00000000000003b5       0x39 Output/spis_pca10056 Release/Obj/nrf_drv_spis.o
 .ARM.attributes
                0x00000000000003ee       0x39 Output/spis_pca10056 Release/Obj/nrf_drv_uart.o
 .ARM.attributes
                0x0000000000000427       0x39 Output/spis_pca10056 Release/Obj/nrfx_gpiote.o
 .ARM.attributes
                0x0000000000000460       0x39 Output/spis_pca10056 Release/Obj/nrfx_prs.o
 .ARM.attributes
                0x0000000000000499       0x39 Output/spis_pca10056 Release/Obj/nrfx_spis.o
 .ARM.attributes
                0x00000000000004d2       0x39 Output/spis_pca10056 Release/Obj/nrfx_uart.o
 .ARM.attributes
                0x000000000000050b       0x39 Output/spis_pca10056 Release/Obj/nrfx_uarte.o
 .ARM.attributes
                0x0000000000000544       0x39 Output/spis_pca10056 Release/Obj/main.o
 .ARM.attributes
                0x000000000000057d       0x25 Output/spis_pca10056 Release/Obj/ses_startup_nrf52840.o
 .ARM.attributes
                0x00000000000005a2       0x25 Output/spis_pca10056 Release/Obj/ses_startup_nrf_common.o
 .ARM.attributes
                0x00000000000005c7       0x39 Output/spis_pca10056 Release/Obj/system_nrf52840.o
 .ARM.attributes
                0x0000000000000600       0x34 C:/SEGGER/arm_segger_embedded_studio_v414_win_x64_nordic/lib/libc_v7em_fpv4_sp_d16_hard_t_le_eabi.a(libc2.o)
 .ARM.attributes
                0x0000000000000634       0x20 C:/SEGGER/arm_segger_embedded_studio_v414_win_x64_nordic/lib/libc_v7em_fpv4_sp_d16_hard_t_le_eabi.a(libc2_asm.o)

.comment        0x0000000000000000       0x4c
 .comment       0x0000000000000000       0x4c Output/spis_pca10056 Release/Obj/nrf_log_backend_serial.o
                                         0x4d (size before relaxing)
 .comment       0x000000000000004c       0x4d Output/spis_pca10056 Release/Obj/nrf_log_backend_uart.o
 .comment       0x000000000000004c       0x4d Output/spis_pca10056 Release/Obj/nrf_log_default_backends.o
 .comment       0x000000000000004c       0x4d Output/spis_pca10056 Release/Obj/nrf_log_frontend.o
 .comment       0x000000000000004c       0x4d Output/spis_pca10056 Release/Obj/nrf_log_str_formatter.o
 .comment       0x000000000000004c       0x4d Output/spis_pca10056 Release/Obj/boards.o
 .comment       0x000000000000004c       0x4d Output/spis_pca10056 Release/Obj/app_error.o
 .comment       0x000000000000004c       0x4d Output/spis_pca10056 Release/Obj/app_error_weak.o
 .comment       0x000000000000004c       0x4d Output/spis_pca10056 Release/Obj/app_timer.o
 .comment       0x000000000000004c       0x4d Output/spis_pca10056 Release/Obj/app_util_platform.o
 .comment       0x000000000000004c       0x4d Output/spis_pca10056 Release/Obj/nrf_atomic.o
 .comment       0x000000000000004c       0x4d Output/spis_pca10056 Release/Obj/nrf_balloc.o
 .comment       0x000000000000004c       0x4d Output/spis_pca10056 Release/Obj/nrf_fprintf.o
 .comment       0x000000000000004c       0x4d Output/spis_pca10056 Release/Obj/nrf_fprintf_format.o
 .comment       0x000000000000004c       0x4d Output/spis_pca10056 Release/Obj/nrf_memobj.o
 .comment       0x000000000000004c       0x4d Output/spis_pca10056 Release/Obj/nrf_ringbuf.o
 .comment       0x000000000000004c       0x4d Output/spis_pca10056 Release/Obj/nrf_drv_spis.o
 .comment       0x000000000000004c       0x4d Output/spis_pca10056 Release/Obj/nrf_drv_uart.o
 .comment       0x000000000000004c       0x4d Output/spis_pca10056 Release/Obj/nrfx_gpiote.o
 .comment       0x000000000000004c       0x4d Output/spis_pca10056 Release/Obj/nrfx_prs.o
 .comment       0x000000000000004c       0x4d Output/spis_pca10056 Release/Obj/nrfx_spis.o
 .comment       0x000000000000004c       0x4d Output/spis_pca10056 Release/Obj/nrfx_uart.o
 .comment       0x000000000000004c       0x4d Output/spis_pca10056 Release/Obj/nrfx_uarte.o
 .comment       0x000000000000004c       0x4d Output/spis_pca10056 Release/Obj/main.o
 .comment       0x000000000000004c       0x4d Output/spis_pca10056 Release/Obj/system_nrf52840.o
 .comment       0x000000000000004c       0x4d C:/SEGGER/arm_segger_embedded_studio_v414_win_x64_nordic/lib/libc_v7em_fpv4_sp_d16_hard_t_le_eabi.a(libc2.o)

.debug_line     0x0000000000000000     0xadc3
 .debug_line    0x0000000000000000      0x1e9 Output/spis_pca10056 Release/Obj/thumb_crt0.o
 .debug_line    0x00000000000001e9      0x612 Output/spis_pca10056 Release/Obj/nrf_log_backend_serial.o
 .debug_line    0x00000000000007fb      0x85a Output/spis_pca10056 Release/Obj/nrf_log_backend_uart.o
 .debug_line    0x0000000000001055      0x5a2 Output/spis_pca10056 Release/Obj/nrf_log_default_backends.o
 .debug_line    0x00000000000015f7      0xa1a Output/spis_pca10056 Release/Obj/nrf_log_frontend.o
 .debug_line    0x0000000000002011      0x65c Output/spis_pca10056 Release/Obj/nrf_log_str_formatter.o
 .debug_line    0x000000000000266d      0x681 Output/spis_pca10056 Release/Obj/boards.o
 .debug_line    0x0000000000002cee      0x30e Output/spis_pca10056 Release/Obj/app_error.o
 .debug_line    0x0000000000002ffc      0x633 Output/spis_pca10056 Release/Obj/app_error_weak.o
 .debug_line    0x000000000000362f      0x921 Output/spis_pca10056 Release/Obj/app_timer.o
 .debug_line    0x0000000000003f50      0x396 Output/spis_pca10056 Release/Obj/app_util_platform.o
 .debug_line    0x00000000000042e6      0x4e5 Output/spis_pca10056 Release/Obj/nrf_atomic.o
 .debug_line    0x00000000000047cb      0x539 Output/spis_pca10056 Release/Obj/nrf_balloc.o
 .debug_line    0x0000000000004d04      0x39c Output/spis_pca10056 Release/Obj/nrf_fprintf.o
 .debug_line    0x00000000000050a0      0x4e0 Output/spis_pca10056 Release/Obj/nrf_fprintf_format.o
 .debug_line    0x0000000000005580      0x5e0 Output/spis_pca10056 Release/Obj/nrf_memobj.o
 .debug_line    0x0000000000005b60      0x4d8 Output/spis_pca10056 Release/Obj/nrf_ringbuf.o
 .debug_line    0x0000000000006038      0x58a Output/spis_pca10056 Release/Obj/nrf_drv_spis.o
 .debug_line    0x00000000000065c2      0x5d3 Output/spis_pca10056 Release/Obj/nrf_drv_uart.o
 .debug_line    0x0000000000006b95      0xdb6 Output/spis_pca10056 Release/Obj/nrfx_gpiote.o
 .debug_line    0x000000000000794b      0x6b7 Output/spis_pca10056 Release/Obj/nrfx_prs.o
 .debug_line    0x0000000000008002      0x9cf Output/spis_pca10056 Release/Obj/nrfx_spis.o
 .debug_line    0x00000000000089d1      0xc48 Output/spis_pca10056 Release/Obj/nrfx_uart.o
 .debug_line    0x0000000000009619      0xb46 Output/spis_pca10056 Release/Obj/nrfx_uarte.o
 .debug_line    0x000000000000a15f      0x867 Output/spis_pca10056 Release/Obj/main.o
 .debug_line    0x000000000000a9c6       0xa3 Output/spis_pca10056 Release/Obj/ses_startup_nrf52840.o
 .debug_line    0x000000000000aa69       0xc4 Output/spis_pca10056 Release/Obj/ses_startup_nrf_common.o
 .debug_line    0x000000000000ab2d      0x296 Output/spis_pca10056 Release/Obj/system_nrf52840.o

.debug_info     0x0000000000000000    0x20659
 .debug_info    0x0000000000000000       0x22 Output/spis_pca10056 Release/Obj/thumb_crt0.o
 .debug_info    0x0000000000000022      0xdad Output/spis_pca10056 Release/Obj/nrf_log_backend_serial.o
 .debug_info    0x0000000000000dcf     0x1733 Output/spis_pca10056 Release/Obj/nrf_log_backend_uart.o
 .debug_info    0x0000000000002502      0x980 Output/spis_pca10056 Release/Obj/nrf_log_default_backends.o
 .debug_info    0x0000000000002e82     0x2509 Output/spis_pca10056 Release/Obj/nrf_log_frontend.o
 .debug_info    0x000000000000538b      0xf17 Output/spis_pca10056 Release/Obj/nrf_log_str_formatter.o
 .debug_info    0x00000000000062a2     0x10e8 Output/spis_pca10056 Release/Obj/boards.o
 .debug_info    0x000000000000738a      0x7e8 Output/spis_pca10056 Release/Obj/app_error.o
 .debug_info    0x0000000000007b72      0xbd2 Output/spis_pca10056 Release/Obj/app_error_weak.o
 .debug_info    0x0000000000008744     0x1d9a Output/spis_pca10056 Release/Obj/app_timer.o
 .debug_info    0x000000000000a4de      0xc93 Output/spis_pca10056 Release/Obj/app_util_platform.o
 .debug_info    0x000000000000b171      0xd9e Output/spis_pca10056 Release/Obj/nrf_atomic.o
 .debug_info    0x000000000000bf0f      0xa0f Output/spis_pca10056 Release/Obj/nrf_balloc.o
 .debug_info    0x000000000000c91e      0x772 Output/spis_pca10056 Release/Obj/nrf_fprintf.o
 .debug_info    0x000000000000d090      0xb91 Output/spis_pca10056 Release/Obj/nrf_fprintf_format.o
 .debug_info    0x000000000000dc21      0xe67 Output/spis_pca10056 Release/Obj/nrf_memobj.o
 .debug_info    0x000000000000ea88      0xaf5 Output/spis_pca10056 Release/Obj/nrf_ringbuf.o
 .debug_info    0x000000000000f57d      0xd50 Output/spis_pca10056 Release/Obj/nrf_drv_spis.o
 .debug_info    0x00000000000102cd     0x1626 Output/spis_pca10056 Release/Obj/nrf_drv_uart.o
 .debug_info    0x00000000000118f3     0x331a Output/spis_pca10056 Release/Obj/nrfx_gpiote.o
 .debug_info    0x0000000000014c0d      0xd77 Output/spis_pca10056 Release/Obj/nrfx_prs.o
 .debug_info    0x0000000000015984     0x23c7 Output/spis_pca10056 Release/Obj/nrfx_spis.o
 .debug_info    0x0000000000017d4b     0x309a Output/spis_pca10056 Release/Obj/nrfx_uart.o
 .debug_info    0x000000000001ade5     0x2fb2 Output/spis_pca10056 Release/Obj/nrfx_uarte.o
 .debug_info    0x000000000001dd97     0x14d6 Output/spis_pca10056 Release/Obj/main.o
 .debug_info    0x000000000001f26d       0x26 Output/spis_pca10056 Release/Obj/ses_startup_nrf52840.o
 .debug_info    0x000000000001f293       0x26 Output/spis_pca10056 Release/Obj/ses_startup_nrf_common.o
 .debug_info    0x000000000001f2b9     0x13a0 Output/spis_pca10056 Release/Obj/system_nrf52840.o

.debug_abbrev   0x0000000000000000     0x4931
 .debug_abbrev  0x0000000000000000       0x12 Output/spis_pca10056 Release/Obj/thumb_crt0.o
 .debug_abbrev  0x0000000000000012      0x237 Output/spis_pca10056 Release/Obj/nrf_log_backend_serial.o
 .debug_abbrev  0x0000000000000249      0x33e Output/spis_pca10056 Release/Obj/nrf_log_backend_uart.o
 .debug_abbrev  0x0000000000000587      0x1da Output/spis_pca10056 Release/Obj/nrf_log_default_backends.o
 .debug_abbrev  0x0000000000000761      0x549 Output/spis_pca10056 Release/Obj/nrf_log_frontend.o
 .debug_abbrev  0x0000000000000caa      0x264 Output/spis_pca10056 Release/Obj/nrf_log_str_formatter.o
 .debug_abbrev  0x0000000000000f0e      0x2fc Output/spis_pca10056 Release/Obj/boards.o
 .debug_abbrev  0x000000000000120a      0x1a9 Output/spis_pca10056 Release/Obj/app_error.o
 .debug_abbrev  0x00000000000013b3      0x229 Output/spis_pca10056 Release/Obj/app_error_weak.o
 .debug_abbrev  0x00000000000015dc      0x4cf Output/spis_pca10056 Release/Obj/app_timer.o
 .debug_abbrev  0x0000000000001aab      0x273 Output/spis_pca10056 Release/Obj/app_util_platform.o
 .debug_abbrev  0x0000000000001d1e      0x220 Output/spis_pca10056 Release/Obj/nrf_atomic.o
 .debug_abbrev  0x0000000000001f3e      0x25d Output/spis_pca10056 Release/Obj/nrf_balloc.o
 .debug_abbrev  0x000000000000219b      0x1ae Output/spis_pca10056 Release/Obj/nrf_fprintf.o
 .debug_abbrev  0x0000000000002349      0x2da Output/spis_pca10056 Release/Obj/nrf_fprintf_format.o
 .debug_abbrev  0x0000000000002623      0x247 Output/spis_pca10056 Release/Obj/nrf_memobj.o
 .debug_abbrev  0x000000000000286a      0x1bf Output/spis_pca10056 Release/Obj/nrf_ringbuf.o
 .debug_abbrev  0x0000000000002a29      0x207 Output/spis_pca10056 Release/Obj/nrf_drv_spis.o
 .debug_abbrev  0x0000000000002c30      0x23e Output/spis_pca10056 Release/Obj/nrf_drv_uart.o
 .debug_abbrev  0x0000000000002e6e      0x526 Output/spis_pca10056 Release/Obj/nrfx_gpiote.o
 .debug_abbrev  0x0000000000003394      0x2a3 Output/spis_pca10056 Release/Obj/nrfx_prs.o
 .debug_abbrev  0x0000000000003637      0x42c Output/spis_pca10056 Release/Obj/nrfx_spis.o
 .debug_abbrev  0x0000000000003a63      0x51d Output/spis_pca10056 Release/Obj/nrfx_uart.o
 .debug_abbrev  0x0000000000003f80      0x4cf Output/spis_pca10056 Release/Obj/nrfx_uarte.o
 .debug_abbrev  0x000000000000444f      0x298 Output/spis_pca10056 Release/Obj/main.o
 .debug_abbrev  0x00000000000046e7       0x14 Output/spis_pca10056 Release/Obj/ses_startup_nrf52840.o
 .debug_abbrev  0x00000000000046fb       0x14 Output/spis_pca10056 Release/Obj/ses_startup_nrf_common.o
 .debug_abbrev  0x000000000000470f      0x222 Output/spis_pca10056 Release/Obj/system_nrf52840.o

.debug_aranges  0x0000000000000000      0x918
 .debug_aranges
                0x0000000000000000       0x80 Output/spis_pca10056 Release/Obj/thumb_crt0.o
 .debug_aranges
                0x0000000000000080       0x20 Output/spis_pca10056 Release/Obj/nrf_log_backend_serial.o
 .debug_aranges
                0x00000000000000a0       0x50 Output/spis_pca10056 Release/Obj/nrf_log_backend_uart.o
 .debug_aranges
                0x00000000000000f0       0x20 Output/spis_pca10056 Release/Obj/nrf_log_default_backends.o
 .debug_aranges
                0x0000000000000110       0xd0 Output/spis_pca10056 Release/Obj/nrf_log_frontend.o
 .debug_aranges
                0x00000000000001e0       0x40 Output/spis_pca10056 Release/Obj/nrf_log_str_formatter.o
 .debug_aranges
                0x0000000000000220       0x78 Output/spis_pca10056 Release/Obj/boards.o
 .debug_aranges
                0x0000000000000298       0x28 Output/spis_pca10056 Release/Obj/app_error.o
 .debug_aranges
                0x00000000000002c0       0x20 Output/spis_pca10056 Release/Obj/app_error_weak.o
 .debug_aranges
                0x00000000000002e0       0x90 Output/spis_pca10056 Release/Obj/app_timer.o
 .debug_aranges
                0x0000000000000370       0x48 Output/spis_pca10056 Release/Obj/app_util_platform.o
 .debug_aranges
                0x00000000000003b8       0xb0 Output/spis_pca10056 Release/Obj/nrf_atomic.o
 .debug_aranges
                0x0000000000000468       0x30 Output/spis_pca10056 Release/Obj/nrf_balloc.o
 .debug_aranges
                0x0000000000000498       0x28 Output/spis_pca10056 Release/Obj/nrf_fprintf.o
 .debug_aranges
                0x00000000000004c0       0x30 Output/spis_pca10056 Release/Obj/nrf_fprintf_format.o
 .debug_aranges
                0x00000000000004f0       0x58 Output/spis_pca10056 Release/Obj/nrf_memobj.o
 .debug_aranges
                0x0000000000000548       0x50 Output/spis_pca10056 Release/Obj/nrf_ringbuf.o
 .debug_aranges
                0x0000000000000598       0x28 Output/spis_pca10056 Release/Obj/nrf_drv_spis.o
 .debug_aranges
                0x00000000000005c0       0x30 Output/spis_pca10056 Release/Obj/nrf_drv_uart.o
 .debug_aranges
                0x00000000000005f0       0xf8 Output/spis_pca10056 Release/Obj/nrfx_gpiote.o
 .debug_aranges
                0x00000000000006e8       0x30 Output/spis_pca10056 Release/Obj/nrfx_prs.o
 .debug_aranges
                0x0000000000000718       0x40 Output/spis_pca10056 Release/Obj/nrfx_spis.o
 .debug_aranges
                0x0000000000000758       0xa8 Output/spis_pca10056 Release/Obj/nrfx_uart.o
 .debug_aranges
                0x0000000000000800       0x80 Output/spis_pca10056 Release/Obj/nrfx_uarte.o
 .debug_aranges
                0x0000000000000880       0x28 Output/spis_pca10056 Release/Obj/main.o
 .debug_aranges
                0x00000000000008a8       0x20 Output/spis_pca10056 Release/Obj/ses_startup_nrf52840.o
 .debug_aranges
                0x00000000000008c8       0x20 Output/spis_pca10056 Release/Obj/ses_startup_nrf_common.o
 .debug_aranges
                0x00000000000008e8       0x30 Output/spis_pca10056 Release/Obj/system_nrf52840.o

.debug_str      0x0000000000000000    0x8985f
 .debug_str     0x0000000000000000       0xc5 Output/spis_pca10056 Release/Obj/thumb_crt0.o
 .debug_str     0x00000000000000c5    0x7bbb6 Output/spis_pca10056 Release/Obj/nrf_log_backend_serial.o
                                      0x7cdc8 (size before relaxing)
 .debug_str     0x000000000007bc7b     0x4103 Output/spis_pca10056 Release/Obj/nrf_log_backend_uart.o
                                      0x80973 (size before relaxing)
 .debug_str     0x000000000007fd7e      0x148 Output/spis_pca10056 Release/Obj/nrf_log_default_backends.o
                                      0x7cb84 (size before relaxing)
 .debug_str     0x000000000007fec6     0x1392 Output/spis_pca10056 Release/Obj/nrf_log_frontend.o
                                      0x7e02a (size before relaxing)
 .debug_str     0x0000000000081258      0x2ea Output/spis_pca10056 Release/Obj/nrf_log_str_formatter.o
                                      0x7ceff (size before relaxing)
 .debug_str     0x0000000000081542     0x17c0 Output/spis_pca10056 Release/Obj/boards.o
                                      0x7d567 (size before relaxing)
 .debug_str     0x0000000000082d02      0x120 Output/spis_pca10056 Release/Obj/app_error.o
                                      0x6ebc3 (size before relaxing)
 .debug_str     0x0000000000082e22      0x105 Output/spis_pca10056 Release/Obj/app_error_weak.o
                                      0x7d24d (size before relaxing)
 .debug_str     0x0000000000082f27      0xe72 Output/spis_pca10056 Release/Obj/app_timer.o
                                      0x7d316 (size before relaxing)
 .debug_str     0x0000000000083d99      0x1df Output/spis_pca10056 Release/Obj/app_util_platform.o
                                      0x6f3fa (size before relaxing)
 .debug_str     0x0000000000083f78      0x6e5 Output/spis_pca10056 Release/Obj/nrf_atomic.o
                                      0x7928f (size before relaxing)
 .debug_str     0x000000000008465d      0x190 Output/spis_pca10056 Release/Obj/nrf_balloc.o
                                      0x7cba9 (size before relaxing)
 .debug_str     0x00000000000847ed      0x12e Output/spis_pca10056 Release/Obj/nrf_fprintf.o
                                      0x78e29 (size before relaxing)
 .debug_str     0x000000000008491b      0x149 Output/spis_pca10056 Release/Obj/nrf_fprintf_format.o
                                      0x78f1e (size before relaxing)
 .debug_str     0x0000000000084a64      0x1d1 Output/spis_pca10056 Release/Obj/nrf_memobj.o
                                      0x7af3f (size before relaxing)
 .debug_str     0x0000000000084c35      0x108 Output/spis_pca10056 Release/Obj/nrf_ringbuf.o
                                      0x79665 (size before relaxing)
 .debug_str     0x0000000000084d3d      0x88e Output/spis_pca10056 Release/Obj/nrf_drv_spis.o
                                      0x7c983 (size before relaxing)
 .debug_str     0x00000000000855cb      0x488 Output/spis_pca10056 Release/Obj/nrf_drv_uart.o
                                      0x7d1d0 (size before relaxing)
 .debug_str     0x0000000000085a53     0x1c0d Output/spis_pca10056 Release/Obj/nrfx_gpiote.o
                                      0x80f95 (size before relaxing)
 .debug_str     0x0000000000087660      0x372 Output/spis_pca10056 Release/Obj/nrfx_prs.o
                                      0x7f3f6 (size before relaxing)
 .debug_str     0x00000000000879d2      0x79d Output/spis_pca10056 Release/Obj/nrfx_spis.o
                                      0x804d1 (size before relaxing)
 .debug_str     0x000000000008816f      0x68c Output/spis_pca10056 Release/Obj/nrfx_uart.o
                                      0x805ee (size before relaxing)
 .debug_str     0x00000000000887fb      0x8d5 Output/spis_pca10056 Release/Obj/nrfx_uarte.o
                                      0x809ec (size before relaxing)
 .debug_str     0x00000000000890d0      0x1e0 Output/spis_pca10056 Release/Obj/main.o
                                      0x820d1 (size before relaxing)
 .debug_str     0x00000000000892b0       0x66 Output/spis_pca10056 Release/Obj/ses_startup_nrf52840.o
                                         0xde (size before relaxing)
 .debug_str     0x0000000000089316       0x68 Output/spis_pca10056 Release/Obj/ses_startup_nrf_common.o
                                         0xe0 (size before relaxing)
 .debug_str     0x000000000008937e      0x4e1 Output/spis_pca10056 Release/Obj/system_nrf52840.o
                                      0x6d6e4 (size before relaxing)

.debug_ranges   0x0000000000000000     0x1538
 .debug_ranges  0x0000000000000000       0x78 Output/spis_pca10056 Release/Obj/thumb_crt0.o
 .debug_ranges  0x0000000000000078       0x28 Output/spis_pca10056 Release/Obj/nrf_log_backend_serial.o
 .debug_ranges  0x00000000000000a0       0x78 Output/spis_pca10056 Release/Obj/nrf_log_backend_uart.o